  4013F0      8CD Code                ABBREAK_TEXT
  401CC0     553C Code                ABBROWSE_TEXT
  4071FC      627 Code                ABDROPS_TEXT
  407824      F6B Code                ABEIP_TEXT
  408790     1A1C Code                ABERROR_TEXT
  40A1AC     578B Code                ABFILE_TEXT
  40F938     1F1C Code                ABPOPUP_TEXT
  411854     569D Code                ABQUERY_TEXT
  416EF4     4BFF Code                ABREPORT_TEXT
  41BAF4     1A81 Code                ABRESIZE_TEXT
  41D578       37 Code                ABRPATMG_TEXT
  41D5B0      9B8 Code                ABRPPSEL_TEXT
  41DF68      901 Code                ABTOOLBA_TEXT
  41E86C     2FC1 Code                ABUTIL_TEXT
  421830     1B26 Code                ABWINDOW_TEXT
  423358     4F62 Code                ABWMFPAR_TEXT
  4282BC       5C Code                CWSYNCHC_TEXT
  428318      484 Code                CWUTIL_TEXT
  42879C       41 Code                IEXE32_TEXT
  4287E0      79A Code                INIT_TEXT
  428F7C       37 Code                INST00_TEXT
  428FB4     6A45 Code                INVOI001_TEXT
  42F9FC     4D2B Code                INVOI002_TEXT
  434728     37D4 Code                INVOI003_TEXT
  437EFC     189C Code                INVOIBC0_TEXT
  439798       13 Code                INVOIBC_TEXT
  4397AC      15A Code                INVOICE_TEXT
  43A000       70 Initialized Data    ABBREAK_CONST
  43A070      159 Initialized Data    ABBROWSE_CONST
  43A1CC      DB0 Initialized Data    ABBROWSE_DATA
  43AF7C        9 Initialized Data    ABDROPS_CONST
  43AF88      1D4 Initialized Data    ABDROPS_DATA
  43B15C       2A Initialized Data    ABEIP_CONST
  43B188       AC Initialized Data    ABEIP_DATA
  43B234      1B4 Initialized Data    ABERROR_CONST
  43B3E8     197C Initialized Data    ABERROR_DATA
  43CD64      101 Initialized Data    ABFILE_CONST
  43CE68      50B Initialized Data    ABFILE_DATA
  43D374       80 Initialized Data    ABPOPUP_CONST
  43D3F4      120 Initialized Data    ABPOPUP_DATA
  43D514      2E0 Initialized Data    ABQUERY_CONST
  43D7F4      410 Initialized Data    ABQUERY_DATA
  43DC04      1AA Initialized Data    ABREPORT_CONST
  43DDB0      820 Initialized Data    ABREPORT_DATA
  43E5D0       10 Initialized Data    ABRESIZE_CONST
  43E5E0      268 Initialized Data    ABRESIZE_DATA
  43E848       44 Initialized Data    ABRPATMG_DATA
  43E88C       75 Initialized Data    ABRPPSEL_CONST
  43E904       A3 Initialized Data    ABRPPSEL_DATA
  43E9A8      42C Initialized Data    ABTOOLBA_DATA
  43EDD4      176 Initialized Data    ABUTIL_CONST
  43EF4C      2D1 Initialized Data    ABUTIL_DATA
  43F220        C Initialized Data    ABWINDOW_CONST
  43F22C       9B Initialized Data    ABWINDOW_DATA
  43F2C8      1B8 Initialized Data    ABWMFPAR_CONST
  43F480      DD7 Initialized Data    ABWMFPAR_DATA
  440258       24 Initialized Data    CWSYNCHC_DATA
  44027C        E Initialized Data    CWUTIL_CONST
  44028C       36 Initialized Data    CWUTIL_DATA
  4402C4       3C Initialized Data    IEXE32_DATA
  440300      509 Initialized Data    INVOI001_CONST
  44080C     234C Initialized Data    INVOI001_DATA
  442B58      421 Initialized Data    INVOI002_CONST
  442F7C     3204 Initialized Data    INVOI002_DATA
  446180      3C1 Initialized Data    INVOI003_CONST
  446544     2264 Initialized Data    INVOI003_DATA
  4487A8      26C Initialized Data    INVOIBC0_CONST
  448A14     1490 Initialized Data    INVOIBC0_DATA
  449EA4      175 Initialized Data    INVOICE_CONST
  44A01C      61C Initialized Data    INVOICE_DATA
  44A638        0 Initialized Data    __CPPINI_CONS
  44A638      2BC Initialized Data    __CPPINI_CONST
  44A8F4        4 Initialized Data    __CPPINI_END
  44A8F8        0 Initialized Data    __INIVMT_CONS
  44A8F8      300 Initialized Data    __INIVMT_CONST
  44ABF8        0 Initialized Data    __INIVMT_CONST_END
  44AC00       40 Un-initialized Data ABEIP_BSS
  44AC40        4 Un-initialized Data ABERROR_BSS
  44AC44        0 Un-initialized Data ABFILE_BSS
  44AC44      104 Un-initialized Data ABUTIL_BSS
  44AD48        0 Un-initialized Data ABWMFPAR_BSS
  44AD48        0 Un-initialized Data CWUTIL_BSS
  44AD48      154 Un-initialized Data INVOICE_BSS
  44B000        8 __T_L_S__DAT
  44B008      799 __T_L_S__DATA
  44B7A4        0 __T_L_S__DATA_END
  44B7B0        0 __T_L_S__BS
  44B7B0    12FE4 __T_L_S__BSS
  45E794        0 __T_L_S__BSS_END

  4013F0 EVALUATELEVEL@F17LEVELMANAGERCLASSs
  40147C RESTORERESETBUFFER@F17LEVELMANAGERCLASSs
  4014F4 SAVERESETBUFFER@F17LEVELMANAGERCLASSs
  40158C RESTOREBUFFEROFF@F17LEVELMANAGERCLASS
  4015E0 RESTOREBUFFERON@F17LEVELMANAGERCLASS
  40164C SAVEBUFFER@F17LEVELMANAGERCLASS
  4016A0 REFRESHFIELDS@F17LEVELMANAGERCLASSs
  4017D8 RESETTOTALS@F17LEVELMANAGERCLASSs
  401890 ASKLEVELOFF@F17LEVELMANAGERCLASSs
  401958 ASKLEVELON@F17LEVELMANAGERCLASSs
  4019C4 ASKLEVEL@F17LEVELMANAGERCLASSUc
  401A84 RESET@F17LEVELMANAGERCLASS
  401C14 ASKBREAK@F17BREAKMANAGERCLASSUc
  401C6C RESET@F17BREAKMANAGERCLASS
  401CC0 KILL_@_WINDOWCOMPONENT_@_BROWSECLASS@F15WINDOWCOMPONENT
  401CD0 RESET_@_WINDOWCOMPONENT_@_BROWSECLASS@F15WINDOWCOMPONENTUc
  401CE4 RESETREQUIRED_@_WINDOWCOMPONENT_@_BROWSECLASS@F15WINDOWCOMPONENT
  401CF4 SETALERTS_@_WINDOWCOMPONENT_@_BROWSECLASS@F15WINDOWCOMPONENT
  401D08 TAKEEVENT_@_WINDOWCOMPONENT_@_BROWSECLASS@F15WINDOWCOMPONENT
  401D1C UPDATE_@_WINDOWCOMPONENT_@_BROWSECLASS@F15WINDOWCOMPONENT
  401D30 UPDATEWINDOW_@_WINDOWCOMPONENT_@_BROWSECLASS@F15WINDOWCOMPONENT
  401D44 UPDATEWINDOW@F11BROWSECLASS
  401F14 UPDATEVIEWRECORD@F11BROWSECLASS
  401FF8 UPDATETOOLBARBUTTONS@F11BROWSECLASS
  402080 UPDATETHUMBFIXED@F11BROWSECLASS
  4021C0 UPDATETHUMB@F11BROWSECLASS
  402460 UPDATERESETS@F11BROWSECLASS
  402474 UPDATEQUERY@F11BROWSECLASS10QUERYCLASSUc
  402750 UPDATEBUFFER@F11BROWSECLASS
  402788 TAKEVCRSCROLL@F11BROWSECLASSl
  402870 TAKESCROLL@F11BROWSECLASSl
  4028F4 TAKENEWSELECTION@F11BROWSECLASS
  402A78 TAKELOCATE@F11BROWSECLASS
  402D28 TAKEKEY@F11BROWSECLASS
  402F9C TAKEEVENT@F11BROWSECLASS
  4036EC TAKECHOICECHANGED@F11BROWSECLASS
  403744 TAKEACCEPTEDLOCATOR@F11BROWSECLASS
  403838 SETSORT@F11BROWSECLASSUcUc
  403974 SETQUEUERECORD@F11BROWSECLASS
  403994 SETALERTS@F11BROWSECLASS
  403E3C SCROLLPAGE@F11BROWSECLASSl
  403F7C SCROLLONE@F11BROWSECLASSl
  403FDC SCROLLEND@F11BROWSECLASSl
  404054 RESETTHUMBLIMITS@F11BROWSECLASS
  404144 RESETSORT@F11BROWSECLASSUc
  404168 RESETRESETS@F11BROWSECLASS
  404260 RESETQUEUE@F11BROWSECLASSUc
  40473C RESETFROMVIEW@F11BROWSECLASS
  404780 RESETFROMFILE@F11BROWSECLASS
  4047A4 RESETFROMBUFFER@F11BROWSECLASS
  404814 RESETFROMASK@F11BROWSECLASSRUcRUc
  4049A0 RECORDS@F11BROWSECLASS
  4049FC PREVIOUS@F11BROWSECLASS
  404A44 POSTNEWSELECTION@F11BROWSECLASS
  404A9C NOTIFYUPDATEERROR@F11BROWSECLASS
  404ABC NEXT@F11BROWSECLASS
  404B04 KILL@F11BROWSECLASS
  404CF8 INITSORT@F11BROWSECLASSUc
  404D4C INIT@F11BROWSECLASS12ILISTCONTROLBi11BROWSEQUEUE15RELATIONMANAGER13WINDOWMANAGER
  404E40 INIT@F11BROWSECLASSlRsbBiBq15RELATIONMANAGER13WINDOWMANAGER
  404EAC FETCH@F11BROWSECLASSUc
  405018 CHECKEIP@F11BROWSECLASS
  4050D8 ASKRECORD@F11BROWSECLASSUc
  4050EC ASK@F11BROWSECLASSUc
  4051BC APPLYRANGE@F11BROWSECLASS
  405228 ADDTOOLBARTARGET@F11BROWSECLASS12TOOLBARCLASS
  40527C ADDSORTORDER@F11BROWSECLASS9STEPCLASSBk
  4052F8 ADDLOCATOR@F11BROWSECLASS12LOCATORCLASS
  405314 ADDFIELD@F11BROWSECLASSRsbRsb
  405370 ADDFIELD@F11BROWSECLASSRlRl
  4053D0 ADDFIELD@F11BROWSECLASSRuRu
  405410 ADDEDITCONTROL@F11BROWSECLASS9EDITCLASSlUc
  405424 RECORDS_@_BROWSEQUEUE_@_STANDARDBEHAVIOR@F11BROWSEQUEUE
  405430 INSERT_@_BROWSEQUEUE_@_STANDARDBEHAVIOR@F11BROWSEQUEUE
  40543C INSERT_@_BROWSEQUEUE_@_STANDARDBEHAVIOR@F11BROWSEQUEUEl
  405448 FETCH_@_BROWSEQUEUE_@_STANDARDBEHAVIOR@F11BROWSEQUEUEl
  405454 UPDATE_@_BROWSEQUEUE_@_STANDARDBEHAVIOR@F11BROWSEQUEUE
  405460 DELETE_@_BROWSEQUEUE_@_STANDARDBEHAVIOR@F11BROWSEQUEUE
  40546C FREE_@_BROWSEQUEUE_@_STANDARDBEHAVIOR@F11BROWSEQUEUE
  405478 WHO_@_BROWSEQUEUE_@_STANDARDBEHAVIOR@F11BROWSEQUEUEl
  405488 GETVIEWPOSITION_@_BROWSEQUEUE_@_STANDARDBEHAVIOR@F11BROWSEQUEUE
  4054A0 SETVIEWPOSITION_@_BROWSEQUEUE_@_STANDARDBEHAVIOR@F11BROWSEQUEUEsb
  4054D8 CHOICE_@_ILISTCONTROL_@_STANDARDBEHAVIOR@F12ILISTCONTROL
  4054E4 GETCONTROL_@_ILISTCONTROL_@_STANDARDBEHAVIOR@F12ILISTCONTROL
  4054E8 GETITEMS_@_ILISTCONTROL_@_STANDARDBEHAVIOR@F12ILISTCONTROL
  40551C GETVISIBLE_@_ILISTCONTROL_@_STANDARDBEHAVIOR@F12ILISTCONTROL
  405550 SETCHOICE_@_ILISTCONTROL_@_STANDARDBEHAVIOR@F12ILISTCONTROLl
  4055A4 SETCONTROL_@_ILISTCONTROL_@_STANDARDBEHAVIOR@F12ILISTCONTROLl
  4055A8 INIT@F16STANDARDBEHAVIORBqRsbl
  4055C0 TAKENEWSELECTION@F16BROWSEEIPMANAGER
  405658 TAKECOMPLETED@F16BROWSEEIPMANAGERUc
  405844 KILL@F16BROWSEEIPMANAGER
  405878 INIT@F16BROWSEEIPMANAGER
  405C38 CLEARCOLUMN@F16BROWSEEIPMANAGER
  405C80 UPDATEWINDOW@F18FILTERLOCATORCLASS
  405F70 TAKEACCEPTED@F18FILTERLOCATORCLASS
  405FBC RESET@F18FILTERLOCATORCLASS
  405FC0 TAKEKEY@F23INCREMENTALLOCATORCLASS
  4060F4 SETALERTS@F23INCREMENTALLOCATORCLASSl
  406150 UPDATEWINDOW@F17ENTRYLOCATORCLASS
  406160 UPDATE@F17ENTRYLOCATORCLASS
  406254 TAKEACCEPTED@F17ENTRYLOCATORCLASS
  40630C SETSHADOW@F17ENTRYLOCATORCLASSsb
  406348 SET@F17ENTRYLOCATORCLASS
  4063B4 GETSHADOW@F17ENTRYLOCATORCLASS
  4063C4 INIT@F17ENTRYLOCATORCLASSlRuUc
  40645C TAKEKEY@F16STEPLOCATORCLASS
  406688 SET@F16STEPLOCATORCLASS
  40668C INIT@F16STEPLOCATORCLASSlRuUc
  4066B4 UPDATEWINDOW@F12LOCATORCLASS
  4066BC TAKEACCEPTED@F12LOCATORCLASS
  4066C0 SETSHADOW@F12LOCATORCLASSsb
  4066DC SETENABLED@F12LOCATORCLASSUc
  406720 SETALERTS@F12LOCATORCLASSl
  406724 SETLOCATORFIELD@F12LOCATORCLASSRu
  406778 SET@F12LOCATORCLASS
  4067A8 RESET@F12LOCATORCLASS
  4067AC INIT@F12LOCATORCLASSlRuUc11BROWSECLASS
  4067E0 INIT@F12LOCATORCLASSlRuUc
  4067FC GETSHADOW@F12LOCATORCLASS
  406818 DESTRUCT@F12LOCATORCLASS
  40682C UNHASH@F15STEPSTRINGCLASSl
  4068BC SETLIMITNEEDED@F15STEPSTRINGCLASS
  4068D0 SETLIMIT@F15STEPSTRINGCLASSuu
  406B68 KILL@F15STEPSTRINGCLASS
  406B94 INIT@F15STEPSTRINGCLASSUcUc
  406DE8 HASH@F15STEPSTRINGCLASSsb
  406EA0 GETVALUE@F15STEPSTRINGCLASSUc
  406EF8 GETPERCENTILE@F15STEPSTRINGCLASSu
  406FFC SETLIMIT@F13STEPLONGCLASSuu
  4070E8 GETVALUE@F13STEPLONGCLASSUc
  407148 GETPERCENTILE@F13STEPLONGCLASSu
  4071F0 SETLIMITNEEDED@F9STEPCLASS
  4071F4 KILL@F9STEPCLASS
  4071F8 INIT@F9STEPCLASSUc
  4071FC KILL_@_WINDOWCOMPONENT_@_FILEDROPCLASS@F15WINDOWCOMPONENT
  40720C RESET_@_WINDOWCOMPONENT_@_FILEDROPCLASS@F15WINDOWCOMPONENTUc
  407220 RESETREQUIRED_@_WINDOWCOMPONENT_@_FILEDROPCLASS@F15WINDOWCOMPONENT
  40722C SETALERTS_@_WINDOWCOMPONENT_@_FILEDROPCLASS@F15WINDOWCOMPONENT
  407230 TAKEEVENT_@_WINDOWCOMPONENT_@_FILEDROPCLASS@F15WINDOWCOMPONENT
  407264 UPDATE_@_WINDOWCOMPONENT_@_FILEDROPCLASS@F15WINDOWCOMPONENT
  407268 UPDATEWINDOW_@_WINDOWCOMPONENT_@_FILEDROPCLASS@F15WINDOWCOMPONENT
  40726C VALIDATERECORD@F13FILEDROPCLASS
  407274 TAKENEWSELECTION@F13FILEDROPCLASSl
  407320 TAKENEWSELECTION@F13FILEDROPCLASS
  407338 TAKEEVENT@F13FILEDROPCLASS
  407364 TAKEACCEPTED@F13FILEDROPCLASS
  407368 SETQUEUERECORD@F13FILEDROPCLASS
  40738C RESETQUEUE@F13FILEDROPCLASSUc
  407584 KILL@F13FILEDROPCLASS
  4075CC INIT@F13FILEDROPCLASSlRsbBiBq15RELATIONMANAGER13WINDOWMANAGER
  407774 BUFFERMATCHES@F13FILEDROPCLASS
  4077D0 ADDRECORD@F13FILEDROPCLASS
  4077E4 ADDFIELD@F13FILEDROPCLASSRuRu
  407824 TAKENEWSELECTION@F10EIPMANAGER
  407898 TAKEFOCUSLOSS@F10EIPMANAGER
  4078F4 TAKEFIELDEVENT@F10EIPMANAGER
  407A04 TAKEEVENT@F10EIPMANAGER
  407A94 TAKECOMPLETED@F10EIPMANAGERUc
  407ADC TAKEACTION@F10EIPMANAGERl
  407DC0 TAKEACCEPTALL@F10EIPMANAGER
  407EF8 RUN@F10EIPMANAGERUc
  407F90 RESETCOLUMN@F10EIPMANAGER
  408030 GETEDIT@F10EIPMANAGER
  40808C NEXT@F10EIPMANAGER
  408164 KILL@F10EIPMANAGER
  408290 INITCONTROLS@F10EIPMANAGER
  4083FC INIT@F10EIPMANAGER
  408464 CLEARCOLUMN@F10EIPMANAGER
  4084AC ADDCONTROL@F10EIPMANAGER9EDITCLASSlUc
  4084F0 CREATECONTROL@F14EDITENTRYCLASS
  408514 TAKEEVENT@F9EDITCLASSl
  40855C TAKEACCEPTED@F9EDITCLASSUc
  408574 SETREADONLY@F9EDITCLASSUc
  4085D0 SETALERTS@F9EDITCLASS
  4086D0 KILL@F9EDITCLASS
  408700 INIT@F9EDITCLASSllRu
  408790 SETID@F10ERRORCLASSUsl
  4087C8 REPLACE@FsbsbRsc
  4088E4 KILL_@_WINDOWCOMPONENT_@_HISTHANDLERCLASS@F15WINDOWCOMPONENT
  4088E8 RESET_@_WINDOWCOMPONENT_@_HISTHANDLERCLASS@F15WINDOWCOMPONENTUc
  4088EC RESETREQUIRED_@_WINDOWCOMPONENT_@_HISTHANDLERCLASS@F15WINDOWCOMPONENT
  4088F0 SETALERTS_@_WINDOWCOMPONENT_@_HISTHANDLERCLASS@F15WINDOWCOMPONENT
  4088F4 TAKEEVENT_@_WINDOWCOMPONENT_@_HISTHANDLERCLASS@F15WINDOWCOMPONENT
  408904 UPDATE_@_WINDOWCOMPONENT_@_HISTHANDLERCLASS@F15WINDOWCOMPONENT
  408908 UPDATEWINDOW_@_WINDOWCOMPONENT_@_HISTHANDLERCLASS@F15WINDOWCOMPONENT
  40891C VLBPROC@F16HISTHANDLERCLASSls
  4089C8 TAKEEVENT@F16HISTHANDLERCLASS
  408A90 INIT@F16HISTHANDLERCLASSBw10ERRORCLASS16ERRORHISTORYLIST
  408A9C _VLBPROC@F16HISTHANDLERCLASSls
  408AAC TAKEACCEPTED@F11MSGBOXCLASS
  408AE8 SETUPADDITIONALFEQS@F11MSGBOXCLASS
  408B70 KILL@F11MSGBOXCLASS
  408BB0 INIT@F11MSGBOXCLASS
  408E60 INIT@F11MSGBOXCLASSBw10ERRORCLASSOsbllll
  408EF8 FETCHSTDBUTTON@F11MSGBOXCLASSs
  408F2C VIEWHISTORY@F10ERRORCLASS
  408F58 THROWMESSAGE@F10ERRORCLASSssb
  408FAC THROW@F10ERRORCLASSs
  408FC0 TAKEUSER@F10ERRORCLASS
  409020 TAKEPROGRAM@F10ERRORCLASS
  409028 TAKEOTHER@F10ERRORCLASS
  409030 TAKENOTIFY@F10ERRORCLASS
  409080 TAKEFATAL@F10ERRORCLASS
  409120 TAKEERROR@F10ERRORCLASSs
  409184 TAKEBENIGN@F10ERRORCLASS
  409188 SUBSSTRING@F10ERRORCLASS
  409508 SETPROCEDURENAME@F10ERRORCLASSOsb
  40958C SETID@F10ERRORCLASSUs
  4095A8 SETKEY@F10ERRORCLASSsb
  4095F0 SETFILE@F10ERRORCLASSsb
  409638 SETFIELD@F10ERRORCLASSsb
  40967C SETERRORS@F10ERRORCLASS
  4096E0 SETERRORLOG@F10ERRORCLASS17ERRORLOGINTERFACE
  409754 SETCATEGORY@F10ERRORCLASSssa
  40977C RESETHISTORY@F10ERRORCLASS
  409788 MESSAGEBOX@F10ERRORCLASSUcsbOsbOsblll
  409820 MSG@F10ERRORCLASSsbOsbOsblll
  409B04 MESSAGE@F10ERRORCLASSsll
  409B6C KILL@F10ERRORCLASS
  409BF0 INIT@F10ERRORCLASS
  409CA0 HISTORYMSG@F10ERRORCLASSsblll
  409D84 GETPROCEDURENAME@F10ERRORCLASS
  409E34 GETCATEGORY@F10ERRORCLASSs
  409E94 ADDHISTORY@F10ERRORCLASS
  409EA4 ADDERRORS@F10ERRORCLASS10ERRORBLOCK
  409FE0 DESTRUCT@F10ERRORCLASS
  409FE8 CONSTRUCT@F10ERRORCLASS
  40A05C CLOSE_@_ERRORLOGINTERFACE_@_STANDARDERRORLOGCLASS@F17ERRORLOGINTERFACEUc
  40A068 OPEN_@_ERRORLOGINTERFACE_@_STANDARDERRORLOGCLASS@F17ERRORLOGINTERFACEUc
  40A074 TAKE_@_ERRORLOGINTERFACE_@_STANDARDERRORLOGCLASS@F17ERRORLOGINTERFACEsb
  40A0F4 CLOSE@F21STANDARDERRORLOGCLASSUc
  40A130 OPEN@F21STANDARDERRORLOGCLASSUc
  40A198 DESTRUCT@F21STANDARDERRORLOGCLASS
  40A1A4 CONSTRUCT@F21STANDARDERRORLOGCLASS
  40A1AC REMOVEFILEMAPPING@F12FILESMANAGER11FILEMANAGER
  40A1C8 REMOVEFILEMAPPING@F12FILESMANAGERl
  40A264 NOTEUSAGE@F12FILESMANAGER11FILEMANAGERUc
  40A330 NOTEOPEN@F12FILESMANAGER11FILEMANAGER
  40A374 NOTECLOSE@F12FILESMANAGER11FILEMANAGER
  40A404 GETFILEMAPPING@F12FILESMANAGERl
  40A43C GETFILEID@F12FILESMANAGERBf
  40A454 FINDRECORD@F12FILESMANAGER11FILEMANAGER
  40A528 ADDFILEMAPPING@F12FILESMANAGER11FILEMANAGER
  40A588 DESTRUCT@F12FILESMANAGER
  40A5B0 CONSTRUCT@F12FILESMANAGER
  40A5F0 VALIDATERECORD@F11VIEWMANAGER
  40A5F4 USEVIEW@F11VIEWMANAGER
  40A6A8 SETSORT@F11VIEWMANAGERUc
  40A6D4 SETORDER@F11VIEWMANAGERsb
  40A764 SETFREEELEMENT@F11VIEWMANAGER
  40A7E0 SETFILTER@F11VIEWMANAGERsbsb
  40A920 SETFILTER@F11VIEWMANAGERsb
  40A968 SAVEBUFFERS@F11VIEWMANAGER
  40AA40 RESTOREBUFFERS@F11VIEWMANAGER
  40AAA8 RESET@F11VIEWMANAGER
  40AAB4 RESET@F11VIEWMANAGERUc
  40AAFC PRIMERECORD@F11VIEWMANAGERUc
  40AC70 PREVIOUS@F11VIEWMANAGER
  40ACD4 OPEN@F11VIEWMANAGER
  40AD50 NEXT@F11VIEWMANAGER
  40ADB4 LIMITMAJORCOMPONENTS@F11VIEWMANAGERRu
  40AE70 KILL@F11VIEWMANAGER
  40AFB4 GETFIELDNAME@F11VIEWMANAGERRu
  40B17C GETFIELDASCENDING@F11VIEWMANAGERRu
  40B4C8 INIT@F11VIEWMANAGERBi15RELATIONMANAGER9SORTORDER
  40B520 GETFREEELEMENTPOSITION@F11VIEWMANAGER
  40B578 GETFREEELEMENTNAME@F11VIEWMANAGER
  40B5CC GETFREEELEMENTASCENDING@F11VIEWMANAGER
  40B624 CLOSE@F11VIEWMANAGERUc
  40B640 CLOSE@F11VIEWMANAGER
  40B64C APPLYRANGE@F11VIEWMANAGER
  40B818 APPLYORDER@F11VIEWMANAGER
  40B870 APPLYFILTER@F11VIEWMANAGER
  40BDD4 APPENDORDER@F11VIEWMANAGERsb
  40BEB4 ADDSORTORDER@F11VIEWMANAGERBk
  40BF80 ADDRANGE@F11VIEWMANAGERRu15RELATIONMANAGER15RELATIONMANAGER
  40BFA8 ADDRANGE@F11VIEWMANAGERRu
  40C008 DESTRUCT@F11VIEWMANAGER
  40C044 UPDATESECONDARY@F15RELATIONMANAGERBk18BUFFEREDPAIRSCLASSUc
  40C208 UPDATE@F15RELATIONMANAGERUc
  40C410 SETQUICKSCAN@F15RELATIONMANAGERUcUc
  40C508 SAVE@F15RELATIONMANAGER
  40C548 OPEN@F15RELATIONMANAGERUc
  40C554 OPENCLOSESERVER@F15RELATIONMANAGERUcUc
  40C610 LOGOUTUPDATE@F15RELATIONMANAGER
  40C678 LOGOUTPRIME@F15RELATIONMANAGER
  40C758 LOGOUTDELETE@F15RELATIONMANAGER
  40C7D0 LISTLINKINGFIELDS@F15RELATIONMANAGER15RELATIONMANAGER15FIELDPAIRSCLASSUc
  40C938 KILL@F15RELATIONMANAGER
  40C9A8 INIT@F15RELATIONMANAGER11FILEMANAGERUc
  40C9FC DELETESECONDARY@F15RELATIONMANAGERBk18BUFFEREDPAIRSCLASSUcUc
  40CCD8 DELETE@F15RELATIONMANAGERUc
  40CF10 CLOSE@F15RELATIONMANAGERUc
  40CF1C CASCADEUPDATES@F15RELATIONMANAGER
  40CFF0 CANCELAUTOINC@F15RELATIONMANAGER
  40D004 ADDRELATIONLINK@F15RELATIONMANAGERRsbRsb
  40D06C ADDRELATIONLINK@F15RELATIONMANAGERRlRl
  40D0D4 ADDRELATION@F15RELATIONMANAGER15RELATIONMANAGERUcUcBk
  40D134 ADDRELATION@F15RELATIONMANAGER15RELATIONMANAGER
  40D160 FUNCTIONCALLED_@_FILECALLBACKINTERFACE_@_FILEMANAGER@F21FILECALLBACKINTERFACEl6PARAMSRscRsc
  40D1FC FUNCTIONDONE_@_FILECALLBACKINTERFACE_@_FILEMANAGER@F21FILECALLBACKINTERFACEl6PARAMSRscRsc
  40D34C POSTUPDATE@F11FILEMANAGERRscRsc
  40D354 PREUPDATE@F11FILEMANAGERllRscRsc
  40D35C POSTINSERT@F11FILEMANAGERRscRsc
  40D364 PREINSERT@F11FILEMANAGERllRscRsc
  40D36C POSTDELETE@F11FILEMANAGERRscRsc
  40D374 PREDELETE@F11FILEMANAGERRscRsc
  40D37C FUNCTIONDONE@F11FILEMANAGERl6PARAMSRscRsc
  40D400 FUNCTIONCALLED@F11FILEMANAGERl6PARAMSRscRsc
  40D490 DELETED@F11FILEMANAGER
  40D494 DELETERECORD@F11FILEMANAGERUc
  40D4E8 VALIDATERECORD@F11FILEMANAGERPl
  40D58C VALIDATEFIELDS@F11FILEMANAGERllPl
  40D62C VALIDATEFIELDSERVER@F11FILEMANAGERlUc
  40D694 TRYVALIDATEFIELD@F11FILEMANAGERl
  40D6A4 VALIDATEFIELD@F11FILEMANAGERl
  40D6B4 USEFILE@F11FILEMANAGERUc
  40D750 UPDATESERVER@F11FILEMANAGERUc
  40D844 UPDATE@F11FILEMANAGER
  40D850 TRYUPDATE@F11FILEMANAGER
  40D85C TRYREGET@F11FILEMANAGERsb
  40D8FC TRYPRIMEAUTOINC@F11FILEMANAGER
  40D908 TRYPREVIOUS@F11FILEMANAGER
  40D918 TRYOPEN@F11FILEMANAGER
  40D928 TRYNEXT@F11FILEMANAGER
  40D938 TRYINSERT@F11FILEMANAGER
  40D944 TRYFETCH@F11FILEMANAGERBk
  40D97C THROWMESSAGE@F11FILEMANAGERUssb
  40D9D0 THROW@F11FILEMANAGER
  40D9F4 THROW@F11FILEMANAGERUs
  40DA0C SETKEY@F11FILEMANAGERBk
  40DA48 SETERRORS@F11FILEMANAGER10ERRORCLASS
  40DA4C SETERROR@F11FILEMANAGERUs
  40DA64 SAVEFILE@F11FILEMANAGER
  40DB64 SAVEBUFFER@F11FILEMANAGER
  40DCC0 RESTOREFILE@F11FILEMANAGERRUs11FILEMANAGERUc
  40DDE4 RESTOREFILE@F11FILEMANAGERRUsUc
  40DE30 RESTOREBUFFER@F11FILEMANAGERRUs11FILEMANAGERUc
  40DF90 RESTOREBUFFER@F11FILEMANAGERRUsUc
  40DFA0 PRIMERECORD@F11FILEMANAGERUc
  40E094 PRIMEFIELDS@F11FILEMANAGER
  40E098 PRIMEAUTOINCSERVER@F11FILEMANAGERUc
  40E524 PRIMEAUTOINC@F11FILEMANAGER
  40E530 PREVIOUS@F11FILEMANAGER
  40E540 POSITION@F11FILEMANAGER
  40E5B0 OPENSERVER@F11FILEMANAGERUcUc
  40E670 OPENFILE@F11FILEMANAGERUc
  40E864 OPEN@F11FILEMANAGER
  40E874 NEXTSERVER@F11FILEMANAGERUcUc
  40E918 NEXT@F11FILEMANAGER
  40E928 KILL@F11FILEMANAGER
  40E94C KEYTOORDER@F11FILEMANAGERBkUc
  40EA98 INSERTSERVER@F11FILEMANAGERUc
  40EC88 INSERT@F11FILEMANAGER
  40EC94 INIT@F11FILEMANAGERBf10ERRORCLASS
  40ED60 GETNAME@F11FILEMANAGER
  40ED90 GETFIELDNAME@F11FILEMANAGERBkUc
  40EDE0 GETFIELDASCENDING@F11FILEMANAGERBkUc
  40EE14 GETFIELD@F11FILEMANAGERBkUc
  40EE50 GETEOF@F11FILEMANAGER
  40EE58 GETCOMPONENTS@F11FILEMANAGERBk
  40EE74 FETCH@F11FILEMANAGERBk
  40EEAC EQUALBUFFER@F11FILEMANAGERRUs
  40EFE4 CLOSE@F11FILEMANAGER
  40F030 CLEARKEY@F11FILEMANAGERBkUcUcUc
  40F0E0 CANCELAUTOINC@F11FILEMANAGER15RELATIONMANAGER
  40F148 BINDFIELDS@F11FILEMANAGER
  40F16C ADDKEY@F11FILEMANAGERBksbUc
  40F480 DESTRUCT@F11FILEMANAGER
  40F488 CLEANUP@F11FILEMANAGER
  40F6AC LOCALACTION@FUc
  40F6C8 CASEDVALUE@FsbRuu
  40F830 DUPSTRING@Fsb
  40F8A8 CONCATGETCOMPONENTS@F13KEYFIELDQUEUERscUc
  40F938 TOOLBOX@F10POPUPCLASSsb
  40F9BC SETTRANSLATOR@F10POPUPCLASS15TRANSLATORCLASS
  40F9CC SETTOOLBOX@F10POPUPCLASSsbUc
  40FA2C SETICON@F10POPUPCLASSsbsb
  40FAA4 SETITEMENABLE@F10POPUPCLASSsbUc
  40FB44 SETITEMCHECK@F10POPUPCLASSsbUc
  40FBE4 SETITEM@F10POPUPCLASSllsbsb
  40FDF4 RESETTOOLBOX@F10POPUPCLASS
  410170 LOCATENAME@F10POPUPCLASSsb
  4101F4 KILL@F10POPUPCLASS
  410210 INIT@F10POPUPCLASS
  410240 GETNAME@F10POPUPCLASSl
  41049C GETMENUTEXT@F10POPUPCLASS
  410770 GETLASTSELECTION@F10POPUPCLASS
  410780 GETITEMS@F10POPUPCLASSUc
  41082C EXECUTEPOPUP@F10POPUPCLASSsbll
  4108F8 DELETEITEM@F10POPUPCLASSsb
  410940 CHECKMIMICS@F10POPUPCLASS
  410B00 ASKTOOLBOX@F10POPUPCLASSsb
  410E90 ASK@F10POPUPCLASSll
  410FAC ADDSUBMENU@F10POPUPCLASSsbsbsb
  41106C ADDSUBMENU@F10POPUPCLASSsbsb
  41113C ADDMENU@F10POPUPCLASSsbUc
  411290 ADDITEMMIMIC@F10POPUPCLASSsblOsb
  411364 ADDITEMEVENT@F10POPUPCLASSsbll
  41143C ADDITEM@F10POPUPCLASSsbsbsbUc
  4114D0 ADDITEM@F10POPUPCLASSsbsb
  411540 ADDITEM@F10POPUPCLASSsb
  4115C0 POPTOOLBOX@Fsbsb
  411638 REMOVEAMPERSAND@Fsb
  411708 GETUNIQUENAME@F10POPUPCLASSsb
  411854 KILL@F14QUERYFORMCLASS
  41187C INIT@F14QUERYFORMCLASS15QUERYFORMVISUAL8INICLASSsb10ERRORCLASS
  4118C4 UPDATEFIELDS@F15QUERYFORMVISUAL
  4119EC TYPE@F15QUERYFORMVISUAL
  4119F4 RESETFROMQUERY@F15QUERYFORMVISUAL
  411A68 TAKEFIELDEVENT@F15QUERYFORMVISUAL
  411C1C TAKECOMPLETED@F15QUERYFORMVISUAL
  411C48 TAKEACCEPTED@F15QUERYFORMVISUAL
  411F6C SETTEXT@F15QUERYFORMVISUALUssb
  412818 INIT@F15QUERYFORMVISUAL
  412BC0 TAKEWINDOWEVENT@F11QUERYVISUAL
  4137BC RESET@F11QUERYVISUALUc
  4138F0 KILL@F11QUERYVISUAL
  413944 TAKEFIELDEVENT@F11QUERYVISUAL
  413A7C TAKEACCEPTED@F11QUERYVISUAL
  413C4C INIT@F11QUERYVISUAL
  41409C CLEARQUERY@F10QUERYCLASS
  414144 GETQUERIES@F10QUERYCLASS11SECTORQUEUE
  4141E4 DELETE@F10QUERYCLASSsb
  414240 RESTORE@F10QUERYCLASSsb
  4149D4 TAKE@F10QUERYCLASS10POPUPCLASS
  414A74 SAVE@F10QUERYCLASSsb
  414BD0 SETQUICKPOPUP@F10QUERYCLASS10POPUPCLASSUs
  4150CC SETLIMIT@F10QUERYCLASSsbOsbOsbOsb
  4151BC RESET@F10QUERYCLASSOsb
  415268 QUOTE@F10QUERYCLASSsb
  41534C KILL@F10QUERYCLASS
  415384 INIT@F10QUERYCLASS11QUERYVISUAL8INICLASSsb10ERRORCLASS
  4156A8 GETLIMIT@F10QUERYCLASSRscRscRUcUcRsc
  4160AC GETFILTER@F10QUERYCLASS
  416590 FINDNAME@F10QUERYCLASSsb
  4165E4 ASK@F10QUERYCLASSUc
  4168F0 ADDITEM@F10QUERYCLASSsbsbOsbUc
  416A88 MAKEOPERATOR@FsbsbRscRsc
  416E54 MAKEOPERATOR@Fsbsb
  416EF4 SETPOSITION@F16PAGEMANAGERCLASSlssUsUs
  4170B4 SETCENTRE@F16PAGEMANAGERCLASSlUcUc
  4170EC KILL@F16PAGEMANAGERCLASS
  417140 INIT@F16PAGEMANAGERCLASS17PRINTPREVIEWCLASSlUsRsb
  417290 HIGHLIGHT@F16PAGEMANAGERCLASSl
  417318 GETPROP@F16PAGEMANAGERCLASSlUs
  417374 EXISTS@F16PAGEMANAGERCLASSl
  417390 DRAW@F16PAGEMANAGERCLASSls
  417B1C DELETE@F16PAGEMANAGERCLASSl
  417B5C DELETE@F16PAGEMANAGERCLASS
  417B7C COORDCONTAINED@F16PAGEMANAGERCLASSss
  417DB8 TAKEWINDOWEVENT@F13REPORTMANAGER
  417FD0 TAKERECORD@F13REPORTMANAGER
  418108 TAKENORECORDS@F13REPORTMANAGER
  418118 TAKECLOSEEVENT@F13REPORTMANAGER
  41820C TAKEACCEPTED@F13REPORTMANAGER
  41823C SETDYNAMICCONTROLSATTRIBUTES@F13REPORTMANAGER
  418240 SETSTATICCONTROLSATTRIBUTES@F13REPORTMANAGER
  418244 PROCESSRESULTFILES@F13REPORTMANAGER15OUTPUTFILEQUEUE
  418248 OPENREPORT@F13REPORTMANAGER
  418310 OPEN@F13REPORTMANAGER
  418394 KILL@F13REPORTMANAGER
  418490 INIT@F13REPORTMANAGER12PROCESSCLASSBr17PRINTPREVIEWCLASS
  4185C8 NEXT@F13REPORTMANAGER
  418644 CANCELPRINTREPORT@F13REPORTMANAGER
  418678 PRINTREPORT@F13REPORTMANAGER
  41883C ENDREPORT@F13REPORTMANAGER
  41886C ASKPREVIEW@F13REPORTMANAGER
  418968 ASK@F13REPORTMANAGER
  4189BC TAKEFIELDEVENT@F17PRINTPREVIEWCLASS
  418A34 TAKEWINDOWEVENT@F17PRINTPREVIEWCLASS
  418F6C TAKEEVENT@F17PRINTPREVIEWCLASS
  419724 TAKEACCEPTED@F17PRINTPREVIEWCLASS
  419D20 SYNCIMAGEQUEUE@F17PRINTPREVIEWCLASS
  419D5C SETINIMANAGER@F17PRINTPREVIEWCLASS8INICLASS
  419D68 SETDEFAULTPAGES@F17PRINTPREVIEWCLASS
  419DB0 RESETUSERZOOM@F17PRINTPREVIEWCLASS
  419E5C PROCESSRESULTFILES@F17PRINTPREVIEWCLASS15OUTPUTFILEQUEUE
  419E60 OPEN@F17PRINTPREVIEWCLASS
  41A318 NEWZOOM@F17PRINTPREVIEWCLASS
  41A334 KILL@F17PRINTPREVIEWCLASS
  41A3D4 INPAGELIST@F17PRINTPREVIEWCLASSl
  41A5E0 INIT@F17PRINTPREVIEWCLASS12PREVIEWQUEUE25REPORTTARGETSELECTORCLASS17WMFDOCUMENTPARSER
  41A5F8 INIT@F17PRINTPREVIEWCLASS12PREVIEWQUEUE
  41ABBC DRAWPAGE@F17PRINTPREVIEWCLASS
  41AC74 DISPLAY@F17PRINTPREVIEWCLASSslUsUs
  41B068 DELETEIMAGEQUEUE@F17PRINTPREVIEWCLASSl
  41B0C0 CONFIGMENUCHECKS@F17PRINTPREVIEWCLASS
  41B164 ASKTHUMBNAILS@F17PRINTPREVIEWCLASS
  41B250 ASKPRINTPAGES@F17PRINTPREVIEWCLASS
  41B3F4 ASKPAGE@F17PRINTPREVIEWCLASS
  41B534 UPDATEDISPLAY@F12PROCESSCLASS
  41B5B0 TAKERECORD@F12PROCESSCLASS
  41B5B4 TAKELOCATE@F12PROCESSCLASS
  41B5E4 TAKEACCEPTED@F12PROCESSCLASS
  41B5E8 SETPROGRESSLIMITS@F12PROCESSCLASSsbsb
  41B6C4 SETPROGRESSLIMITS@F12PROCESSCLASS
  41B77C RESET@F12PROCESSCLASS
  41B7FC NEXT@F12PROCESSCLASSUc
  41B9A8 KILL@F12PROCESSCLASS
  41B9FC INIT@F12PROCESSCLASSBi15RELATIONMANAGERlPUc9STEPCLASSRu
  41BA44 PERCENTILE2IDX@F17PRINTPREVIEWCLASSs
  41BABC IDX2PERCENTILE@F17PRINTPREVIEWCLASSUc
  41BCA8 SETPRIORITIES@F17WINDOWRESIZECLASS13POSITIONGROUP
  41BCE8 SETSIZE@Fs13POSITIONGROUP
  41BD80 GETSIZEINFO@Fs13POSITIONGROUP
  41BE94 RESTORECONTROLS@F17WINDOWRESIZECLASS
  41BEEC TAKERESIZE@F17WINDOWRESIZECLASS
  41BEF4 SETPOSITION@F17WINDOWRESIZECLASSl13POSITIONGROUP13POSITIONGROUP13POSITIONGROUP13POSITIONGROUP
  41C540 SETPARENTDEFAULTS@F17WINDOWRESIZECLASS
  41C808 SETPARENTCONTROL@F17WINDOWRESIZECLASSll
  41C89C RESTOREWINDOW@F17WINDOWRESIZECLASS
  41C948 RESIZECHILDREN@F17WINDOWRESIZECLASSl13POSITIONGROUP13POSITIONGROUP
  41CAE8 RESIZE@F17WINDOWRESIZECLASSl
  41CE0C RESIZE@F17WINDOWRESIZECLASS
  41CE1C RESET@F17WINDOWRESIZECLASS
  41D11C KILL@F17WINDOWRESIZECLASS
  41D15C INIT@F17WINDOWRESIZECLASSUcUcUc
  41D318 GETCURRENTPOS@F17WINDOWRESIZECLASSl13POSITIONGROUP
  41D35C GETORIGPOS@F17WINDOWRESIZECLASSl13POSITIONGROUP
  41D3AC GETRESIZESTRATEGY@F17WINDOWRESIZECLASSsOUc
  41D484 GETPOSITIONSTRATEGY@F17WINDOWRESIZECLASSsOUc
  41D548 GETPARENTCONTROL@F17WINDOWRESIZECLASSl
  41D578 INIT@F22REPORTATTRIBUTEMANAGERBr
  41D57C DESTRUCT@F22REPORTATTRIBUTEMANAGER
  41D59C CONSTRUCT@F22REPORTATTRIBUTEMANAGER
  41D5B0 DESTRUCT@F25REPORTTARGETSELECTORCLASS
  41D5D0 CONSTRUCT@F25REPORTTARGETSELECTORCLASS
  41D5EC GETREPORTGENERATORNAME@F25REPORTTARGETSELECTORCLASSs
  41D678 GETSELECTED@F25REPORTTARGETSELECTORCLASS
  41D6B0 GETPRINTSELECTED@F25REPORTTARGETSELECTORCLASS
  41D6C0 ITEMS@F25REPORTTARGETSELECTORCLASS
  41DD3C ASK@F25REPORTTARGETSELECTORCLASSUcUc
  41DF68 TAKEEVENT@F12TOOLBARCLASSPl13WINDOWMANAGER
  41DF94 SETTARGET@F12TOOLBARCLASSl
  41E03C KILL@F12TOOLBARCLASS
  41E054 INIT@F12TOOLBARCLASS
  41E074 DISPLAYBUTTONS@F12TOOLBARCLASS
  41E09C ADDTARGET@F12TOOLBARCLASS13TOOLBARTARGETl
  41E0D0 TRYTAKETOOLBAR@F18TOOLBARUPDATECLASS
  41E0DC TAKEEVENT@F18TOOLBARUPDATECLASSPl13WINDOWMANAGER
  41E118 TAKETOOLBAR@F18TOOLBARUPDATECLASS
  41E1F0 DISPLAYBUTTONS@F18TOOLBARUPDATECLASS
  41E2A8 TAKETOOLBAR@F19TOOLBARRELTREECLASS
  41E2CC DISPLAYBUTTONS@F19TOOLBARRELTREECLASS
  41E2F8 TRYTAKETOOLBAR@F19TOOLBARLISTBOXCLASS
  41E34C TAKEEVENT@F19TOOLBARLISTBOXCLASSPl13WINDOWMANAGER
  41E494 TAKETOOLBAR@F19TOOLBARLISTBOXCLASS
  41E4B8 DISPLAYBUTTONS@F19TOOLBARLISTBOXCLASS
  41E4E4 TAKEEVENT@F13TOOLBARTARGETPl13WINDOWMANAGER
  41E564 TRYTAKETOOLBAR@F13TOOLBARTARGET
  41E568 DISPLAYBUTTONS@F13TOOLBARTARGET
  41E74C SETTIPS@Fsb
  41E86C SETMASK@F15SELECTFILECLASSsbsb
  41E8E8 SETMASK@F15SELECTFILECLASSsb
  41E938 ASK@F15SELECTFILECLASSUc
  41EA8C ADDMASK@F15SELECTFILECLASSsbsb
  41EB08 ADDMASK@F15SELECTFILECLASSsb
  41EBC0 INIT@F15SELECTFILECLASS
  41EBE8 UPDATEQUEUE@F8INICLASSsbsbBqRuPuPuPu
  41EE14 UPDATE@F8INICLASSsbsbsb
  41EED0 UPDATE@F8INICLASSsbBw
  41F0B0 UPDATE@F8INICLASS
  41F0B4 TRYFETCH@F8INICLASSsbsb
  41F12C REMOVE@F8INICLASSsbsb
  41F294 KILL@F8INICLASS
  41F3C8 INIT@F8INICLASSsbll
  41F4E0 GETSECTORS@F8INICLASSOsbOsbOsb11SECTORQUEUE
  41F6F8 GETSECTOR@F8INICLASSsbsbsb
  41F7E8 GETFAMILY@F8INICLASSsbRscRscRsc
  41F96C FETCHQUEUE@F8INICLASSsbsbBqRuPuPuPu
  41FBEC FETCHFIELD@F8INICLASSsbsbUc
  41FD48 FETCH@F8INICLASSsbsbRu
  41FE0C FETCH@F8INICLASSsbBw
  42006C FETCH@F8INICLASSsbsb
  4201E4 FETCH@F8INICLASS
  4201E8 DELETESECTOR@F8INICLASSsb
  4202BC ADDSECTOR@F8INICLASSsb
  42039C UPDATEWINDOWINFO@F8INICLASSsb10WINDOWINFO
  4205F8 FETCHWINDOWINFO@F8INICLASSsb10WINDOWINFO
  420870 UPDATE@F8INICLASSsbsbsbsb
  420A5C FETCH@F8INICLASSsbsbsbsb
  420C80 DESTRUCT@F8INICLASS
  420C98 CONSTRUCT@F8INICLASS
  420CA8 KILL@F18BUFFEREDPAIRSCLASS
  420D34 INIT@F18BUFFEREDPAIRSCLASS
  420D54 EQUALRIGHTBUFFER@F18BUFFEREDPAIRSCLASS
  420DA4 EQUALLEFTBUFFER@F18BUFFEREDPAIRSCLASS
  420DF4 ASSIGNRIGHTTOBUFFER@F18BUFFEREDPAIRSCLASS
  420E3C ASSIGNLEFTTOBUFFER@F18BUFFEREDPAIRSCLASS
  420E80 ASSIGNBUFFERTORIGHT@F18BUFFEREDPAIRSCLASS
  420EC8 ASSIGNBUFFERTOLEFT@F18BUFFEREDPAIRSCLASS
  420F0C ADDPAIR@F18BUFFEREDPAIRSCLASSRuRu
  420FB0 INIT@F15FIELDPAIRSCLASS
  420FCC KILL@F15FIELDPAIRSCLASS
  42103C EQUALLEFTRIGHT@F15FIELDPAIRSCLASS
  42108C EQUAL@F15FIELDPAIRSCLASS
  421094 CLEARRIGHT@F15FIELDPAIRSCLASS
  4210D0 CLEARLEFT@F15FIELDPAIRSCLASS
  421108 ASSIGNRIGHTTOLEFT@F15FIELDPAIRSCLASS
  42114C ASSIGNLEFTTORIGHT@F15FIELDPAIRSCLASS
  421190 ADDITEM@F15FIELDPAIRSCLASSRu
  4211D8 ADDPAIR@F15FIELDPAIRSCLASSRuRu
  421220 NEXT@F13CONSTANTCLASS
  4213E0 SET@F13CONSTANTCLASSRsb
  421444 RESET@F13CONSTANTCLASS
  42148C KILL@F13CONSTANTCLASS
  4214F4 INIT@F13CONSTANTCLASSUc
  421530 GETCSTRING@F13CONSTANTCLASS
  421598 GETPSTRING@F13CONSTANTCLASS
  421618 GETLONG@F13CONSTANTCLASS
  42163C GETUSHORT@F13CONSTANTCLASS
  421664 GETSHORT@F13CONSTANTCLASS
  42166C GETBYTE@F13CONSTANTCLASS
  421680 ADDITEM@F13CONSTANTCLASSUcRu
  4216BC REMOVEDOLLAR@Fsb
  421790 ADDDOLLAR@Fsb
  421830 SAVEONINSERTACTION@F13WINDOWMANAGER
  4218D8 SAVEONCHANGEACTION@F13WINDOWMANAGER
  4219F0 DELETEACTION@F13WINDOWMANAGER
  421BAC CHANGEACTION@F13WINDOWMANAGER
  421F10 INSERTACTION@F13WINDOWMANAGER
  4220FC TAKEDISABLEBUTTON@F13WINDOWMANAGERlUc
  422124 UPDATE@F13WINDOWMANAGER
  422160 TAKEWINDOWEVENT@F13WINDOWMANAGER
  422248 TAKESELECTED@F13WINDOWMANAGER
  42224C TAKEREJECTED@F13WINDOWMANAGER
  422290 TAKENEWSELECTION@F13WINDOWMANAGER
  422310 TAKEFIELDEVENT@F13WINDOWMANAGER
  422314 TAKEEVENT@F13WINDOWMANAGER
  422488 TAKECLOSEEVENT@F13WINDOWMANAGER
  42262C TAKECOMPLETED@F13WINDOWMANAGER
  422704 TAKEACCEPTED@F13WINDOWMANAGER
  4227F0 SETRESPONSE@F13WINDOWMANAGERUc
  42283C SETALERTS@F13WINDOWMANAGER
  4228EC SAVEHISTORY@F13WINDOWMANAGER
  422998 RUN@F13WINDOWMANAGERUsUc
  42299C RUN@F13WINDOWMANAGER
  4229E8 RESTOREFIELD@F13WINDOWMANAGERl
  422B98 RESETBUFFERS@F13WINDOWMANAGERUc
  422BF8 RESET@F13WINDOWMANAGERUc
  422C80 PRIMEUPDATE@F13WINDOWMANAGER
  422DB8 PRIMEFIELDS@F13WINDOWMANAGER
  422DBC POSTCOMPLETED@F13WINDOWMANAGER
  422E54 OPEN@F13WINDOWMANAGER
  422E98 KILL@F13WINDOWMANAGER
  422FEC INIT@F13WINDOWMANAGER
  423060 REMOVEITEM@F13WINDOWMANAGER15WINDOWCOMPONENT
  423098 ASK@F13WINDOWMANAGER
  4230FC ADDUPDATEFILE@F13WINDOWMANAGER11FILEMANAGER
  42313C ADDITEM@F13WINDOWMANAGER17WINDOWRESIZECLASS
  423144 ADDITEM@F13WINDOWMANAGER15WINDOWCOMPONENT
  423170 ADDITEM@F13WINDOWMANAGER18TOOLBARUPDATECLASS
  4231C8 ADDITEM@F13WINDOWMANAGER12TOOLBARCLASS
  4231DC ADDITEM@F13WINDOWMANAGERlUc
  423200 ADDITEM@F13WINDOWMANAGER11BROWSECLASS
  423228 ADDHISTORYFILE@F13WINDOWMANAGERRgRg
  423280 ADDHISTORYFIELD@F13WINDOWMANAGERll
  4232A8 DISABLECANCELCONTROLS@F13WINDOWMANAGER
  423300 ENABLECANCELCONTROLS@F13WINDOWMANAGER
  423358 PROCESSDOCUMENT@F17WMFDOCUMENTPARSER
  423364 OPENDOCUMENT@F17WMFDOCUMENTPARSER
  4233E0 CLOSEDOCUMENT@F17WMFDOCUMENTPARSER
  423410 INIT@F17WMFDOCUMENTPARSER12PREVIEWQUEUE16IREPORTGENERATOR10ERRORCLASS
  4234C0 GENERATEREPORT@F17WMFDOCUMENTPARSERUc
  423860 TAKERECORD@F9WMFPARSER
  427BC4 PROCESSFILE@F9WMFPARSER
  427BE4 PROCESSHEADER@F9WMFPARSER
  427DB8 ADDOBJECT@F9WMFPARSERUc
  427E58 CLOSEFILE@F9WMFPARSER
  427E98 RUN@F9WMFPARSER
  427EA0 OPENFILE@F9WMFPARSER
  427F64 KILL@F9WMFPARSER
  427FCC INIT@F9WMFPARSERsb16IREPORTGENERATOR10ERRORCLASS
  428090 GETBOXBOTTOM@F9WMFPARSER
  428098 GETBOXRIGHT@F9WMFPARSER
  4280A0 GETBOXTOP@F9WMFPARSER
  4280A8 GETBOXLEFT@F9WMFPARSER
  4280B0 DESTRUCT@F9WMFPARSER
  428194 CONSTRUCT@F9WMFPARSER
  4282BC KILL@F17CRITICALPROCEDURE
  4282DC INIT@F17CRITICALPROCEDURE11ISYNCOBJECT
  428308 DESTRUCT@F17CRITICALPROCEDURE
  428310 CONSTRUCT@F17CRITICALPROCEDURE
  428318 RESIZEIMAGE@FsssssBr
  428F7C __thr_inst0
  428F8C __thr_init_entry
  428FAC __thr_init_exit
  429C00 INVOI001$UPDATEORDERS@F
  42B304 INVOI001$UPDATEDETAIL@F
  42BA68 INVOI001$SELECTPRODUCTS@F
  42E0E0 INVOI001$BROWSEALLORDERS@F
  42EA20 INVOI001$UPDATECUSTOMERS@F
  42EFFC INVOI001$SELECTSTATES@F
  42F924 MAIN@F
  430220 INVOI002$BROWSEPRODUCTS@F
  430924 INVOI002$PRINTSELECTEDPRODUCT@F
  430FD8 INVOI002$PRINTSELECTEDCUSTOMER@F
  4311F0 INVOI002$CITYSTATEZIP@FOsbOsbOsb
  4320F0 INVOI002$BROWSECUSTOMERS@F
  4336C4 INVOI002$BROWSEORDERS@F
  434414 INVOI002$PRINTINVOICEFROMBROWSE@F
  4349EC INVOI003$SPLASHSCREEN@F
  434E90 INVOI003$PRINTMAILINGLABELS@F
  435F30 INVOI003$PRINTINVOICE@F
  43664C INVOI003$PRINTPRO:KEYPRODUCTSKU@F
  436BAC INVOI003$PRINTCUS:STATEKEY@F
  43765C INVOI003$UPDATEPRODUCTS@F
  437D50 UPDATECOMPANY@F
  437EFC KILL@F21HIDE:RELATE:CUSTOMERS
  437FFC INIT@F21HIDE:RELATE:CUSTOMERS
  43803C VALIDATEFIELDSERVER@F21HIDE:ACCESS:CUSTOMERSlUc
  438138 PRIMEFIELDS@F21HIDE:ACCESS:CUSTOMERS
  43816C KILL@F21HIDE:ACCESS:CUSTOMERS
  43818C INIT@F21HIDE:ACCESS:CUSTOMERS
  4382E8 KILL@F18HIDE:RELATE:ORDERS
  438414 INIT@F18HIDE:RELATE:ORDERS
  438454 VALIDATEFIELDSERVER@F18HIDE:ACCESS:ORDERSlUc
  4385FC PRIMEFIELDS@F18HIDE:ACCESS:ORDERS
  438638 KILL@F18HIDE:ACCESS:ORDERS
  438658 INIT@F18HIDE:ACCESS:ORDERS
  438718 KILL@F18HIDE:RELATE:DETAIL
  4387D8 INIT@F18HIDE:RELATE:DETAIL
  438818 VALIDATEFIELDSERVER@F18HIDE:ACCESS:DETAILlUc
  438A30 KILL@F18HIDE:ACCESS:DETAIL
  438A50 INIT@F18HIDE:ACCESS:DETAIL
  438B00 KILL@F19HIDE:RELATE:INVHIST
  438BA4 INIT@F19HIDE:RELATE:INVHIST
  438BE4 VALIDATEFIELDSERVER@F19HIDE:ACCESS:INVHISTlUc
  438CCC PRIMEFIELDS@F19HIDE:ACCESS:INVHIST
  438CF0 KILL@F19HIDE:ACCESS:INVHIST
  438D10 INIT@F19HIDE:ACCESS:INVHIST
  438E18 KILL@F20HIDE:RELATE:PRODUCTS
  438EA0 INIT@F20HIDE:RELATE:PRODUCTS
  438EE0 KILL@F20HIDE:ACCESS:PRODUCTS
  438F00 INIT@F20HIDE:ACCESS:PRODUCTS
  439008 KILL@F19HIDE:RELATE:COMPANY
  439050 INIT@F19HIDE:RELATE:COMPANY
  439084 KILL@F19HIDE:ACCESS:COMPANY
  4390A4 INIT@F19HIDE:ACCESS:COMPANY
  43912C KILL@F18HIDE:RELATE:STATES
  4391B4 INIT@F18HIDE:RELATE:STATES
  4391F4 KILL@F18HIDE:ACCESS:STATES
  439214 INIT@F18HIDE:ACCESS:STATES
  4392C4 INVOIBC0$INVOIBC0:FILESINIT@F
  439360 INVOIBC0$INVOIBC0:DCTKILL@F
  43947C INVOIBC0$INVOIBC0:DCTINIT@F
  439798 DCTKILL@F
  4397A0 DCTINIT@F
  4397AC _main
  4398F8 DESTRUCT@F10DICTIONARY
  439900 CONSTRUCT@F10DICTIONARY
  43A1CC $OVERRIDECHARACTERS
  43A1EC $SCROLL:NAME
  43A318 $SCROLL:ALPHA
  43A3E0 TYPE$BROWSECLASS
  43A77C TYPE$BROWSEEIPMANAGER
  43AA30 VMT$BROWSEEIPMANAGER
  43AACC VMT$BROWSECLASS
  43AC74 TYPE$STANDARDBEHAVIOR
  43ACB4 VMT$STANDARDBEHAVIOR
  43AD00 TYPE$FILTERLOCATORCLASS
  43AD68 VMT$FILTERLOCATORCLASS
  43ADA4 TYPE$INCREMENTALLOCATORCLASS
  43AE00 VMT$INCREMENTALLOCATORCLASS
  43AE3C TYPE$STEPLOCATORCLASS
  43AE8C VMT$STEPLOCATORCLASS
  43AEC4 TYPE$STEPSTRINGCLASS
  43AF14 VMT$STEPSTRINGCLASS
  43AF34 TYPE$STEPLONGCLASS
  43AF5C VMT$STEPLONGCLASS
  43AF88 TYPE$FILEDROPCLASS
  43B0B4 VMT$FILEDROPCLASS
  43B188 TYPE$COLORMAP
  43B1B4 TCB$COLORMAP
  43B1C4 TYPE$EDITENTRYCLASS
  43B20C VMT$EDITENTRYCLASS
  43B3E8 STDERRORFILE$TYPE$RECORD
  43B400 TYPE$PNQ
  43B420 TYPE$DEFAULTERRORS
  43B680 $DEFAULTERRORS
  43C7F4 TYPE$HISTHANDLERCLASS
  43C83C VMT$HISTHANDLERCLASS
  43C86C TYPE$MSGBOXCLASS
  43CAC8 VMT$MSGBOXCLASS
  43CB48 TYPE$ERRORCLASS
  43CCDC VMT$ERRORCLASS
  43CD20 TYPE$STANDARDERRORLOGCLASS
  43CD4C VMT$STANDARDERRORLOGCLASS
  43CE68 TYPE$FILESMANAGER
  43CE9C VMT$FILESMANAGER
  43CEA8 TYPE$FILEMAPPING_T
  43CED4 TYPE$STATUSQ_T
  43CF3C TYPE$SAVEQUEUE
  43CF78 TYPE$FIELDSLIST
  43CFA8 TYPE$FILEKEYQUEUE
  43CFF4 TYPE$KEYFIELDQUEUE
  43D020 TYPE$RELATIONQUEUE
  43D084 TYPE$FILEMANAGER
  43D224 VMT$FILEMANAGER
  43D3F4 TYPE$POPUPITEMQUEUE
  43D464 TYPE$POPUPCLASS
  43D508 VMT$POPUPCLASS
  43D7F4 TYPE$POPUPQUEUE
  43D81C TYPE$FIELDQUEUE
  43D8A4 TYPE$QUERYFORMCLASS
  43D958 VMT$QUERYFORMCLASS
  43D96C TYPE$QUERYFORMVISUAL
  43DB7C VMT$QUERYFORMVISUAL
  43DDB0 TYPE$PAGEMANAGERCLASS
  43DE6C VMT$PAGEMANAGERCLASS
  43DE78 TYPE$ZOOMITEMQUEUE
  43DEB0 $ZOOMPRESETS
  43DFA4 TYPE$PRINTPREVIEWCLASS
  43E52C VMT$PRINTPREVIEWCLASS
  43E69C TYPE$WINDOWRESIZECLASS
  43E820 VMT$WINDOWRESIZECLASS
  43E848 TYPE$REPORTATTRIBUTEMANAGER
  43E864 VMT$REPORTATTRIBUTEMANAGER
  43E904 TYPE$REPORTTARGETSELECTORCLASS
  43E968 VMT$REPORTTARGETSELECTORCLASS
  43E9A8 TYPE$TOOLBARTARGETQUEUE
  43E9C4 $UPDATECHANGETIPS
  43EAD0 $UPDATEINSERTTIPS
  43EB10 $RELTREEBOXTIPS
  43EBAC $LISTBOXTIPS
  43EC68 TYPE$TOOLBARCLASS
  43EC80 VMT$TOOLBARCLASS
  43EC98 TYPE$TOOLBARUPDATECLASS
  43ED20 VMT$TOOLBARUPDATECLASS
  43ED3C TYPE$TOOLBARLISTBOXCLASS
  43EDB8 VMT$TOOLBARLISTBOXCLASS
  43EF64 TYPE$CONSTDESCRIPTORLIST
  43EF8C TYPE$CONSTANTCLASS
  43F02C VMT$CONSTANTCLASS
  43F038 TYPE$SELECTFILECLASS
  43F0A0 VMT$SELECTFILECLASS
  43F0AC TYPE$INICLASS
  43F0F4 VMT$INICLASS
  43F17C TYPE$BUFFEREDPAIRSCLASS
  43F1A0 VMT$BUFFEREDPAIRSCLASS
  43F1D8 TYPE$FIELDPAIRSCLASS
  43F1F0 VMT$FIELDPAIRSCLASS
  43F22C TYPE$FILELIST
  43F250 TYPE$HISTORYLIST
  43F288 TYPE$BUTTONLIST
  43F2AC TYPE$COMPONENTLIST
  43F480 WMFINFILE$TYPE$WMFF@:RECORD
  43F4A0 TYPE$QUEUEDC
  43F504 TYPE$QUEUEHOLES
  43F518 TYPE$QUEUEBRUSH
  43F544 TYPE$QUEUEPENS
  43F570 TYPE$QUEUEFONTS
  43F5AC TYPE$QUEUEOBJECTS
  43F5C8 TYPE$WMFDOCUMENTPARSER
  43F61C VMT$WMFDOCUMENTPARSER
  43F628 TYPE$WMFPARSER
  4400DC VMT$WMFPARSER
  4400E8 TYPE$POINTQUEUE
  440104 TYPE$SLICEFORMATQUEUE
  4401AC TYPE$TEXTFORMATQUEUE
  440258 TYPE$CRITICALPROCEDURE
  440270 VMT$CRITICALPROCEDURE
  448A14 TYPE$HIDE:RELATE:CUSTOMERS
  448A70 VMT$HIDE:RELATE:CUSTOMERS
  448AA4 TYPE$HIDE:ACCESS:CUSTOMERS
  448C44 VMT$HIDE:ACCESS:CUSTOMERS
  448D04 TYPE$HIDE:RELATE:ORDERS
  448D60 VMT$HIDE:RELATE:ORDERS
  448D94 TYPE$HIDE:ACCESS:ORDERS
  448F34 VMT$HIDE:ACCESS:ORDERS
  448FF4 TYPE$HIDE:RELATE:DETAIL
  449050 VMT$HIDE:RELATE:DETAIL
  449084 TYPE$HIDE:ACCESS:DETAIL
  449224 VMT$HIDE:ACCESS:DETAIL
  4492E4 TYPE$HIDE:RELATE:INVHIST
  449340 VMT$HIDE:RELATE:INVHIST
  449374 TYPE$HIDE:ACCESS:INVHIST
  449514 VMT$HIDE:ACCESS:INVHIST
  4495D4 TYPE$HIDE:RELATE:PRODUCTS
  449630 VMT$HIDE:RELATE:PRODUCTS
  449664 TYPE$HIDE:ACCESS:PRODUCTS
  449804 VMT$HIDE:ACCESS:PRODUCTS
  4498C4 TYPE$HIDE:RELATE:COMPANY
  449920 VMT$HIDE:RELATE:COMPANY
  449954 TYPE$HIDE:ACCESS:COMPANY
  449AF4 VMT$HIDE:ACCESS:COMPANY
  449BB4 TYPE$HIDE:RELATE:STATES
  449C10 VMT$HIDE:RELATE:STATES
  449C44 TYPE$HIDE:ACCESS:STATES
  449DE4 VMT$HIDE:ACCESS:STATES
  44A01C $RE
  44A134 TYPE$DICTIONARY
  44A144 VMT$DICTIONARY
  44A150 CUSTOMERS$TYPE$CUS:RECORD
  44A244 ORDERS$TYPE$ORD:RECORD
  44A354 DETAIL$TYPE$DTL:RECORD
  44A458 INVHIST$TYPE$INV:RECORD
  44A4F4 PRODUCTS$TYPE$PRO:RECORD
  44A5A8 COMPANY$TYPE$COM:RECORD
  44A608 STATES$TYPE$STA:RECORD
  44A8F8 VMTP$HIDE:RELATE:CUSTOMERS
  44A900 VMTP$HIDE:ACCESS:CUSTOMERS
  44A908 VMTP$HIDE:RELATE:ORDERS
  44A910 VMTP$HIDE:ACCESS:ORDERS
  44A918 VMTP$HIDE:RELATE:DETAIL
  44A920 VMTP$HIDE:ACCESS:DETAIL
  44A928 VMTP$HIDE:RELATE:INVHIST
  44A930 VMTP$HIDE:ACCESS:INVHIST
  44A938 VMTP$HIDE:RELATE:PRODUCTS
  44A940 VMTP$HIDE:ACCESS:PRODUCTS
  44A948 VMTP$HIDE:RELATE:COMPANY
  44A950 VMTP$HIDE:ACCESS:COMPANY
  44A958 VMTP$HIDE:RELATE:STATES
  44A960 VMTP$HIDE:ACCESS:STATES
  44A968 VMTP$DICTIONARY
  44AAE0 VMTP$WINDOWRESIZECLASS
  44AAE8 VMTP$FILESMANAGER
  44AAF0 VMTP$FILEMANAGER
  44AAF8 VMTP$CONSTANTCLASS
  44AB00 VMTP$SELECTFILECLASS
  44AB08 VMTP$INICLASS
  44AB10 VMTP$BUFFEREDPAIRSCLASS
  44AB18 VMTP$FIELDPAIRSCLASS
  44AB20 VMTP$POPUPCLASS
  44AB28 VMTP$TOOLBARCLASS
  44AB30 VMTP$TOOLBARUPDATECLASS
  44AB38 VMTP$TOOLBARLISTBOXCLASS
  44AB40 VMTP$EDITENTRYCLASS
  44AB48 VMTP$BROWSEEIPMANAGER
  44AB50 VMTP$BROWSECLASS
  44AB58 VMTP$STANDARDBEHAVIOR
  44AB60 VMTP$FILTERLOCATORCLASS
  44AB68 VMTP$INCREMENTALLOCATORCLASS
  44AB70 VMTP$STEPLOCATORCLASS
  44AB78 VMTP$STEPSTRINGCLASS
  44AB80 VMTP$STEPLONGCLASS
  44AB88 VMTP$HISTHANDLERCLASS
  44AB90 VMTP$MSGBOXCLASS
  44AB98 VMTP$ERRORCLASS
  44ABA0 VMTP$STANDARDERRORLOGCLASS
  44ABA8 VMTP$QUERYFORMCLASS
  44ABB0 VMTP$QUERYFORMVISUAL
  44ABB8 VMTP$WMFDOCUMENTPARSER
  44ABC0 VMTP$WMFPARSER
  44ABC8 VMTP$REPORTATTRIBUTEMANAGER
  44ABD0 VMTP$REPORTTARGETSELECTORCLASS
  44ABD8 VMTP$PAGEMANAGERCLASS
  44ABE0 VMTP$PRINTPREVIEWCLASS
  44ABE8 VMTP$FILEDROPCLASS
  44ABF0 VMTP$CRITICALPROCEDURE
  44AC00 $COLORMAP
  44AC38 $MULTIWINDOW
  44AC3C $TXTWINDOW
  44AC40 $WINDOW
  44AC44 P177$MEMOS$DBTEXTLOGFILE
  44AD48 KEYS$WMFINFILE
  44AD7C $INIMGR
  44AE94 MEMOS$COMPANY
  44AE98 $LADJFDSETTING
  44B008 P20$OUTFILE
  44B04C P21$INFILE
  44B090 CUSTOMERS$CUS:KEYCUSTNUMBER
  44B0B4 CUSTOMERS$CUS:KEYFULLNAME
  44B0D8 CUSTOMERS$CUS:KEYCOMPANY
  44B0FC CUSTOMERS$CUS:KEYZIPCODE
  44B120 CUSTOMERS$CUS:STATEKEY
  44B144 KEYS$CUSTOMERS
  44B158 $CUSTOMERS
  44B19C ORDERS$ORD:KEYCUSTORDERNUMBER
  44B1C0 ORDERS$ORD:INVOICENUMBERKEY
  44B1E4 KEYS$ORDERS
  44B1EC $ORDERS
  44B230 DETAIL$DTL:KEYDETAILS
  44B254 KEYS$DETAIL
  44B258 $DETAIL
  44B29C INVHIST$INV:KEYPRODUCTNUMBERDATE
  44B2C0 INVHIST$INV:KEYPRODNUMBERDATE
  44B2E4 INVHIST$INV:KEYVENDORNUMBERDATE
  44B308 KEYS$INVHIST
  44B314 $INVHIST
  44B358 PRODUCTS$PRO:KEYPRODUCTNUMBER
  44B37C PRODUCTS$PRO:KEYPRODUCTSKU
  44B3A0 PRODUCTS$PRO:KEYDESCRIPTION
  44B3C4 KEYS$PRODUCTS
  44B3D0 $PRODUCTS
  44B414 $COMPANY
  44B458 STATES$STA:STATECODEKEY
  44B47C KEYS$STATES
  44B480 $STATES
  44B690 P177$DBTEXTLOGFILE
  44B6D4 $EPOC
  44B6D8 P77$EXTRACTFILE
  44B71C $STDERRORFILE
  44B760 $WMFINFILE
  44B7B0 INVOIBC0$_HIDE:RELATE:CUSTOMERS
  44B7B4 INVOIBC0$_HIDE:ACCESS:CUSTOMERS
  44B7B8 INVOIBC0$_HIDE:RELATE:ORDERS
  44B7BC INVOIBC0$_HIDE:ACCESS:ORDERS
  44B7C0 INVOIBC0$_HIDE:RELATE:DETAIL
  44B7C4 INVOIBC0$_HIDE:ACCESS:DETAIL
  44B7C8 INVOIBC0$_HIDE:RELATE:INVHIST
  44B7CC INVOIBC0$_HIDE:ACCESS:INVHIST
  44B7D0 INVOIBC0$_HIDE:RELATE:PRODUCTS
  44B7D4 INVOIBC0$_HIDE:ACCESS:PRODUCTS
  44B7D8 INVOIBC0$_HIDE:RELATE:COMPANY
  44B7DC INVOIBC0$_HIDE:ACCESS:COMPANY
  44B7E0 INVOIBC0$_HIDE:RELATE:STATES
  44B7E4 INVOIBC0$_HIDE:ACCESS:STATES
  44B7EC P20$OUTFILE$OUTFILE@:RECORD
  4537F0 P21$INFILE$INFILE@:RECORD
  45B7F0 $GLOT:CUSTNAME
  45B814 $GLOT:SHIPNAME
  45B838 $GLOT:CUSTADDRESS
  45B868 $GLOT:SHIPADDRESS
  45B898 $GLOT:CUSCSZ
  45B8C0 $GLOT:SHIPCSZ
  45B8E8 $GLOBALERRORS
  45C00C $GLOBALREQUEST
  45C010 $GLOBALRESPONSE
  45C014 $VCRREQUEST
  45C018 $DICTIONARY
  45C01C CUSTOMERS$CUS:RECORD
  45C0E4 ORDERS$ORD:RECORD
  45C1E0 DETAIL$DTL:RECORD
  45C214 INVHIST$INV:RECORD
  45C264 PRODUCTS$PRO:RECORD
  45C2E8 COMPANY$COM:RECORD
  45C350 STATES$STA:RECORD
  45C36C $ACCESS:COMPANY
  45C370 $RELATE:COMPANY
  45C374 $RELATE:CUSTOMERS
  45C378 $ACCESS:CUSTOMERS
  45C37C $RELATE:ORDERS
  45C380 $ACCESS:ORDERS
  45C384 $RELATE:DETAIL
  45C388 $ACCESS:DETAIL
  45C38C $RELATE:INVHIST
  45C390 $ACCESS:INVHIST
  45C394 $RELATE:PRODUCTS
  45C398 $ACCESS:PRODUCTS
  45C39C $RELATE:STATES
  45C3A0 $ACCESS:STATES
  45C704 $FILESMANAGER
  45C718 $SZDBTEXTLOG
  45C820 P177$DBTEXTLOGFILE$RECORD
  45CC0C P77$EXTRACTFILE$EXTRACTFILE@:RECORD
  45D00C STDERRORFILE$RECORD
  45D40C WMFINFILE$WMFF@:RECORD
  45F000 __import_section_start
  460D6C __import_section_end

Imports
c60ascx:ASCII 45F0A8
c60dosx:DOS 45F0B8
c60prlbx:CONSTRUCT@F12REPORTENGINE 45F0CC
c60prlbx:VMT$REPORTENGINE 45F0D0
c60runx:Cla$ACCEPTED 45F4CC,401000
c60runx:Cla$ADDqueue 45F4D0
c60runx:Cla$ADDqueuekey 45F4D4
c60runx:Cla$ADDqueueptr 45F4D8
c60runx:Cla$AddressUfo 45F4DC
c60runx:Cla$AssignLong2RefUfo 45F4E0
c60runx:Cla$AssignReal2RefUfo 45F4E4
c60runx:Cla$AssignRefUfo 45F4E8
c60runx:Cla$BEEP 45F4EC,401008
c60runx:Cla$BindG 45F4F0
c60runx:Cla$BindV 45F4F4
c60runx:Cla$CHOICE 45F4F8,401010
c60runx:Cla$CLEAR 45F4FC
c60runx:Cla$ClearDec 45F500
c60runx:Cla$CLEARqueue 45F504
c60runx:Cla$clearstr 45F508
c60runx:Cla$ClearType 45F50C
c60runx:Cla$ClearUfo 45F510
c60runx:Cla$CLOCK 45F514,401018
c60runx:Cla$CloneUfo 45F518
c60runx:Cla$CLOSEwindow 45F51C,401020
c60runx:Cla$code 45F520
c60runx:Cla$COMMIT 45F524,401028
c60runx:Cla$comparestr 45F528
c60runx:Cla$CREATE 45F52C
c60runx:Cla$DAbs 45F530
c60runx:Cla$DecAdd 45F534
c60runx:Cla$DecDistinct 45F538
c60runx:Cla$DecDistinctR 45F53C
c60runx:Cla$DecDivide 45F540
c60runx:Cla$DecDivideR 45F544
c60runx:Cla$DecMul 45F548
c60runx:Cla$DecSub 45F54C
c60runx:Cla$DecSubR 45F550
c60runx:Cla$DELETEqueue 45F554,401030
c60runx:Cla$DELETEREG 45F558,401038
c60runx:Cla$DESTROY 45F55C,401040
c60runx:Cla$DISABLE 45F560,401048
c60runx:Cla$DISPLAY 45F564,401050
c60runx:Cla$DISPOSEqueue 45F568
c60runx:Cla$DISPOSEref 45F56C
c60runx:Cla$DISPOSEvref 45F570
c60runx:Cla$Dlongpower 45F574
c60runx:Cla$DPopDec 45F578
c60runx:Cla$DPopLong 45F57C
c60runx:Cla$DPopReal 45F580
c60runx:Cla$DPopUlong 45F584
c60runx:Cla$DPushConstant 45F588
c60runx:Cla$DPushDec 45F58C
c60runx:Cla$DPushLong 45F590
c60runx:Cla$DPushULong 45F594
c60runx:Cla$DRound 45F598
c60runx:Cla$DStack2Stack 45F59C
c60runx:Cla$ENABLE 45F5A0,401058
c60runx:Cla$EndEventLoop 45F5A4
c60runx:Cla$EndEventLoops 45F5A8
c60runx:Cla$ENDPAGE 45F5AC,401060
c60runx:Cla$ERRORCODE 45F5B0,401068
c60runx:Cla$Evaluate 45F5B4,401070
c60runx:Cla$EVENT 45F5B8,401078
c60runx:Cla$FIELD 45F5BC,401080
c60runx:Cla$FILEDIALOG 45F5C0,401088
c60runx:Cla$FILEERRORCODE 45F5C4,401090
c60runx:Cla$FILEERRORMSG 45F5C8,401098
c60runx:Cla$FileExists 45F5CC,4010A0
c60runx:Cla$FILE_ADDf 45F5D0
c60runx:Cla$FILE_BUFFER 45F5D4,4010A8
c60runx:Cla$FILE_BUILDf 45F5D8,4010B0
c60runx:Cla$FILE_BYTES 45F5DC,4010B8
c60runx:CLA$FILE_CALLBACK 45F5E0,4010C0
c60runx:Cla$FILE_CLEAR 45F5E4
c60runx:Cla$FILE_CLOSE 45F5E8,4010C8
c60runx:Cla$FILE_CREATE 45F5EC
c60runx:Cla$FILE_DELETE 45F5F0,4010D0
c60runx:CLA$FILE_DESTROY 45F5F4
c60runx:Cla$FILE_DUPLICATEk 45F5F8,4010D8
c60runx:Cla$FILE_FLUSH 45F5FC,4010E0
c60runx:CLA$FILE_FREESTATE 45F600,4010E8
c60runx:Cla$FILE_GETfk 45F604
c60runx:Cla$FILE_GETfl 45F608
c60runx:Cla$FILE_GETflu 45F60C
c60runx:Cla$FILE_GETNULLS 45F610,4010F0
c60runx:CLA$FILE_GETSTATE 45F614,4010F8
c60runx:Cla$FILE_GET_PROPERTY 45F618
c60runx:Cla$FILE_NAME 45F61C,401100
c60runx:Cla$FILE_NEXT 45F620,401108
c60runx:Cla$FILE_NOMEMO 45F624,401110
c60runx:Cla$FILE_OPEN 45F628,401118
c60runx:Cla$FILE_POSITIONf 45F62C,401120
c60runx:Cla$FILE_POSITIONk 45F630,401128
c60runx:Cla$FILE_PREV 45F634,401130
c60runx:Cla$FILE_PUTf 45F638
c60runx:Cla$FILE_RECORDSf 45F63C,401138
c60runx:Cla$FILE_REGETf 45F640,401140
c60runx:Cla$FILE_REGETk 45F644,401148
c60runx:Cla$FILE_RESETf 45F648,401150
c60runx:Cla$FILE_RESETk 45F64C,401158
c60runx:CLA$FILE_RESTORESTATE 45F650,401160
c60runx:Cla$FILE_SEND 45F654,401168
c60runx:Cla$FILE_SETf 45F658,401170
c60runx:Cla$FILE_SETk 45F65C,401178
c60runx:Cla$FILE_SETkk 45F660,401180
c60runx:Cla$FILE_SETNULLS 45F664,401188
c60runx:Cla$FILE_SET_PROPERTY 45F668
c60runx:Cla$FILE_WATCH 45F66C,401190
c60runx:Cla$FOCUS 45F670,401198
c60runx:Cla$FREEqueue 45F674
c60runx:Cla$FREEqueuea 45F678,4011A0
c60runx:Cla$freestr 45F67C
c60runx:Cla$FreeUfo 45F680
c60runx:Cla$freewindow 45F684
c60runx:Cla$GETINI 45F688,4011A8
c60runx:Cla$GETPOSITION 45F68C,4011B0
c60runx:Cla$GetPropS 45F690
c60runx:Cla$GETqueuekey 45F694
c60runx:Cla$GETqueueptr 45F698
c60runx:Cla$GETREG 45F69C,4011B8
c60runx:Cla$Group2Ufo 45F6A0
c60runx:Cla$HALT 45F6A4,4011C0
c60runx:Cla$HELP 45F6A8,4011C8
c60runx:Cla$HIDE 45F6AC,4011D0
c60runx:Cla$init 45F6B0
c60runx:Cla$INSTANCE 45F6B4,4011D8
c60runx:Cla$IsAlpha 45F6B8,4011E0
c60runx:Cla$IsUfoString 45F6BC,4011E8
c60runx:Cla$IsUpper 45F6C0,4011F0
c60runx:Cla$KEYCHAR 45F6C4,4011F8
c60runx:Cla$KEYCODE 45F6C8,401200
c60runx:Cla$KEY_GET_PROPERTY 45F6CC
c60runx:Cla$LASTFIELD 45F6D0,401208
c60runx:Cla$loaddec 45F6D4
c60runx:Cla$LOGOUT 45F6D8
c60runx:Cla$LONGPATH 45F6DC,401210
c60runx:Cla$longtostr 45F6E0
c60runx:Cla$Mem2Ufo 45F6E4
c60runx:Cla$MessageBox 45F6E8,401218
c60runx:Cla$MOUSEX 45F6EC,401220
c60runx:Cla$MOUSEY 45F6F0,401228
c60runx:Cla$NewCriticalSection 45F6F4,401230
c60runx:Cla$NewMemB 45F6F8
c60runx:Cla$NewMemT 45F6FC
c60runx:Cla$NewMemZ 45F700
c60runx:Cla$NEWqueue 45F704
c60runx:Cla$OPENowned 45F708,401238
c60runx:Cla$OPENwindow 45F70C,401240
c60runx:Cla$paopen 45F710
c60runx:Cla$pmopen 45F714
c60runx:Cla$POINTERqueue 45F718,401248
c60runx:Cla$PopAString 45F71C
c60runx:Cla$PopBind 45F720,401250
c60runx:Cla$PopCString 45F724
c60runx:Cla$PopReal 45F728
c60runx:Cla$PopString 45F72C
c60runx:Cla$PopTemp 45F730
c60runx:Cla$POPUP 45F734,401258
c60runx:Cla$POST 45F738,401260
c60runx:Cla$PRESSKEY 45F73C,401268
c60runx:Cla$PRINTreport 45F740
c60runx:Cla$propen 45F744
c60runx:Cla$PushAString 45F748
c60runx:Cla$PushBind 45F74C,401270
c60runx:Cla$PushCString 45F750
c60runx:Cla$PushLong 45F754
c60runx:Cla$PushPictDec 45F758
c60runx:Cla$PushPictLong 45F75C
c60runx:Cla$PushReal 45F760
c60runx:Cla$PushString 45F764
c60runx:Cla$PushUfo 45F768
c60runx:Cla$PUTINI 45F76C,401278
c60runx:Cla$PUTqueue 45F770
c60runx:Cla$PUTqueuekey 45F774
c60runx:Cla$PUTREG 45F778,401280
c60runx:Cla$pwopen 45F77C
c60runx:Cla$QUOTE 45F780,401288
c60runx:Cla$RECORDSqueue 45F784,401290
c60runx:Cla$RefAssignAny 45F788
c60runx:Cla$REGISTEREVENT 45F78C,401298
c60runx:Cla$REGULAR 45F790,4012A0
c60runx:Cla$RemoveFile 45F794,4012A8
c60runx:Cla$ROLLBACK 45F798,4012B0
c60runx:Cla$rterr 45F79C,4012B8
c60runx:Cla$SELECT 45F7A0,4012C0
c60runx:Cla$SETCURSOR 45F7A4,4012C8
c60runx:Cla$SETKEYCODE 45F7A8,4012D0
c60runx:Cla$SETPATH 45F7AC,4012D8
c60runx:Cla$SETPOSITION 45F7B0,4012E0
c60runx:Cla$SetPropF 45F7B4
c60runx:Cla$SetPropQ 45F7B8
c60runx:Cla$SetPropS 45F7BC
c60runx:Cla$SetPropV 45F7C0
c60runx:Cla$SETTARGET 45F7C4,4012E8
c60runx:Cla$SHORTPATH 45F7C8,4012F0
c60runx:Cla$SORTqueuekey 45F7CC
c60runx:Cla$Stack2DStack 45F7D0
c60runx:Cla$Stack2Ufo 45F7D4
c60runx:Cla$StackCLIP 45F7D8,4012F8
c60runx:Cla$StackCompareN 45F7DC
c60runx:Cla$StackCompareNEQ 45F7E0
c60runx:Cla$StackCompareR 45F7E4
c60runx:Cla$StackConcat 45F7E8
c60runx:Cla$StackConcatR 45F7EC
c60runx:Cla$StackCONTENTS 45F7F0,401300
c60runx:Cla$StackDEFORMAT2 45F7F4
c60runx:Cla$StackErrstr 45F7F8,401308
c60runx:Cla$StackFORMAT2 45F7FC
c60runx:Cla$StackHeap 45F800
c60runx:Cla$StackINLIST 45F804
c60runx:Cla$StackINSTRING 45F808,401310
c60runx:Cla$StackLEFT 45F80C,401318
c60runx:Cla$StackLen 45F810,401320
c60runx:Cla$StackNUMERIC 45F814,401328
c60runx:Cla$STACKpop 45F818
c60runx:Cla$StackRotate 45F81C
c60runx:Cla$StackSUB 45F820,401330
c60runx:Cla$StackUPPER 45F824,401338
c60runx:Cla$START 45F828,401340
c60runx:Cla$START2 45F82C,401348
c60runx:Cla$StartEventLoop 45F830
c60runx:Cla$StashBP 45F834
c60runx:Cla$STOP 45F838,401350
c60runx:Cla$storecstr 45F83C
c60runx:Cla$storedec 45F840
c60runx:Cla$storestr 45F844
c60runx:Cla$String2Ref 45F848
c60runx:Cla$THREAD 45F84C,401358
c60runx:Cla$THREAD_FILE 45F850
c60runx:Cla$TODAY 45F854,401360
c60runx:Cla$Ufo2Real 45F858
c60runx:Cla$UfoCompareN 45F85C
c60runx:Cla$Ufodistinct 45F860
c60runx:Cla$UNHIDE 45F864,401368
c60runx:Cla$UNQUOTE 45F868,401370
c60runx:Cla$UNREGISTEREVENT 45F86C,401378
c60runx:Cla$UPDATE 45F870,401380
c60runx:Cla$VIEW_RESETvf 45F874,401388
c60runx:Cla$VIEW_SETvl 45F878,401390
c60runx:Cla$WHAT 45F87C,401398
c60runx:Cla$WHO 45F880,4013A0
c60runx:Cla$WHOqueue 45F884,4013A8
c60runx:THR$GetInstance 45F888,4013B0
c60runx:VIEWDRIVER 45F88C
c60runx:Wsl$CloseDown 45F890,4013B8
c60runx:_exit 45F894,4013C0
c60runx:_fnsplit 45F898,4013C8
c60runx:_free 45F89C
c60runx:_longjmp 45F8A0
c60runx:_malloc 45F8A4
c60runx:_memset 45F8A8
c60runx:_setjmp 45F8AC
c60runx:__checkversion 45F8B0,4013D0
c60runx:__sysinit 45F8B4,4013D8
c60runx:__sysstart 45F8B8,4013E0
c60tpsx:TOPSPEED 45F8C8
KERNEL32.dll:MulDiv 45F8D8,4013E8
USER32.dll:SystemParametersInfoA 45F8E8



Entry Point:   42879C