
 Start     Length     Name               Class              Group

 0001:0000 00002H     _INST_DATA_START   FAR_DATA           _INST_DATA_GROUP 
 0001:0002 00002H     _INST_DATA         FAR_DATA           _INST_DATA_GROUP 
 0001:0004 00002H     _INST_DATA_END     FAR_DATA           _INST_DATA_GROUP 
 0001:0006 00076H     ABWINDOW_DATA      FAR_DATA           ABWINDOWDGROUP 
 0001:007C 000A6H     ABFUZZY_DATA       FAR_DATA           ABFUZZYDGROUP 
 0001:0122 00004H     ABFUZZY_BSS        FAR_DATA           ABFUZZYDGROUP 
 0001:0126 0007FH     ABEIP_DATA         FAR_DATA           ABEIPDGROUP 
 0001:01A5 0003AH     ABEIP_BSS          FAR_DATA           ABEIPDGROUP 
 0001:01DF 000F5H     ABPOPUP_DATA       FAR_DATA           ABPOPUPDGROUP 
 0001:02D4 00002H     _INST_BSS_START    FAR_DATA           _INSTDGROUP 
 0001:02D6 000F8H     _INST_BSS          FAR_DATA           _INSTDGROUP 
 0001:03CE 00002H     _INST_BSS_END      FAR_DATA           _INSTDGROUP 
 0001:03D0 001A3H     ABDROPS_DATA       FAR_DATA           ABDROPSDGROUP 
 0001:0573 001CFH     ABUTIL_DATA        FAR_DATA           ABUTILDGROUP 
 0001:0742 00224H     ABRESIZE_DATA      FAR_DATA           ABRESIZEDGROUP 
 0001:0966 00371H     ABQUERY_DATA       FAR_DATA           ABQUERYDGROUP 
 0001:0CD7 003F4H     ABTOOLBA_DATA      FAR_DATA           ABTOOLBADGROUP 
 0001:10CB 00437H     ABFILE_DATA        FAR_DATA           ABFILEDGROUP 
 0001:1502 00023H     ABFILE_BSS         FAR_DATA           ABFILEDGROUP 
 0001:1525 0046BH     INVOI003_DATA      FAR_DATA           INVOI003DGROUP 
 0002:0000 006B5H     ABREPORT_DATA      FAR_DATA           ABREPORTDGROUP 
 0002:06B5 00BB2H     ABBROWSE_DATA      FAR_DATA           ABBROWSEDGROUP 
 0003:0000 0189CH     INVOIBC0_DATA      FAR_DATA           INVOIBC0DGROUP 
 0003:189C 00093H     INVOIBC0_BSS       FAR_DATA           INVOIBC0DGROUP 
 0004:0000 0159AH     ABERROR_DATA       FAR_DATA           ABERRORDGROUP 
 0004:159A 00402H     ABERROR_BSS        FAR_DATA           ABERRORDGROUP 
 0005:0000 008C4H     INVOICE_DATA       FAR_DATA           INVOICEDGROUP 
 0005:08C4 02100H     INVOICE_BSS        FAR_DATA           INVOICEDGROUP 
 0006:0000 02991H     INVOI002_DATA      FAR_DATA           INVOI002DGROUP 
 0006:2991 000E9H     INVOI002_BSS       FAR_DATA           INVOI002DGROUP 
 0007:0000 037E5H     INVOI001_DATA      FAR_DATA           INVOI001DGROUP 
 0007:37E5 001F5H     INVOI001_BSS       FAR_DATA           INVOI001DGROUP 
 0008:0000 00002H     _INIT_START        INIT_CODE          _INIT_GROUP 
 0008:0002 00023H     _INIT              INIT_CODE          _INIT_GROUP 
 0008:0025 00002H     _INIT_END          INIT_CODE          _INIT_GROUP 
 0009:0000 00012H     BEGDATA            DATA               DGROUP 
 0009:0012 0002AH     INIT_DATA          DATA               DGROUP 
 0009:003C 00000H     EMU_STATE          DATA               DGROUP 
 0009:003C 00000H     CONST              CONST              DGROUP 
 0009:003C 00000H     _CONST             DATA               DGROUP 
 0009:003C 0000AH     _DATA              DATA               DGROUP 
 0009:0046 00000H     BSS_START          BSS                DGROUP 
 0009:0046 00000H     _BSS               BSS                DGROUP 
 0009:0046 00000H     BSS_END            BSS                DGROUP 
 0009:0050 0040AH     STACK              STACK              DGROUP 
 000A:0000 0001BH     INVOIBC_TEXT       CODE               (none)
 000A:001B 000E4H     ENTERCODE          CODE               (none)
 000A:0100 0029EH     ABFUZZY_TEXT       CODE               (none)
 000A:039E 002BEH     INVOICE_TEXT       CODE               (none)
 000A:065C 003D6H     INIT_TEXT          CODE               (none)
 000A:0A32 008B3H     INVOI003_TEXT      CODE               (none)
 000A:12E4 009F2H     ABDROPS_TEXT       CODE               (none)
 000B:0000 00B3FH     ABTOOLBA_TEXT      CODE               (none)
 000B:0B40 010F9H     ABEIP_TEXT         CODE               (none)
 000C:0000 016F6H     INVOIBC0_TEXT      CODE               (none)
 000D:0000 01D8DH     ABWINDOW_TEXT      CODE               (none)
 000E:0000 0210FH     ABRESIZE_TEXT      CODE               (none)
 000F:0000 02281H     ABPOPUP_TEXT       CODE               (none)
 0010:0000 023B6H     ABERROR_TEXT       CODE               (none)
 0011:0000 02B8FH     ABUTIL_TEXT        CODE               (none)
 0012:0000 0498DH     ABQUERY_TEXT       CODE               (none)
 0013:0000 0503EH     INVOI002_TEXT      CODE               (none)
 0014:0000 05288H     ABREPORT_TEXT      CODE               (none)
 0015:0000 065B3H     ABBROWSE_TEXT      CODE               (none)
 0016:0000 07C63H     ABFILE_TEXT        CODE               (none)
 0017:0000 0B399H     INVOI001_TEXT      CODE               (none)

  Address         Publics by Value

 0001:0006       TYPE$COMPONENTLIST
 0001:0014       TYPE$BUTTONLIST
 0001:002F       TYPE$HISTORYLIST
 0001:0061       TYPE$FILELIST
 0001:007C       TYPE$FUZZYCLASS
 0001:011C       VMT$FUZZYCLASS
 0001:0122       $FUZZYOBJECT
 0001:0126       TYPE$EDITENTRYCLASS
 0001:0156       VMT$EDITENTRYCLASS
 0001:0174       TCB$COLORMAP
 0001:0182       TYPE$COLORMAP
 0001:01A5       $COLORMAP
 0001:01DB       $MULTIWINDOW
 0001:01DD       $TXTWINDOW
 0001:01DF       TYPE$POPUPCLASS
 0001:0264       VMT$POPUPCLASS
 0001:026A       TYPE$POPUPITEMQUEUE
 0001:02D8       $GLOT:CUSTNAME
 0001:02FB       $GLOT:SHIPNAME
 0001:031E       $GLOT:CUSTADDRESS
 0001:034B       $GLOT:SHIPADDRESS
 0001:0378       $GLOT:CUSCSZ
 0001:03A0       $GLOT:SHIPCSZ
 0001:03C8       $GLOBALREQUEST
 0001:03C9       $GLOBALRESPONSE
 0001:03CA       $VCRREQUEST
 0001:03D0       TYPE$FILEDROPCLASS
 0001:04E5       VMT$FILEDROPCLASS
 0001:0573       TYPE$CONSTANTCLASS
 0001:05DE       VMT$CONSTANTCLASS
 0001:05FB       TYPE$FIELDPAIRSCLASS
 0001:060C       VMT$FIELDPAIRSCLASS
 0001:0636       TYPE$BUFFEREDPAIRSCLASS
 0001:0653       VMT$BUFFEREDPAIRSCLASS
 0001:0682       TYPE$INICLASS
 0001:06A3       VMT$INICLASS
 0001:06B9       TYPE$SELECTFILECLASS
 0001:071B       VMT$SELECTFILECLASS
 0001:0721       TYPE$CONSTDESCRIPTORLIST
 0001:0868       TYPE$WINDOWRESIZECLASS
 0001:0944       VMT$WINDOWRESIZECLASS
 0001:098B       TYPE$QUERYFORMVISUAL
 0001:0B30       VMT$QUERYFORMVISUAL
 0001:0B96       TYPE$QUERYFORMCLASS
 0001:0C44       VMT$QUERYFORMCLASS
 0001:0C52       TYPE$FIELDQUEUE
 0001:0CB5       TYPE$POPUPQUEUE
 0001:0CD7       TYPE$TOOLBARLISTBOXCLASS
 0001:0D4C       VMT$TOOLBARLISTBOXCLASS
 0001:0D62       TYPE$TOOLBARUPDATECLASS
 0001:0DE1       VMT$TOOLBARUPDATECLASS
 0001:0DF7       TYPE$TOOLBARCLASS
 0001:0E08       VMT$TOOLBARCLASS
 0001:0E1A       $LISTBOXTIPS
 0001:0ED4       $RELTREEBOXTIPS
 0001:0F6E       $UPDATEINSERTTIPS
 0001:0FAB       $UPDATECHANGETIPS
 0001:10B6       TYPE$TOOLBARTARGETQUEUE
 0001:10E2       TYPE$FILEMANAGER
 0001:121C       VMT$FILEMANAGER
 0001:1313       TCB$FILEMAPPING
 0001:1321       TYPE$FILEMAPPING
 0001:1344       TYPE$RELATIONQUEUE
 0001:1382       TYPE$FILETHREADQUEUE
 0001:13C1       TYPE$KEYFIELDQUEUE
 0001:13E7       TYPE$FILEKEYQUEUE
 0001:142A       TYPE$FIELDSLIST
 0001:1451       TYPE$SAVEQUEUE
 0001:1485       $EPOC
 0001:1489       TCB$STATUSQ
 0001:1497       TYPE$STATUSQ
 0001:14DD       TYPE$FILESMANAGER
 0001:14EE       VMT$FILESMANAGER
 0001:1502       $FILEMAPPING
 0001:150A       $STATUSQ
 0001:151D       $FILESMANAGER
 0002:0022       TYPE$PRINTPREVIEWCLASS
 0002:049E       VMT$PRINTPREVIEWCLASS
 0002:051C       $ZOOMPRESETS
 0002:05C8       TYPE$ZOOMITEMQUEUE
 0002:05F9       TYPE$PAGEMANAGERCLASS
 0002:06AF       VMT$PAGEMANAGERCLASS
 0002:06C2       TYPE$STEPLONGCLASS
 0002:06E3       VMT$STEPLONGCLASS
 0002:06FD       TYPE$STEPSTRINGCLASS
 0002:0745       VMT$STEPSTRINGCLASS
 0002:075F       TYPE$STEPLOCATORCLASS
 0002:0798       VMT$STEPLOCATORCLASS
 0002:07C2       TYPE$INCREMENTALLOCATORCLASS
 0002:0806       VMT$INCREMENTALLOCATORCLASS
 0002:0834       TYPE$FILTERLOCATORCLASS
 0002:0885       VMT$FILTERLOCATORCLASS
 0002:0942       TYPE$BROWSEEIPMANAGER
 0002:0B60       VMT$BROWSEEIPMANAGER
 0002:0BDA       TYPE$STANDARDBEHAVIOR
 0002:0C11       VMT$STANDARDBEHAVIOR
 0002:0C57       TYPE$BROWSECLASS
 0002:0F7A       VMT$BROWSECLASS
 0002:1054       $SCROLL:ALPHA
 0002:111C       $SCROLL:NAME
 0002:1248       $OVERRIDECHARACTERS
 0003:0000       $HIDE:ACCESS:STATES
 0003:0147       TYPE$HIDE:ACCESS:STATES
 0003:0281       VMT$HIDE:ACCESS:STATES
 0003:0313       TYPE$HIDE:RELATE:STATES
 0003:0356       VMT$HIDE:RELATE:STATES
 0003:0384       $HIDE:ACCESS:COMPANY
 0003:04CB       TYPE$HIDE:ACCESS:COMPANY
 0003:0605       VMT$HIDE:ACCESS:COMPANY
 0003:0697       TYPE$HIDE:RELATE:COMPANY
 0003:06DA       VMT$HIDE:RELATE:COMPANY
 0003:0708       $HIDE:ACCESS:PRODUCTS
 0003:084F       TYPE$HIDE:ACCESS:PRODUCTS
 0003:0989       VMT$HIDE:ACCESS:PRODUCTS
 0003:0A1B       TYPE$HIDE:RELATE:PRODUCTS
 0003:0A5E       VMT$HIDE:RELATE:PRODUCTS
 0003:0A8C       $HIDE:ACCESS:INVHIST
 0003:0BD3       TYPE$HIDE:ACCESS:INVHIST
 0003:0D0D       VMT$HIDE:ACCESS:INVHIST
 0003:0D9F       TYPE$HIDE:RELATE:INVHIST
 0003:0DE2       VMT$HIDE:RELATE:INVHIST
 0003:0E10       $HIDE:ACCESS:DETAIL
 0003:0F57       TYPE$HIDE:ACCESS:DETAIL
 0003:1091       VMT$HIDE:ACCESS:DETAIL
 0003:1123       TYPE$HIDE:RELATE:DETAIL
 0003:1166       VMT$HIDE:RELATE:DETAIL
 0003:1194       $HIDE:ACCESS:ORDERS
 0003:12DB       TYPE$HIDE:ACCESS:ORDERS
 0003:1415       VMT$HIDE:ACCESS:ORDERS
 0003:14A7       TYPE$HIDE:RELATE:ORDERS
 0003:14EA       VMT$HIDE:RELATE:ORDERS
 0003:1518       $HIDE:ACCESS:CUSTOMERS
 0003:165F       TYPE$HIDE:ACCESS:CUSTOMERS
 0003:1799       VMT$HIDE:ACCESS:CUSTOMERS
 0003:182B       TYPE$HIDE:RELATE:CUSTOMERS
 0003:186E       VMT$HIDE:RELATE:CUSTOMERS
 0003:189C       $HIDE:RELATE:STATES
 0003:18B1       $HIDE:RELATE:COMPANY
 0003:18C6       $HIDE:RELATE:PRODUCTS
 0003:18DB       $HIDE:RELATE:INVHIST
 0003:18F0       $HIDE:RELATE:DETAIL
 0003:1905       $HIDE:RELATE:ORDERS
 0003:191A       $HIDE:RELATE:CUSTOMERS
 0004:0057       TYPE$STANDARDERRORLOGCLASS
 0004:007D       VMT$STANDARDERRORLOGCLASS
 0004:008F       TYPE$ERRORCLASS
 0004:01A8       VMT$ERRORCLASS
 0004:01E2       TYPE$MSGBOXCLASS
 0004:03D3       VMT$MSGBOXCLASS
 0004:0435       TYPE$HISTHANDLERCLASS
 0004:0476       VMT$HISTHANDLERCLASS
 0004:04A0       $DEFAULTERRORS
 0004:134C       TYPE$DEFAULTERRORS
 0004:1541       TYPE$PNQ
 0004:1559       $STDERRORFILE
 0004:158A       STDERRORFILE$TYPE$RECORD
 0004:159A       $WINDOW
 0004:159C       STDERRORFILE$RECORD
 0004:199C       KEYS$STDERRORFILE
 0004:199C       MEMOS$STDERRORFILE
 0005:0000       $STATES
 0005:0031       STATES$STA:STATECODEKEY
 0005:004E       KEYS$STATES
 0005:0052       STATES$TYPE$STA:RECORD
 0005:0077       $COMPANY
 0005:00A8       COMPANY$TYPE$COM:RECORD
 0005:0101       $PRODUCTS
 0005:0132       PRODUCTS$PRO:KEYPRODUCTNUMBER
 0005:014F       PRODUCTS$PRO:KEYPRODUCTSKU
 0005:016C       PRODUCTS$PRO:KEYDESCRIPTION
 0005:0189       KEYS$PRODUCTS
 0005:0195       PRODUCTS$TYPE$PRO:RECORD
 0005:0236       $INVHIST
 0005:0267       INVHIST$INV:KEYPRODUCTNUMBERDATE
 0005:0288       INVHIST$INV:KEYPRODNUMBERDATE
 0005:02A7       INVHIST$INV:KEYVENDORNUMBERDATE
 0005:02C6       KEYS$INVHIST
 0005:02D2       INVHIST$TYPE$INV:RECORD
 0005:0349       $DETAIL
 0005:037A       DETAIL$DTL:KEYDETAILS
 0005:039B       KEYS$DETAIL
 0005:039F       DETAIL$TYPE$DTL:RECORD
 0005:048F       $ORDERS
 0005:04C0       ORDERS$ORD:KEYCUSTORDERNUMBER
 0005:04DF       ORDERS$ORD:INVOICENUMBERKEY
 0005:04FC       KEYS$ORDERS
 0005:0504       ORDERS$TYPE$ORD:RECORD
 0005:0602       $CUSTOMERS
 0005:0633       CUSTOMERS$CUS:KEYCUSTNUMBER
 0005:0650       CUSTOMERS$CUS:KEYFULLNAME
 0005:0671       CUSTOMERS$CUS:KEYCOMPANY
 0005:068E       CUSTOMERS$CUS:KEYZIPCODE
 0005:06AB       CUSTOMERS$CUS:STATEKEY
 0005:06C8       KEYS$CUSTOMERS
 0005:06DC       CUSTOMERS$TYPE$CUS:RECORD
 0005:07AE       $RE
 0005:08C4       $GLO:PATHNAME
 0005:08F6       STATES$STA:RECORD
 0005:0911       MEMOS$STATES
 0005:0911       COMPANY$COM:RECORD
 0005:0977       PRODUCTS$PRO:RECORD
 0005:0977       KEYS$COMPANY
 0005:0977       MEMOS$COMPANY
 0005:09F8       INVHIST$INV:RECORD
 0005:09F8       MEMOS$PRODUCTS
 0005:0A45       DETAIL$DTL:RECORD
 0005:0A45       MEMOS$INVHIST
 0005:0A76       MEMOS$DETAIL
 0005:0A76       ORDERS$ORD:RECORD
 0005:0B71       MEMOS$ORDERS
 0005:0B71       CUSTOMERS$CUS:RECORD
 0005:0C38       $ACCESS:STATES
 0005:0C38       MEMOS$CUSTOMERS
 0005:0C3C       $RELATE:STATES
 0005:0C40       $ACCESS:COMPANY
 0005:0C44       $RELATE:COMPANY
 0005:0C48       $ACCESS:PRODUCTS
 0005:0C4C       $RELATE:PRODUCTS
 0005:0C50       $ACCESS:INVHIST
 0005:0C54       $RELATE:INVHIST
 0005:0C58       $ACCESS:DETAIL
 0005:0C5C       $RELATE:DETAIL
 0005:0C60       $ACCESS:ORDERS
 0005:0C64       $RELATE:ORDERS
 0005:0C68       $ACCESS:CUSTOMERS
 0005:0C6C       $RELATE:CUSTOMERS
 0005:0C70       $FUZZYMATCHER
 0005:2293       $GLOBALERRORS
 0005:28B8       $INIMGR
 0009:003C       __IREG
 000A:0000       DCTINIT@F
 000A:0010       DCTKILL@F
 000A:0100       CONSTRUCT@F10FUZZYCLASS
 000A:02C8       INIT@F10FUZZYCLASS
 000A:02FA       KILL@F10FUZZYCLASS
 000A:0300       SETOPTION@F10FUZZYCLASSUCUC
 000A:04E4       _MAIN
 000A:0A32       INVOI003$PRINTSELECTEDCUSTOMER@F
 000A:0C02       INVOI003$CITYSTATEZIP@FOSBOSBOSB
 000A:12E4       ADDFIELD@F13FILEDROPCLASSRURU
 000A:1354       ADDRECORD@F13FILEDROPCLASS
 000A:138E       BUFFERMATCHES@F13FILEDROPCLASS
 000A:1444       INIT@F13FILEDROPCLASSSRSBBIBQ15RELATIONMANAGER13WINDOWMANAGER
 000A:1636       KILL@F13FILEDROPCLASS
 000A:16BE       RESETQUEUE@F13FILEDROPCLASSUC
 000A:190E       SETQUEUERECORD@F13FILEDROPCLASS
 000A:1956       TAKEACCEPTED@F13FILEDROPCLASS
 000A:195C       TAKEEVENT@F13FILEDROPCLASS
 000A:19A0       TAKENEWSELECTION@F13FILEDROPCLASS
 000A:19CA       TAKENEWSELECTION@F13FILEDROPCLASSS
 000A:1AD6       VALIDATERECORD@F13FILEDROPCLASS
 000A:1AEE       UPDATEWINDOW_@_WINDOWCOMPONENT_@_FILEDROPCLASS@F15WINDOWCOMPONENT
 000A:1AFE       UPDATE_@_WINDOWCOMPONENT_@_FILEDROPCLASS@F15WINDOWCOMPONENT
 000A:1B0E       TAKEEVENT_@_WINDOWCOMPONENT_@_FILEDROPCLASS@F15WINDOWCOMPONENT
 000A:1B92       SETALERTS_@_WINDOWCOMPONENT_@_FILEDROPCLASS@F15WINDOWCOMPONENT
 000A:1BA2       RESETREQUIRED_@_WINDOWCOMPONENT_@_FILEDROPCLASS@F15WINDOWCOMPONENT
 000A:1BEC       RESET_@_WINDOWCOMPONENT_@_FILEDROPCLASS@F15WINDOWCOMPONENTUC
 000A:1C3A       KILL_@_WINDOWCOMPONENT_@_FILEDROPCLASS@F15WINDOWCOMPONENT
 000B:0000       SETTIPS@FSB
 000B:0114       DISPLAYBUTTONS@F13TOOLBARTARGET
 000B:02E4       TRYTAKETOOLBAR@F13TOOLBARTARGET
 000B:02EC       TAKEEVENT@F13TOOLBARTARGETPL13WINDOWMANAGER
 000B:0364       DISPLAYBUTTONS@F19TOOLBARLISTBOXCLASS
 000B:0392       TAKETOOLBAR@F19TOOLBARLISTBOXCLASS
 000B:03C4       TAKEEVENT@F19TOOLBARLISTBOXCLASSPL13WINDOWMANAGER
 000B:04EA       TRYTAKETOOLBAR@F19TOOLBARLISTBOXCLASS
 000B:0558       DISPLAYBUTTONS@F19TOOLBARRELTREECLASS
 000B:0586       TAKETOOLBAR@F19TOOLBARRELTREECLASS
 000B:05B8       DISPLAYBUTTONS@F18TOOLBARUPDATECLASS
 000B:064C       TAKETOOLBAR@F18TOOLBARUPDATECLASS
 000B:06A8       TAKEEVENT@F18TOOLBARUPDATECLASSPL13WINDOWMANAGER
 000B:072E       TRYTAKETOOLBAR@F18TOOLBARUPDATECLASS
 000B:0750       ADDTARGET@F12TOOLBARCLASS13TOOLBARTARGETS
 000B:07CC       DISPLAYBUTTONS@F12TOOLBARCLASS
 000B:0838       INIT@F12TOOLBARCLASS
 000B:086E       KILL@F12TOOLBARCLASS
 000B:0898       SETTARGET@F12TOOLBARCLASSS
 000B:09E6       TAKEEVENT@F12TOOLBARCLASSPL13WINDOWMANAGER
 000B:0B40       INIT@F9EDITCLASSUSUSRU
 000B:0BF6       KILL@F9EDITCLASS
 000B:0C34       SETALERTS@F9EDITCLASS
 000B:0D18       SETREADONLY@F9EDITCLASSUC
 000B:0D56       TAKEEVENT@F9EDITCLASSUS
 000B:0DA6       CREATECONTROL@F14EDITENTRYCLASS
 000B:0DD0       ADDCONTROL@F10EIPMANAGER9EDITCLASSUSUC
 000B:0E4A       CLEARCOLUMN@F10EIPMANAGER
 000B:0E98       INIT@F10EIPMANAGER
 000B:0F28       INITCONTROLS@F10EIPMANAGER
 000B:10F2       KILL@F10EIPMANAGER
 000B:122A       NEXT@F10EIPMANAGER
 000B:1376       GETEDIT@F10EIPMANAGER
 000B:13A8       RESETCOLUMN@F10EIPMANAGER
 000B:1472       RUN@F10EIPMANAGERUC
 000B:14A0       TAKEACTION@F10EIPMANAGERUS
 000B:1864       TAKECOMPLETED@F10EIPMANAGERUC
 000B:189A       TAKEEVENT@F10EIPMANAGER
 000B:192E       TAKEFIELDEVENT@F10EIPMANAGER
 000B:1A9A       TAKEFOCUSLOSS@F10EIPMANAGER
 000B:1B2A       TAKENEWSELECTION@F10EIPMANAGER
 000C:0000       INVOIBC0$INVOIBC0:DCTINIT@F
 000C:0086       INVOIBC0$INVOIBC0:DCTKILL@F
 000C:0134       INVOIBC0$INVOIBC0:FILESINIT@F
 000C:018A       INIT@F18HIDE:ACCESS:STATES
 000C:0236       KILL@F18HIDE:ACCESS:STATES
 000C:0260       INIT@F18HIDE:RELATE:STATES
 000C:029C       KILL@F18HIDE:RELATE:STATES
 000C:02E2       INIT@F19HIDE:ACCESS:COMPANY
 000C:0378       KILL@F19HIDE:ACCESS:COMPANY
 000C:03A2       INIT@F19HIDE:RELATE:COMPANY
 000C:03DA       KILL@F19HIDE:RELATE:COMPANY
 000C:0420       INIT@F20HIDE:ACCESS:PRODUCTS
 000C:0506       KILL@F20HIDE:ACCESS:PRODUCTS
 000C:0530       INIT@F20HIDE:RELATE:PRODUCTS
 000C:056C       KILL@F20HIDE:RELATE:PRODUCTS
 000C:05B2       INIT@F19HIDE:ACCESS:INVHIST
 000C:0698       KILL@F19HIDE:ACCESS:INVHIST
 000C:06C2       PRIMEFIELDS@F19HIDE:ACCESS:INVHIST
 000C:06F0       VALIDATEFIELDSERVER@F19HIDE:ACCESS:INVHISTUSUC
 000C:07D6       INIT@F19HIDE:RELATE:INVHIST
 000C:0812       KILL@F19HIDE:RELATE:INVHIST
 000C:0858       INIT@F18HIDE:ACCESS:DETAIL
 000C:0904       KILL@F18HIDE:ACCESS:DETAIL
 000C:092E       VALIDATEFIELDSERVER@F18HIDE:ACCESS:DETAILUSUC
 000C:0B5C       INIT@F18HIDE:RELATE:DETAIL
 000C:0B98       KILL@F18HIDE:RELATE:DETAIL
 000C:0BDE       INIT@F18HIDE:ACCESS:ORDERS
 000C:0C8E       KILL@F18HIDE:ACCESS:ORDERS
 000C:0CB8       PRIMEFIELDS@F18HIDE:ACCESS:ORDERS
 000C:0CFC       VALIDATEFIELDSERVER@F18HIDE:ACCESS:ORDERSUSUC
 000C:0E90       INIT@F18HIDE:RELATE:ORDERS
 000C:0ECC       KILL@F18HIDE:RELATE:ORDERS
 000C:0F12       INIT@F21HIDE:ACCESS:CUSTOMERS
 000C:1032       KILL@F21HIDE:ACCESS:CUSTOMERS
 000C:105C       PRIMEFIELDS@F21HIDE:ACCESS:CUSTOMERS
 000C:108E       VALIDATEFIELDSERVER@F21HIDE:ACCESS:CUSTOMERSUSUC
 000C:116C       INIT@F21HIDE:RELATE:CUSTOMERS
 000C:11A8       KILL@F21HIDE:RELATE:CUSTOMERS
 000D:0000       ADDHISTORYFIELD@F13WINDOWMANAGERSS
 000D:004C       ADDHISTORYFILE@F13WINDOWMANAGERRGRG
 000D:00EC       ADDITEM@F13WINDOWMANAGER11BROWSECLASS
 000D:0128       ADDITEM@F13WINDOWMANAGERSUC
 000D:0186       ADDITEM@F13WINDOWMANAGER12TOOLBARCLASS
 000D:01B6       ADDITEM@F13WINDOWMANAGER18TOOLBARUPDATECLASS
 000D:0242       ADDITEM@F13WINDOWMANAGER15WINDOWCOMPONENT
 000D:02AE       ADDITEM@F13WINDOWMANAGER17WINDOWRESIZECLASS
 000D:02D4       ADDUPDATEFILE@F13WINDOWMANAGER11FILEMANAGER
 000D:034C       ASK@F13WINDOWMANAGER
 000D:03C2       REMOVEITEM@F13WINDOWMANAGER15WINDOWCOMPONENT
 000D:0452       INIT@F13WINDOWMANAGER
 000D:04F8       KILL@F13WINDOWMANAGER
 000D:06E6       OPEN@F13WINDOWMANAGER
 000D:073E       POSTCOMPLETED@F13WINDOWMANAGER
 000D:0786       PRIMEFIELDS@F13WINDOWMANAGER
 000D:078C       PRIMEUPDATE@F13WINDOWMANAGER
 000D:0966       RESET@F13WINDOWMANAGERUC
 000D:0A3C       RESETBUFFERS@F13WINDOWMANAGERUC
 000D:0ACE       RESTOREFIELD@F13WINDOWMANAGERS
 000D:0BFA       RUN@F13WINDOWMANAGER
 000D:0C5C       RUN@F13WINDOWMANAGERUSUC
 000D:0C64       SAVEHISTORY@F13WINDOWMANAGER
 000D:0D7A       SETALERTS@F13WINDOWMANAGER
 000D:0EA6       SETRESPONSE@F13WINDOWMANAGERUC
 000D:0EFA       TAKEACCEPTED@F13WINDOWMANAGER
 000D:1000       TAKECOMPLETED@F13WINDOWMANAGER
 000D:1058       TAKECLOSEEVENT@F13WINDOWMANAGER
 000D:124E       TAKEEVENT@F13WINDOWMANAGER
 000D:1498       TAKEFIELDEVENT@F13WINDOWMANAGER
 000D:14A0       TAKENEWSELECTION@F13WINDOWMANAGER
 000D:151E       TAKEREJECTED@F13WINDOWMANAGER
 000D:1548       TAKESELECTED@F13WINDOWMANAGER
 000D:1550       TAKEWINDOWEVENT@F13WINDOWMANAGER
 000D:16A8       UPDATE@F13WINDOWMANAGER
 000E:0000       GETPARENTCONTROL@F17WINDOWRESIZECLASSS
 000E:005E       GETPOSITIONSTRATEGY@F17WINDOWRESIZECLASSSOUC
 000E:0128       GETRESIZESTRATEGY@F17WINDOWRESIZECLASSSOUC
 000E:024E       GETORIGPOS@F17WINDOWRESIZECLASSS13POSITIONGROUP
 000E:02BA       GETCURRENTPOS@F17WINDOWRESIZECLASSS13POSITIONGROUP
 000E:031E       INIT@F17WINDOWRESIZECLASSUCUCUC
 000E:04C8       KILL@F17WINDOWRESIZECLASS
 000E:052E       RESET@F17WINDOWRESIZECLASS
 000E:085A       RESIZE@F17WINDOWRESIZECLASS
 000E:087E       RESIZE@F17WINDOWRESIZECLASSS
 000E:0BE0       RESIZECHILDREN@F17WINDOWRESIZECLASSS13POSITIONGROUP13POSITIONGROUP
 000E:0DF8       RESTOREWINDOW@F17WINDOWRESIZECLASS
 000E:0EA6       SETPARENTCONTROL@F17WINDOWRESIZECLASSSS
 000E:0FB0       SETPARENTDEFAULTS@F17WINDOWRESIZECLASS
 000E:12AC       SETPOSITION@F17WINDOWRESIZECLASSS13POSITIONGROUP13POSITIONGROUP13POSITIONGROUP13POSITIONGROUP
 000E:1A06       TAKERESIZE@F17WINDOWRESIZECLASS
 000E:1A26       RESTORECONTROLS@F17WINDOWRESIZECLASS
 000E:1ACE       GETSIZEINFO@FS13POSITIONGROUP
 000E:1BEA       SETSIZE@FS13POSITIONGROUP
 000E:1C9C       SETPRIORITIES@F17WINDOWRESIZECLASS13POSITIONGROUP
 000F:0000       GETUNIQUENAME@F10POPUPCLASSSB
 000F:0238       REMOVEAMPERSAND@FSB
 000F:031C       POPTOOLBOX@FSBSB
 000F:0396       ADDITEM@F10POPUPCLASSSB
 000F:0412       ADDITEM@F10POPUPCLASSSBSB
 000F:0476       ADDITEM@F10POPUPCLASSSBSBSBUC
 000F:0502       ADDITEMEVENT@F10POPUPCLASSSBUSS
 000F:0606       ADDITEMMIMIC@F10POPUPCLASSSBSOSB
 000F:073E       ADDMENU@F10POPUPCLASSSBUC
 000F:08E0       ADDSUBMENU@F10POPUPCLASSSBSB
 000F:0946       ADDSUBMENU@F10POPUPCLASSSBSBSB
 000F:09EA       ASK@F10POPUPCLASSSS
 000F:0B04       ASKTOOLBOX@F10POPUPCLASSSB
 000F:0E04       CHECKMIMICS@F10POPUPCLASS
 000F:0FD8       DELETEITEM@F10POPUPCLASSSB
 000F:1024       EXECUTEPOPUP@F10POPUPCLASSSBUSUS
 000F:113A       GETITEMS@F10POPUPCLASS
 000F:115A       GETLASTSELECTION@F10POPUPCLASS
 000F:117A       GETMENUTEXT@F10POPUPCLASS
 000F:1474       GETNAME@F10POPUPCLASSUS
 000F:15EC       INIT@F10POPUPCLASS
 000F:162A       KILL@F10POPUPCLASS
 000F:1658       LOCATENAME@F10POPUPCLASSSB
 000F:16FE       RESETTOOLBOX@F10POPUPCLASS
 000F:19FC       SETITEM@F10POPUPCLASSUSUSSBSB
 000F:1C92       SETITEMCHECK@F10POPUPCLASSSBUC
 000F:1D4A       SETITEMENABLE@F10POPUPCLASSSBUC
 000F:1E02       SETICON@F10POPUPCLASSSBSB
 000F:1E84       SETTOOLBOX@F10POPUPCLASSSBUC
 000F:1EFC       SETTRANSLATOR@F10POPUPCLASS15TRANSLATORCLASS
 000F:1F3C       TOOLBOX@F10POPUPCLASSSB
 0010:0000       CONSTRUCT@F21STANDARDERRORLOGCLASS
 0010:001C       DESTRUCT@F21STANDARDERRORLOGCLASS
 0010:003A       OPEN@F21STANDARDERRORLOGCLASSUC
 0010:00BA       CLOSE@F21STANDARDERRORLOGCLASSUC
 0010:0120       TAKE_@_ERRORLOGINTERFACE_@_STANDARDERRORLOGCLASS@F17ERRORLOGINTERFACESB
 0010:01B2       OPEN_@_ERRORLOGINTERFACE_@_STANDARDERRORLOGCLASS@F17ERRORLOGINTERFACEUC
 0010:01E6       CLOSE_@_ERRORLOGINTERFACE_@_STANDARDERRORLOGCLASS@F17ERRORLOGINTERFACEUC
 0010:021A       ADDERRORS@F10ERRORCLASS10ERRORBLOCK
 0010:03B8       ADDHISTORY@F10ERRORCLASS
 0010:03F2       GETCATEGORY@F10ERRORCLASSS
 0010:048C       GETPROCEDURENAME@F10ERRORCLASS
 0010:0586       HISTORYMSG@F10ERRORCLASSSBLLL
 0010:069C       INIT@F10ERRORCLASS
 0010:0750       INIT@F10ERRORCLASS17ERRORLOGINTERFACE
 0010:07DE       KILL@F10ERRORCLASS
 0010:086E       MESSAGE@F10ERRORCLASSSLL
 0010:0906       MSG@F10ERRORCLASSSBOSBOSBLLL
 0010:0CB4       MESSAGEBOX@F10ERRORCLASSUCSBOSBOSBLLL
 0010:0D38       RESETHISTORY@F10ERRORCLASS
 0010:0D56       SETCATEGORY@F10ERRORCLASSSSA
 0010:0DCA       SETERRORS@F10ERRORCLASS
 0010:0E46       SETFIELD@F10ERRORCLASSSB
 0010:0E88       SETFILE@F10ERRORCLASSSB
 0010:0ECC       SETID@F10ERRORCLASSUS
 0010:0F1C       SETPROCEDURENAME@F10ERRORCLASSOSB
 0010:0FBA       SUBSSTRING@F10ERRORCLASS
 0010:1318       TAKEBENIGN@F10ERRORCLASS
 0010:1320       TAKEERROR@F10ERRORCLASSS
 0010:13CE       TAKEFATAL@F10ERRORCLASS
 0010:1476       TAKENOTIFY@F10ERRORCLASS
 0010:14E8       TAKEOTHER@F10ERRORCLASS
 0010:1508       TAKEPROGRAM@F10ERRORCLASS
 0010:1528       TAKEUSER@F10ERRORCLASS
 0010:15A8       THROW@F10ERRORCLASSS
 0010:15D2       THROWMESSAGE@F10ERRORCLASSSSB
 0010:1626       VIEWHISTORY@F10ERRORCLASS
 0010:1662       FETCHSTDBUTTON@F11MSGBOXCLASSS
 0010:16DC       INIT@F11MSGBOXCLASSBW10ERRORCLASSOSBLLLL
 0010:17A6       INIT@F11MSGBOXCLASS
 0010:1A90       KILL@F11MSGBOXCLASS
 0010:1AEA       SETUPADDITIONALFEQS@F11MSGBOXCLASS
 0010:1B70       TAKEACCEPTED@F11MSGBOXCLASS
 0010:1BD4       _VLBPROC@F16HISTHANDLERCLASSLS
 0010:1C0A       INIT@F16HISTHANDLERCLASSBW10ERRORCLASS16ERRORHISTORYLIST
 0010:1C3E       TAKEEVENT@F16HISTHANDLERCLASS
 0010:1D50       VLBPROC@F16HISTHANDLERCLASSLS
 0010:1E50       UPDATEWINDOW_@_WINDOWCOMPONENT_@_HISTHANDLERCLASS@F15WINDOWCOMPONENT
 0010:1E6A       UPDATE_@_WINDOWCOMPONENT_@_HISTHANDLERCLASS@F15WINDOWCOMPONENT
 0010:1E7A       TAKEEVENT_@_WINDOWCOMPONENT_@_HISTHANDLERCLASS@F15WINDOWCOMPONENT
 0010:1EC0       SETALERTS_@_WINDOWCOMPONENT_@_HISTHANDLERCLASS@F15WINDOWCOMPONENT
 0010:1ED0       RESETREQUIRED_@_WINDOWCOMPONENT_@_HISTHANDLERCLASS@F15WINDOWCOMPONENT
 0010:1EE2       RESET_@_WINDOWCOMPONENT_@_HISTHANDLERCLASS@F15WINDOWCOMPONENTUC
 0010:1EF2       KILL_@_WINDOWCOMPONENT_@_HISTHANDLERCLASS@F15WINDOWCOMPONENT
 0010:1F02       REPLACE@FSBSBRSC
 0010:1FF0       SETID@F10ERRORCLASSUSUS
 0011:0000       ADDDOLLAR@FSB
 0011:00E0       REMOVEDOLLAR@FSB
 0011:01C8       ADDITEM@F13CONSTANTCLASSUCRU
 0011:024A       GETBYTE@F13CONSTANTCLASS
 0011:02BA       GETSHORT@F13CONSTANTCLASS
 0011:02DA       GETUSHORT@F13CONSTANTCLASS
 0011:0314       GETLONG@F13CONSTANTCLASS
 0011:0350       GETPSTRING@F13CONSTANTCLASS
 0011:03D8       GETCSTRING@F13CONSTANTCLASS
 0011:044E       INIT@F13CONSTANTCLASSUC
 0011:04B8       KILL@F13CONSTANTCLASS
 0011:0564       RESET@F13CONSTANTCLASS
 0011:05DC       SET@F13CONSTANTCLASSRSB
 0011:068A       NEXT@F13CONSTANTCLASS
 0011:0908       ADDPAIR@F15FIELDPAIRSCLASSRURU
 0011:0996       ADDITEM@F15FIELDPAIRSCLASSRU
 0011:0A22       ASSIGNLEFTTORIGHT@F15FIELDPAIRSCLASS
 0011:0AB6       ASSIGNRIGHTTOLEFT@F15FIELDPAIRSCLASS
 0011:0B4A       CLEARLEFT@F15FIELDPAIRSCLASS
 0011:0BC0       CLEARRIGHT@F15FIELDPAIRSCLASS
 0011:0C38       EQUAL@F15FIELDPAIRSCLASS
 0011:0C50       EQUALLEFTRIGHT@F15FIELDPAIRSCLASS
 0011:0CDE       KILL@F15FIELDPAIRSCLASS
 0011:0D94       INIT@F15FIELDPAIRSCLASS
 0011:0DC6       ADDPAIR@F18BUFFEREDPAIRSCLASSRURU
 0011:0EA6       ASSIGNBUFFERTOLEFT@F18BUFFEREDPAIRSCLASS
 0011:0F3A       ASSIGNBUFFERTORIGHT@F18BUFFEREDPAIRSCLASS
 0011:0FD0       ASSIGNLEFTTOBUFFER@F18BUFFEREDPAIRSCLASS
 0011:1064       ASSIGNRIGHTTOBUFFER@F18BUFFEREDPAIRSCLASS
 0011:10FA       EQUALLEFTBUFFER@F18BUFFEREDPAIRSCLASS
 0011:1188       EQUALRIGHTBUFFER@F18BUFFEREDPAIRSCLASS
 0011:1218       INIT@F18BUFFEREDPAIRSCLASS
 0011:125C       KILL@F18BUFFEREDPAIRSCLASS
 0011:133C       FETCH@F8INICLASSSBSBSBSB
 0011:13C4       UPDATE@F8INICLASSSBSBSBSB
 0011:144A       ADDSECTOR@F8INICLASSSB
 0011:1500       DELETESECTOR@F8INICLASSSB
 0011:15A8       FETCH@F8INICLASS
 0011:15AE       FETCH@F8INICLASSSBSB
 0011:16DE       FETCH@F8INICLASSSBBW
 0011:193E       FETCHFIELD@F8INICLASSSBSBUC
 0011:1A6A       FETCHQUEUE@F8INICLASSSBSBBQRUPUPU
 0011:1C54       GETFAMILY@F8INICLASSSBRSCRSCRSC
 0011:1DB6       GETSECTOR@F8INICLASSSBSBSB
 0011:1E48       GETSECTORS@F8INICLASSOSBOSBOSB11SECTORQUEUE
 0011:2026       INIT@F8INICLASSSB
 0011:2144       TRYFETCH@F8INICLASSSBSB
 0011:21B8       UPDATE@F8INICLASS
 0011:21BE       UPDATE@F8INICLASSSBBW
 0011:2360       UPDATE@F8INICLASSSBSBSB
 0011:23E4       UPDATE@F8INICLASSSBSBBQRUPUPU
 0011:25A4       INIT@F15SELECTFILECLASS
 0011:25DA       ADDMASK@F15SELECTFILECLASSSB
 0011:268E       ADDMASK@F15SELECTFILECLASSSBSB
 0011:275A       ASK@F15SELECTFILECLASSUC
 0011:28C6       SETMASK@F15SELECTFILECLASSSB
 0011:2916       SETMASK@F15SELECTFILECLASSSBSB
 0012:0000       MAKEOPERATOR@FSBSB
 0012:00A0       MAKEOPERATOR@FSBSBRSCRSC
 0012:0404       ADDITEM@F10QUERYCLASSSBSBOSBUC
 0012:05B2       ASK@F10QUERYCLASSUC
 0012:086C       FINDNAME@F10QUERYCLASSSB
 0012:08E0       GETFILTER@F10QUERYCLASS
 0012:0C7A       GETLIMIT@F10QUERYCLASSRSCRSCRUCUCRSC
 0012:0F4E       INIT@F10QUERYCLASS11QUERYVISUAL8INICLASSSB10ERRORCLASS
 0012:102A       KILL@F10QUERYCLASS
 0012:108A       QUOTE@F10QUERYCLASSSB
 0012:119A       RESET@F10QUERYCLASSOSB
 0012:126A       SETLIMIT@F10QUERYCLASSSBOSBOSBOSB
 0012:14E2       SETQUICKPOPUP@F10QUERYCLASS10POPUPCLASSUS
 0012:19EE       SAVE@F10QUERYCLASSSB
 0012:1B12       TAKE@F10QUERYCLASS10POPUPCLASS
 0012:1BF0       RESTORE@F10QUERYCLASSSB
 0012:200E       DELETE@F10QUERYCLASSSB
 0012:207A       GETQUERIES@F10QUERYCLASS11SECTORQUEUE
 0012:2140       CLEARQUERY@F10QUERYCLASS
 0012:2244       INIT@F11QUERYVISUAL
 0012:257C       TAKEACCEPTED@F11QUERYVISUAL
 0012:271E       TAKEFIELDEVENT@F11QUERYVISUAL
 0012:2846       KILL@F11QUERYVISUAL
 0012:28C0       RESET@F11QUERYVISUALUC
 0012:29AC       TAKEWINDOWEVENT@F11QUERYVISUAL
 0012:31AE       INIT@F15QUERYFORMVISUAL
 0012:34C4       SETTEXT@F15QUERYFORMVISUALUSSB
 0012:36A2       TAKEACCEPTED@F15QUERYFORMVISUAL
 0012:394C       TAKECOMPLETED@F15QUERYFORMVISUAL
 0012:3980       TAKEFIELDEVENT@F15QUERYFORMVISUAL
 0012:3B14       RESETFROMQUERY@F15QUERYFORMVISUAL
 0012:3BBA       UPDATEFIELDS@F15QUERYFORMVISUAL
 0012:3CE2       INIT@F14QUERYFORMCLASS15QUERYFORMVISUAL8INICLASSSB10ERRORCLASS
 0012:3D54       KILL@F14QUERYFORMCLASS
 0013:0000       UPDATECOMPANY@F
 0013:01B8       INVOI002$UPDATEPRODUCTS@F
 0013:03CC       INVOI002$BROWSEPRODUCTS@F
 0013:06EC       INVOI002$ABOUTAUTHOR@F
 0013:07AE       INVOI002$PRINTCUS:STATEKEY@F
 0013:0966       INVOI002$PRINTPRO:KEYPRODUCTSKU@F
 0013:0B10       INVOI002$PRINTINVOICE@F
 0013:0E0A       INVOI002$PRINTMAILINGLABELS@F
 0013:0F96       INVOI002$SPLASHSCREEN@F
 0013:1058       INVOI002$PRINTSELECTEDPRODUCT@F
 0014:0000       IDX2PERCENTILE@F17PRINTPREVIEWCLASSUC
 0014:00D2       PERCENTILE2IDX@F17PRINTPREVIEWCLASSS
 0014:017C       INIT@F12PROCESSCLASSBI15RELATIONMANAGERSPUC9STEPCLASSRU
 0014:0200       KILL@F12PROCESSCLASS
 0014:0298       NEXT@F12PROCESSCLASSUC
 0014:0572       RESET@F12PROCESSCLASS
 0014:064A       SETPROGRESSLIMITS@F12PROCESSCLASS
 0014:0732       SETPROGRESSLIMITS@F12PROCESSCLASSSBSB
 0014:085C       TAKEACCEPTED@F12PROCESSCLASS
 0014:0862       TAKELOCATE@F12PROCESSCLASS
 0014:08BC       TAKERECORD@F12PROCESSCLASS
 0014:08C4       UPDATEDISPLAY@F12PROCESSCLASS
 0014:0942       ASKPAGE@F17PRINTPREVIEWCLASS
 0014:0A90       ASKPRINTPAGES@F17PRINTPREVIEWCLASS
 0014:0C12       ASKTHUMBNAILS@F17PRINTPREVIEWCLASS
 0014:0D28       CONFIGMENUCHECKS@F17PRINTPREVIEWCLASS
 0014:0E12       DELETEIMAGEQUEUE@F17PRINTPREVIEWCLASSL
 0014:0EC0       DISPLAY@F17PRINTPREVIEWCLASSSLUSUS
 0014:1110       DRAWPAGE@F17PRINTPREVIEWCLASS
 0014:11D8       INIT@F17PRINTPREVIEWCLASS12PREVIEWQUEUE
 0014:13F2       INPAGELIST@F17PRINTPREVIEWCLASSL
 0014:1642       KILL@F17PRINTPREVIEWCLASS
 0014:16B6       NEWZOOM@F17PRINTPREVIEWCLASS
 0014:16E4       OPEN@F17PRINTPREVIEWCLASS
 0014:1C2E       RESETUSERZOOM@F17PRINTPREVIEWCLASS
 0014:1D00       SETDEFAULTPAGES@F17PRINTPREVIEWCLASS
 0014:1D50       SETINIMANAGER@F17PRINTPREVIEWCLASS8INICLASS
 0014:1D8A       SYNCIMAGEQUEUE@F17PRINTPREVIEWCLASS
 0014:1DFE       TAKEACCEPTED@F17PRINTPREVIEWCLASS
 0014:248A       TAKEEVENT@F17PRINTPREVIEWCLASS
 0014:2BD4       TAKEWINDOWEVENT@F17PRINTPREVIEWCLASS
 0014:2C02       TAKEFIELDEVENT@F17PRINTPREVIEWCLASS
 0014:2C84       ASK@F13REPORTMANAGER
 0014:2CE6       ASKPREVIEW@F13REPORTMANAGER
 0014:2DCE       NEXT@F13REPORTMANAGER
 0014:2E50       INIT@F13REPORTMANAGER12PROCESSCLASSBR17PRINTPREVIEWCLASS
 0014:2F00       KILL@F13REPORTMANAGER
 0014:2FB6       OPEN@F13REPORTMANAGER
 0014:2FEC       OPENREPORT@F13REPORTMANAGER
 0014:30AE       TAKEACCEPTED@F13REPORTMANAGER
 0014:30F2       TAKECLOSEEVENT@F13REPORTMANAGER
 0014:3210       TAKENORECORDS@F13REPORTMANAGER
 0014:323C       TAKERECORD@F13REPORTMANAGER
 0014:3340       TAKEWINDOWEVENT@F13REPORTMANAGER
 0014:356A       COORDCONTAINED@F16PAGEMANAGERCLASSSS
 0014:37CA       DELETE@F16PAGEMANAGERCLASS
 0014:380C       DELETE@F16PAGEMANAGERCLASSL
 0014:3882       DRAW@F16PAGEMANAGERCLASSLS
 0014:3F9C       EXISTS@F16PAGEMANAGERCLASSL
 0014:3FF0       GETPROP@F16PAGEMANAGERCLASSLUS
 0014:4074       HIGHLIGHT@F16PAGEMANAGERCLASSL
 0014:411A       INIT@F16PAGEMANAGERCLASS17PRINTPREVIEWCLASSLUSRSB
 0014:4280       KILL@F16PAGEMANAGERCLASS
 0014:42FE       SETCENTRE@F16PAGEMANAGERCLASSLUCUC
 0014:4394       SETPOSITION@F16PAGEMANAGERCLASSLSSUSUS
 0015:0000       INIT@F9STEPCLASSUC
 0015:001C       KILL@F9STEPCLASS
 0015:0022       SETLIMITNEEDED@F9STEPCLASS
 0015:002A       GETPERCENTILE@F13STEPLONGCLASSU
 0015:0100       GETVALUE@F13STEPLONGCLASSUC
 0015:0190       SETLIMIT@F13STEPLONGCLASSUU
 0015:0282       GETPERCENTILE@F15STEPSTRINGCLASSU
 0015:043C       GETVALUE@F15STEPSTRINGCLASSUC
 0015:04E6       HASH@F15STEPSTRINGCLASSSB
 0015:05DC       INIT@F15STEPSTRINGCLASSUCUC
 0015:0818       KILL@F15STEPSTRINGCLASS
 0015:0868       SETLIMIT@F15STEPSTRINGCLASSUU
 0015:0C04       SETLIMITNEEDED@F15STEPSTRINGCLASS
 0015:0C2A       UNHASH@F15STEPSTRINGCLASSL
 0015:0CE4       DESTRUCT@F12LOCATORCLASS
 0015:0D08       GETSHADOW@F12LOCATORCLASS
 0015:0D1E       INIT@F12LOCATORCLASSSRUUC11BROWSECLASS
 0015:0D6A       RESET@F12LOCATORCLASS
 0015:0D70       SET@F12LOCATORCLASS
 0015:0DB2       SETALERTS@F12LOCATORCLASSS
 0015:0DB8       SETENABLED@F12LOCATORCLASSUC
 0015:0E04       SETSHADOW@F12LOCATORCLASSSB
 0015:0E1E       TAKEACCEPTED@F12LOCATORCLASS
 0015:0E26       UPDATEWINDOW@F12LOCATORCLASS
 0015:0E46       SET@F16STEPLOCATORCLASS
 0015:0E4C       TAKEKEY@F16STEPLOCATORCLASS
 0015:0F9C       INIT@F17ENTRYLOCATORCLASSSRUUC11BROWSECLASS
 0015:1024       GETSHADOW@F17ENTRYLOCATORCLASS
 0015:1044       SET@F17ENTRYLOCATORCLASS
 0015:10CA       SETSHADOW@F17ENTRYLOCATORCLASSSB
 0015:110A       TAKEACCEPTED@F17ENTRYLOCATORCLASS
 0015:1174       UPDATE@F17ENTRYLOCATORCLASS
 0015:11E8       UPDATEWINDOW@F17ENTRYLOCATORCLASS
 0015:1206       SETALERTS@F23INCREMENTALLOCATORCLASSS
 0015:1250       TAKEKEY@F23INCREMENTALLOCATORCLASS
 0015:133E       RESET@F18FILTERLOCATORCLASS
 0015:1344       TAKEACCEPTED@F18FILTERLOCATORCLASS
 0015:13AC       UPDATEWINDOW@F18FILTERLOCATORCLASS
 0015:15F8       CLEARCOLUMN@F16BROWSEEIPMANAGER
 0015:166C       INIT@F16BROWSEEIPMANAGER
 0015:1B5E       KILL@F16BROWSEEIPMANAGER
 0015:1BA6       TAKECOMPLETED@F16BROWSEEIPMANAGERUC
 0015:1E12       TAKENEWSELECTION@F16BROWSEEIPMANAGER
 0015:1ECE       INIT@F16STANDARDBEHAVIORBQRSBS
 0015:1F14       SETCONTROL_@_ILISTCONTROL_@_STANDARDBEHAVIOR@F12ILISTCONTROLS
 0015:1F48       SETCHOICE_@_ILISTCONTROL_@_STANDARDBEHAVIOR@F12ILISTCONTROLS
 0015:1FB2       GETVISIBLE_@_ILISTCONTROL_@_STANDARDBEHAVIOR@F12ILISTCONTROL
 0015:1FFE       GETITEMS_@_ILISTCONTROL_@_STANDARDBEHAVIOR@F12ILISTCONTROL
 0015:204A       GETCONTROL_@_ILISTCONTROL_@_STANDARDBEHAVIOR@F12ILISTCONTROL
 0015:2078       CHOICE_@_ILISTCONTROL_@_STANDARDBEHAVIOR@F12ILISTCONTROL
 0015:20AA       SETVIEWPOSITION_@_BROWSEQUEUE_@_STANDARDBEHAVIOR@F11BROWSEQUEUESB
 0015:2114       GETVIEWPOSITION_@_BROWSEQUEUE_@_STANDARDBEHAVIOR@F11BROWSEQUEUE
 0015:2166       WHO_@_BROWSEQUEUE_@_STANDARDBEHAVIOR@F11BROWSEQUEUEUS
 0015:21A6       FREE_@_BROWSEQUEUE_@_STANDARDBEHAVIOR@F11BROWSEQUEUE
 0015:21DC       DELETE_@_BROWSEQUEUE_@_STANDARDBEHAVIOR@F11BROWSEQUEUE
 0015:2212       UPDATE_@_BROWSEQUEUE_@_STANDARDBEHAVIOR@F11BROWSEQUEUE
 0015:2248       FETCH_@_BROWSEQUEUE_@_STANDARDBEHAVIOR@F11BROWSEQUEUEUS
 0015:228A       INSERT_@_BROWSEQUEUE_@_STANDARDBEHAVIOR@F11BROWSEQUEUEUS
 0015:22CC       INSERT_@_BROWSEQUEUE_@_STANDARDBEHAVIOR@F11BROWSEQUEUE
 0015:2302       RECORDS_@_BROWSEQUEUE_@_STANDARDBEHAVIOR@F11BROWSEQUEUE
 0015:2338       ADDEDITCONTROL@F11BROWSECLASS9EDITCLASSUSUC
 0015:2376       ADDFIELD@F11BROWSECLASSRURU
 0015:23E6       ADDFIELD@F11BROWSECLASSRLRL
 0015:2462       ADDFIELD@F11BROWSECLASSRSBRSB
 0015:24E0       ADDLOCATOR@F11BROWSECLASS12LOCATORCLASS
 0015:251C       ADDSORTORDER@F11BROWSECLASS9STEPCLASSBK
 0015:25EA       ADDTOOLBARTARGET@F11BROWSECLASS12TOOLBARCLASS
 0015:267E       APPLYRANGE@F11BROWSECLASS
 0015:2740       ASK@F11BROWSECLASSUC
 0015:281C       ASKRECORD@F11BROWSECLASSUC
 0015:284A       CHECKEIP@F11BROWSECLASS
 0015:2974       FETCH@F11BROWSECLASSUC
 0015:2BE2       INIT@F11BROWSECLASSSRSBBIBQ15RELATIONMANAGER13WINDOWMANAGER
 0015:2C8A       INIT@F11BROWSECLASS12ILISTCONTROLBI11BROWSEQUEUE15RELATIONMANAGER13WINDOWMANAGER
 0015:2E0C       INITSORT@F11BROWSECLASSUC
 0015:2E88       KILL@F11BROWSECLASS
 0015:31E4       NEXT@F11BROWSECLASS
 0015:322E       NOTIFYUPDATEERROR@F11BROWSECLASS
 0015:326C       POSTNEWSELECTION@F11BROWSECLASS
 0015:32FA       PREVIOUS@F11BROWSECLASS
 0015:3344       RECORDS@F11BROWSECLASS
 0015:33E2       RESETFROMASK@F11BROWSECLASSRUCRUC
 0015:355C       RESETFROMBUFFER@F11BROWSECLASS
 0015:35F0       RESETFROMFILE@F11BROWSECLASS
 0015:3650       RESETFROMVIEW@F11BROWSECLASS
 0015:368E       RESETQUEUE@F11BROWSECLASSUC
 0015:3C3A       RESETRESETS@F11BROWSECLASS
 0015:3C60       RESETSORT@F11BROWSECLASSUC
 0015:3C9A       RESETTHUMBLIMITS@F11BROWSECLASS
 0015:3E10       SCROLLEND@F11BROWSECLASSS
 0015:3EE2       SCROLLONE@F11BROWSECLASSS
 0015:3FB2       SCROLLPAGE@F11BROWSECLASSS
 0015:40D6       SETALERTS@F11BROWSECLASS
 0015:45FE       SETQUEUERECORD@F11BROWSECLASS
 0015:4642       SETSORT@F11BROWSECLASSUCUC
 0015:47D0       TAKEACCEPTEDLOCATOR@F11BROWSECLASS
 0015:48EA       TAKECHOICECHANGED@F11BROWSECLASS
 0015:497C       TAKEEVENT@F11BROWSECLASS
 0015:4F80       TAKEKEY@F11BROWSECLASS
 0015:5100       TAKELOCATE@F11BROWSECLASS
 0015:5182       TAKENEWSELECTION@F11BROWSECLASS
 0015:523C       TAKESCROLL@F11BROWSECLASSS
 0015:52EA       TAKEVCRSCROLL@F11BROWSECLASSS
 0015:53E4       UPDATEBUFFER@F11BROWSECLASS
 0015:544E       UPDATEQUERY@F11BROWSECLASS10QUERYCLASSUC
 0015:55E4       UPDATERESETS@F11BROWSECLASS
 0015:560A       UPDATETHUMB@F11BROWSECLASS
 0015:57AE       UPDATETHUMBFIXED@F11BROWSECLASS
 0015:5906       UPDATETOOLBARBUTTONS@F11BROWSECLASS
 0015:59D6       UPDATEVIEWRECORD@F11BROWSECLASS
 0015:5A98       UPDATEWINDOW@F11BROWSECLASS
 0015:5CB2       UPDATEWINDOW_@_WINDOWCOMPONENT_@_BROWSECLASS@F15WINDOWCOMPONENT
 0015:5CFA       UPDATE_@_WINDOWCOMPONENT_@_BROWSECLASS@F15WINDOWCOMPONENT
 0015:5D42       TAKEEVENT_@_WINDOWCOMPONENT_@_BROWSECLASS@F15WINDOWCOMPONENT
 0015:5D8A       SETALERTS_@_WINDOWCOMPONENT_@_BROWSECLASS@F15WINDOWCOMPONENT
 0015:5DD2       RESETREQUIRED_@_WINDOWCOMPONENT_@_BROWSECLASS@F15WINDOWCOMPONENT
 0015:5E18       RESET_@_WINDOWCOMPONENT_@_BROWSECLASS@F15WINDOWCOMPONENTUC
 0015:5E6A       KILL_@_WINDOWCOMPONENT_@_BROWSECLASS@F15WINDOWCOMPONENT
 0016:0000       CONCATGETCOMPONENTS@F13KEYFIELDQUEUERSCUC
 0016:00BC       DUPSTRING@FSB
 0016:0146       CASEDVALUE@FSBRUU
 0016:02D2       LOCALACTION@FUC
 0016:02FE       CLEANUP@F11FILEMANAGER
 0016:0670       OPCODECANBEDONE@FS
 0016:069A       DESTRUCT@F11FILEMANAGER
 0016:06BA       ADDKEY@F11FILEMANAGERBKSBUC
 0016:0A28       BINDFIELDS@F11FILEMANAGER
 0016:0A66       CANCELAUTOINC@F11FILEMANAGER15RELATIONMANAGER
 0016:0B30       CLEARKEY@F11FILEMANAGERBKUCUCUC
 0016:0C1A       CLOSE@F11FILEMANAGER
 0016:0CE0       EQUALBUFFER@F11FILEMANAGERRUS
 0016:0E82       FETCH@F11FILEMANAGERBK
 0016:0ECA       GETCOMPONENTS@F11FILEMANAGERBK
 0016:0F02       GETEOF@F11FILEMANAGER
 0016:0F2A       GETFIELD@F11FILEMANAGERBKUC
 0016:0FBC       GETFIELDNAME@F11FILEMANAGERBKUC
 0016:1062       GETNAME@F11FILEMANAGER
 0016:10A8       INIT@F11FILEMANAGERBF10ERRORCLASS
 0016:11CA       INSERT@F11FILEMANAGER
 0016:11E6       INSERTSERVER@F11FILEMANAGERUC
 0016:13F2       KEYTOORDER@F11FILEMANAGERBKUC
 0016:156C       KILL@F11FILEMANAGER
 0016:15B2       NEXT@F11FILEMANAGER
 0016:15D2       NEXTSERVER@F11FILEMANAGERUCUC
 0016:1718       OPEN@F11FILEMANAGER
 0016:1738       OPENFILE@F11FILEMANAGERUC
 0016:1980       OPENSERVER@F11FILEMANAGERUCUC
 0016:1A46       POSITION@F11FILEMANAGER
 0016:1AD2       PREVIOUS@F11FILEMANAGER
 0016:1AF2       PRIMEAUTOINC@F11FILEMANAGER
 0016:1B0E       PRIMEAUTOINCSERVER@F11FILEMANAGERUC
 0016:1FBA       PRIMEFIELDS@F11FILEMANAGER
 0016:1FC0       PRIMERECORD@F11FILEMANAGERUC
 0016:212E       RESTOREBUFFER@F11FILEMANAGERRUSUC
 0016:2160       RESTOREBUFFER@F11FILEMANAGERRUS11FILEMANAGERUC
 0016:2388       RESTOREFILE@F11FILEMANAGERRUSUC
 0016:23BA       RESTOREFILE@F11FILEMANAGERRUS11FILEMANAGERUC
 0016:257A       SAVEBUFFER@F11FILEMANAGER
 0016:27EA       SAVEFILE@F11FILEMANAGER
 0016:296E       SETERROR@F11FILEMANAGERUS
 0016:29B0       SETKEY@F11FILEMANAGERBK
 0016:2A6C       SETTHREAD@F11FILEMANAGER
 0016:2BA6       THROW@F11FILEMANAGERUS
 0016:2BD6       THROW@F11FILEMANAGER
 0016:2C0C       THROWMESSAGE@F11FILEMANAGERUSSB
 0016:2C50       TRYFETCH@F11FILEMANAGERBK
 0016:2CAE       TRYINSERT@F11FILEMANAGER
 0016:2CCA       TRYNEXT@F11FILEMANAGER
 0016:2CEA       TRYOPEN@F11FILEMANAGER
 0016:2D0A       TRYPREVIOUS@F11FILEMANAGER
 0016:2D2A       TRYPRIMEAUTOINC@F11FILEMANAGER
 0016:2D46       TRYREGET@F11FILEMANAGERSB
 0016:2E04       TRYUPDATE@F11FILEMANAGER
 0016:2E20       UPDATE@F11FILEMANAGER
 0016:2E3C       UPDATESERVER@F11FILEMANAGERUC
 0016:2F5E       USEFILE@F11FILEMANAGERUC
 0016:302E       VALIDATEFIELD@F11FILEMANAGERUS
 0016:3058       TRYVALIDATEFIELD@F11FILEMANAGERUS
 0016:3082       VALIDATEFIELDSERVER@F11FILEMANAGERUSUC
 0016:314A       VALIDATEFIELDS@F11FILEMANAGERUSUSPUS
 0016:3288       VALIDATERECORD@F11FILEMANAGERPUS
 0016:3396       DELETERECORD@F11FILEMANAGERUC
 0016:33B4       DELETED@F11FILEMANAGER
 0016:33BC       FUNCTIONDONE_@_FILECALLBACKINTERFACE_@_FILEMANAGER@F21FILECALLBACKINTERFACES6PARAMSRSCRSC
 0016:34E2       FUNCTIONCALLED_@_FILECALLBACKINTERFACE_@_FILEMANAGER@F21FILECALLBACKINTERFACES6PARAMSRSCRSC
 0016:378C       ADDRELATION@F15RELATIONMANAGER15RELATIONMANAGER
 0016:3806       ADDRELATION@F15RELATIONMANAGER15RELATIONMANAGERUCUCBK
 0016:38AA       ADDRELATIONLINK@F15RELATIONMANAGERRLRL
 0016:396C       ADDRELATIONLINK@F15RELATIONMANAGERRSBRSB
 0016:3A30       CANCELAUTOINC@F15RELATIONMANAGER
 0016:3A60       CASCADEUPDATES@F15RELATIONMANAGER
 0016:3BAE       CLOSE@F15RELATIONMANAGERUC
 0016:3BD2       DELETE@F15RELATIONMANAGERUC
 0016:3E76       DELETESECONDARY@F15RELATIONMANAGERBK18BUFFEREDPAIRSCLASSUC
 0016:4164       INIT@F15RELATIONMANAGER11FILEMANAGERUC
 0016:41A6       KILL@F15RELATIONMANAGER
 0016:4284       LISTLINKINGFIELDS@F15RELATIONMANAGER15RELATIONMANAGER15FIELDPAIRSCLASSUC
 0016:44C6       LOGOUTDELETE@F15RELATIONMANAGER
 0016:4598       LOGOUTPRIME@F15RELATIONMANAGER
 0016:4644       LOGOUTUPDATE@F15RELATIONMANAGER
 0016:46FC       OPENCLOSESERVER@F15RELATIONMANAGERUCUC
 0016:4860       OPEN@F15RELATIONMANAGERUC
 0016:4884       SAVE@F15RELATIONMANAGER
 0016:4910       SETQUICKSCAN@F15RELATIONMANAGERUCUC
 0016:4A8A       UPDATE@F15RELATIONMANAGERUC
 0016:4D34       UPDATESECONDARY@F15RELATIONMANAGERBK18BUFFEREDPAIRSCLASSUC
 0016:4EFE       ADDRANGE@F11VIEWMANAGERRU
 0016:4F84       ADDRANGE@F11VIEWMANAGERRU15RELATIONMANAGER15RELATIONMANAGER
 0016:5004       ADDSORTORDER@F11VIEWMANAGERBK
 0016:515A       APPENDORDER@F11VIEWMANAGERSB
 0016:5258       APPLYFILTER@F11VIEWMANAGER
 0016:5844       APPLYORDER@F11VIEWMANAGER
 0016:58C8       APPLYRANGE@F11VIEWMANAGER
 0016:5B2E       CLOSE@F11VIEWMANAGER
 0016:5B5E       GETFREEELEMENTNAME@F11VIEWMANAGER
 0016:5BCA       GETFREEELEMENTPOSITION@F11VIEWMANAGER
 0016:5C62       INIT@F11VIEWMANAGERBI15RELATIONMANAGER9SORTORDER
 0016:5D04       KILL@F11VIEWMANAGER
 0016:5EF6       LIMITMAJORCOMPONENTS@F11VIEWMANAGERRU
 0016:6010       NEXT@F11VIEWMANAGER
 0016:6098       OPEN@F11VIEWMANAGER
 0016:6180       PREVIOUS@F11VIEWMANAGER
 0016:6208       PRIMERECORD@F11VIEWMANAGERUC
 0016:63F2       RESET@F11VIEWMANAGERUC
 0016:6468       RESET@F11VIEWMANAGER
 0016:648C       SETFILTER@F11VIEWMANAGERSB
 0016:64D6       SETFILTER@F11VIEWMANAGERSBSB
 0016:6672       SETFREEELEMENT@F11VIEWMANAGER
 0016:6724       SETORDER@F11VIEWMANAGERSB
 0016:67FA       SETSORT@F11VIEWMANAGERUC
 0016:688A       USEVIEW@F11VIEWMANAGER
 0016:69A0       VALIDATERECORD@F11VIEWMANAGER
 0016:69A8       ADDFILEMAPPING@F12FILESMANAGER11FILEMANAGER
 0016:6A82       CONSTRUCT@F12FILESMANAGER
 0016:6A88       DESTRUCT@F12FILESMANAGER
 0016:6A8E       FINDRECORD@F12FILESMANAGER11FILEMANAGER
 0016:6BB6       GETFILEID@F12FILESMANAGERBF
 0016:6BE6       GETFILEMAPPING@F12FILESMANAGERL
 0016:6C3C       NOTECLOSE@F12FILESMANAGER11FILEMANAGER
 0016:6CE0       NOTEOPEN@F12FILESMANAGER11FILEMANAGER
 0016:6D40       NOTEUSAGE@F12FILESMANAGER11FILEMANAGERUC
 0016:6DF2       REMOVEFILEMAPPING@F12FILESMANAGERL
 0016:6E48       REMOVEFILEMAPPING@F12FILESMANAGER11FILEMANAGER
 0017:0000       MAIN@F
 0017:00F8       INVOI001$SELECTSTATES@F
 0017:0332       INVOI001$UPDATECUSTOMERS@F
 0017:0502       INVOI001$BROWSEALLORDERS@F
 0017:0732       INVOI001$SELECTPRODUCTS@F
 0017:09AC       INVOI001$UPDATEDETAIL@F
 0017:0B9A       INVOI001$UPDATEORDERS@F
 0017:0D88       INVOI001$PRINTINVOICEFROMBROWSE@F
 0017:0FE4       INVOI001$BROWSEORDERS@F
 0017:1364       INVOI001$BROWSECUSTOMERS@F

Program entry point at 000A:001B
