  401358     5915 Code                ABBROWSE_TEXT
  406C70     1332 Code                ABEIP_TEXT
  407FA4     2102 Code                ABERROR_TEXT
  40A0A8     701B Code                ABFILE_TEXT
  4110C4      249 Code                ABFUZZY_TEXT
  411310     216D Code                ABPOPUP_TEXT
  413480     2917 Code                ABQUERY_TEXT
  415D98     1EDA Code                ABRESIZE_TEXT
  417C74      20E Code                ABTOOLBA_TEXT
  417E84     29C3 Code                ABUTIL_TEXT
  41A848     21F4 Code                ABWINDOW_TEXT
  41CA3C       96 Code                CWSYNCHC_TEXT
  41CAD4       41 Code                IEXE32_TEXT
  41CB18      3DF Code                INIT_TEXT
  41CEF8       37 Code                INST00_TEXT
  41CF30      3D9 Code                TUTOR001_TEXT
  41D30C      A34 Code                TUTOR002_TEXT
  41DD40       4E Code                TUTOR003_TEXT
  41DD90       4E Code                TUTOR004_TEXT
  41DDE0       4E Code                TUTOR005_TEXT
  41DE30       4E Code                TUTOR006_TEXT
  41DE80       4E Code                TUTOR007_TEXT
  41DED0       4E Code                TUTOR008_TEXT
  41DF20       4E Code                TUTOR009_TEXT
  41DF70       4E Code                TUTOR010_TEXT
  41DFC0      EEA Code                TUTOR011_TEXT
  41EEAC       4E Code                TUTOR013_TEXT
  41EEFC      6BF Code                TUTOR015_TEXT
  41F5BC      9AA Code                TUTORBC0_TEXT
  41FF68       1B Code                TUTORBC_TEXT
  41FF84       ED Code                TUTOR_TEXT
  421000      19D Initialized Data    ABBROWSE_CONST
  4211A0      C74 Initialized Data    ABBROWSE_DATA
  421E14       8A Initialized Data    ABEIP_CONST
  421EA0       AC Initialized Data    ABEIP_DATA
  421F4C      340 Initialized Data    ABERROR_CONST
  42228C     197C Initialized Data    ABERROR_DATA
  423C08      A69 Initialized Data    ABFILE_CONST
  424674      50B Initialized Data    ABFILE_DATA
  424B80       B4 Initialized Data    ABFUZZY_DATA
  424C34       F0 Initialized Data    ABPOPUP_CONST
  424D24      120 Initialized Data    ABPOPUP_DATA
  424E44      281 Initialized Data    ABQUERY_CONST
  4250C8       87 Initialized Data    ABQUERY_DATA
  425150      14D Initialized Data    ABRESIZE_CONST
  4252A0      23F Initialized Data    ABRESIZE_DATA
  4254E0       3D Initialized Data    ABTOOLBA_CONST
  425520       4C Initialized Data    ABTOOLBA_DATA
  42556C      1FF Initialized Data    ABUTIL_CONST
  42576C      189 Initialized Data    ABUTIL_DATA
  4258F8       49 Initialized Data    ABWINDOW_CONST
  425944       9B Initialized Data    ABWINDOW_DATA
  4259E0       24 Initialized Data    CWSYNCHC_DATA
  425A04       3C Initialized Data    IEXE32_DATA
  425A40       27 Initialized Data    TUTOR001_CONST
  425A68      268 Initialized Data    TUTOR001_DATA
  425CD0       4F Initialized Data    TUTOR002_CONST
  425D20      8C9 Initialized Data    TUTOR002_DATA
  4265EC       21 Initialized Data    TUTOR003_CONST
  426610       1E Initialized Data    TUTOR004_CONST
  426630       1E Initialized Data    TUTOR005_CONST
  426650        C Initialized Data    TUTOR006_CONST
  42665C       20 Initialized Data    TUTOR007_CONST
  42667C       1F Initialized Data    TUTOR008_CONST
  42669C        C Initialized Data    TUTOR009_CONST
  4266A8       1A Initialized Data    TUTOR010_CONST
  4266C4       8F Initialized Data    TUTOR011_CONST
  426754      8C5 Initialized Data    TUTOR011_DATA
  42701C        C Initialized Data    TUTOR013_CONST
  427028       43 Initialized Data    TUTOR015_CONST
  42706C      864 Initialized Data    TUTOR015_DATA
  4278D0       82 Initialized Data    TUTORBC0_CONST
  427954      8D0 Initialized Data    TUTORBC0_DATA
  428224       BD Initialized Data    TUTOR_CONST
  4282E4      154 Initialized Data    TUTOR_DATA
  428438        0 Initialized Data    __CPPINI_CONS
  428438      364 Initialized Data    __CPPINI_CONST
  42879C        4 Initialized Data    __CPPINI_END
  4287A0        0 Initialized Data    __INIVMT_CONS
  4287A0      128 Initialized Data    __INIVMT_CONST
  4288C8        0 Initialized Data    __INIVMT_CONST_END
  4288D0       40 Un-initialized Data ABEIP_BSS
  428910        4 Un-initialized Data ABERROR_BSS
  428914        0 Un-initialized Data ABFILE_BSS
  428914        4 Un-initialized Data ABFUZZY_BSS
  428918      104 Un-initialized Data ABUTIL_BSS
  428A1C     1744 Un-initialized Data TUTOR_BSS
  42B000        8 __T_L_S__DAT
  42B008      2E9 __T_L_S__DATA
  42B2F4        0 __T_L_S__DATA_END
  42B300        0 __T_L_S__BS
  42B300     15E4 __T_L_S__BSS
  42C8E4        0 __T_L_S__BSS_END

  401358 KILL_@_WINDOWCOMPONENT_@_BROWSECLASS@F15WINDOWCOMPONENT
  401378 RESET_@_WINDOWCOMPONENT_@_BROWSECLASS@F15WINDOWCOMPONENTUc
  4013A4 RESETREQUIRED_@_WINDOWCOMPONENT_@_BROWSECLASS@F15WINDOWCOMPONENT
  4013C4 SETALERTS_@_WINDOWCOMPONENT_@_BROWSECLASS@F15WINDOWCOMPONENT
  4013E4 TAKEEVENT_@_WINDOWCOMPONENT_@_BROWSECLASS@F15WINDOWCOMPONENT
  401408 UPDATE_@_WINDOWCOMPONENT_@_BROWSECLASS@F15WINDOWCOMPONENT
  401428 UPDATEWINDOW_@_WINDOWCOMPONENT_@_BROWSECLASS@F15WINDOWCOMPONENT
  401448 UPDATEWINDOW@F11BROWSECLASS
  40168C UPDATEVIEWRECORD@F11BROWSECLASS
  4017B4 UPDATETHUMBFIXED@F11BROWSECLASS
  40193C UPDATETHUMB@F11BROWSECLASS
  401C1C UPDATERESETS@F11BROWSECLASS
  401C3C UPDATEBUFFER@F11BROWSECLASS
  401C90 TAKEVCRSCROLL@F11BROWSECLASSl
  401D84 TAKESCROLL@F11BROWSECLASSl
  401E20 TAKENEWSELECTION@F11BROWSECLASS
  401FC0 TAKELOCATE@F11BROWSECLASS
  402270 TAKEKEY@F11BROWSECLASS
  4024D4 TAKEEVENT@F11BROWSECLASS
  402D60 TAKECHOICECHANGED@F11BROWSECLASS
  402DD0 TAKEACCEPTEDLOCATOR@F11BROWSECLASS
  402EDC SETSORT@F11BROWSECLASSUcUc
  40305C SETQUEUERECORD@F11BROWSECLASS
  403094 SETALERTS@F11BROWSECLASS
  4035FC SCROLLPAGE@F11BROWSECLASSl
  4037C4 SCROLLONE@F11BROWSECLASSl
  403854 SCROLLEND@F11BROWSECLASSl
  4038F4 RESETTHUMBLIMITS@F11BROWSECLASS
  403A04 RESETSORT@F11BROWSECLASSUc
  403A40 RESETRESETS@F11BROWSECLASS
  403B44 RESETQUEUE@F11BROWSECLASSUc
  404020 RESETFROMVIEW@F11BROWSECLASS
  40406C RESETFROMFILE@F11BROWSECLASS
  4040A4 RESETFROMBUFFER@F11BROWSECLASS
  40411C RESETFROMASK@F11BROWSECLASSRUcRUc
  4042F0 RECORDS@F11BROWSECLASS
  40436C PREVIOUS@F11BROWSECLASS
  4043BC POSTNEWSELECTION@F11BROWSECLASS
  404438 NOTIFYUPDATEERROR@F11BROWSECLASS
  404468 NEXT@F11BROWSECLASS
  4044B8 KILL@F11BROWSECLASS
  404770 INITSORT@F11BROWSECLASSUc
  4047D8 INIT@F11BROWSECLASS12ILISTCONTROLBi11BROWSEQUEUE15RELATIONMANAGER13WINDOWMANAGER
  404930 INIT@F11BROWSECLASSlRsbBiBq15RELATIONMANAGER13WINDOWMANAGER
  4049C0 FETCH@F11BROWSECLASSUc
  404BB0 CHECKEIP@F11BROWSECLASS
  404CC4 ASKRECORD@F11BROWSECLASSUc
  404CF0 ASK@F11BROWSECLASSUc
  404DC4 APPLYRANGE@F11BROWSECLASS
  404E60 ADDSORTORDER@F11BROWSECLASS9STEPCLASSBk
  404F14 ADDLOCATOR@F11BROWSECLASS12LOCATORCLASS
  404F48 ADDFIELD@F11BROWSECLASSRsbRsb
  404FC0 ADDFIELD@F11BROWSECLASSRlRl
  405030 ADDFIELD@F11BROWSECLASSRuRu
  40508C RECORDS_@_BROWSEQUEUE_@_STANDARDBEHAVIOR@F11BROWSEQUEUE
  4050A4 INSERT_@_BROWSEQUEUE_@_STANDARDBEHAVIOR@F11BROWSEQUEUE
  4050BC INSERT_@_BROWSEQUEUE_@_STANDARDBEHAVIOR@F11BROWSEQUEUEl
  4050E0 FETCH_@_BROWSEQUEUE_@_STANDARDBEHAVIOR@F11BROWSEQUEUEl
  405104 UPDATE_@_BROWSEQUEUE_@_STANDARDBEHAVIOR@F11BROWSEQUEUE
  40511C DELETE_@_BROWSEQUEUE_@_STANDARDBEHAVIOR@F11BROWSEQUEUE
  405134 FREE_@_BROWSEQUEUE_@_STANDARDBEHAVIOR@F11BROWSEQUEUE
  40514C WHO_@_BROWSEQUEUE_@_STANDARDBEHAVIOR@F11BROWSEQUEUEl
  405174 GETVIEWPOSITION_@_BROWSEQUEUE_@_STANDARDBEHAVIOR@F11BROWSEQUEUE
  40519C SETVIEWPOSITION_@_BROWSEQUEUE_@_STANDARDBEHAVIOR@F11BROWSEQUEUEsb
  4051D8 CHOICE_@_ILISTCONTROL_@_STANDARDBEHAVIOR@F12ILISTCONTROL
  4051F0 GETCONTROL_@_ILISTCONTROL_@_STANDARDBEHAVIOR@F12ILISTCONTROL
  405204 GETITEMS_@_ILISTCONTROL_@_STANDARDBEHAVIOR@F12ILISTCONTROL
  405244 GETVISIBLE_@_ILISTCONTROL_@_STANDARDBEHAVIOR@F12ILISTCONTROL
  405284 SETCHOICE_@_ILISTCONTROL_@_STANDARDBEHAVIOR@F12ILISTCONTROLl
  4052E0 SETCONTROL_@_ILISTCONTROL_@_STANDARDBEHAVIOR@F12ILISTCONTROLl
  405300 INIT@F16STANDARDBEHAVIORBqRsbl
  405350 TAKENEWSELECTION@F16BROWSEEIPMANAGER
  405408 TAKECOMPLETED@F16BROWSEEIPMANAGERUc
  405664 KILL@F16BROWSEEIPMANAGER
  4056AC INIT@F16BROWSEEIPMANAGER
  405B78 CLEARCOLUMN@F16BROWSEEIPMANAGER
  405BE0 TAKEKEY@F16STEPLOCATORCLASS
  405E38 SET@F16STEPLOCATORCLASS
  405E44 INIT@F16STEPLOCATORCLASSlRuUc
  405EB8 UPDATEWINDOW@F12LOCATORCLASS
  405ED4 TAKEACCEPTED@F12LOCATORCLASS
  405EE4 SETSHADOW@F12LOCATORCLASSsb
  405F04 SETENABLED@F12LOCATORCLASSUc
  405F5C SETALERTS@F12LOCATORCLASSl
  405F70 SETLOCATORFIELD@F12LOCATORCLASSRu
  405FDC RESET@F12LOCATORCLASS
  405FE8 INIT@F12LOCATORCLASSlRuUc11BROWSECLASS
  406048 INIT@F12LOCATORCLASSlRuUc
  406090 GETSHADOW@F12LOCATORCLASS
  4060B4 DESTRUCT@F12LOCATORCLASS
  4060D4 UNHASH@F15STEPSTRINGCLASSl
  406188 SETLIMITNEEDED@F15STEPSTRINGCLASS
  4061AC SETLIMIT@F15STEPSTRINGCLASSuu
  4064F0 KILL@F15STEPSTRINGCLASS
  406534 INIT@F15STEPSTRINGCLASSUcUc
  406754 HASH@F15STEPSTRINGCLASSsb
  406824 GETVALUE@F15STEPSTRINGCLASSUc
  40689C GETPERCENTILE@F15STEPSTRINGCLASSu
  406A0C SETLIMIT@F13STEPLONGCLASSuu
  406AF8 GETVALUE@F13STEPLONGCLASSUc
  406B74 GETPERCENTILE@F13STEPLONGCLASSu
  406C34 SETLIMITNEEDED@F9STEPCLASS
  406C44 KILL@F9STEPCLASS
  406C50 INIT@F9STEPCLASSUc
  406C70 TAKENEWSELECTION@F10EIPMANAGER
  406CF0 TAKEFOCUSLOSS@F10EIPMANAGER
  406D74 TAKEFIELDEVENT@F10EIPMANAGER
  406EB4 TAKEEVENT@F10EIPMANAGER
  406F50 TAKECOMPLETED@F10EIPMANAGERUc
  406FA8 TAKEACTION@F10EIPMANAGERl
  4072F8 TAKEACCEPTALL@F10EIPMANAGER
  407468 RUN@F10EIPMANAGERUc
  407528 RESETCOLUMN@F10EIPMANAGER
  4075F4 GETEDIT@F10EIPMANAGER
  407660 NEXT@F10EIPMANAGER
  4077B0 KILL@F10EIPMANAGER
  407918 INITCONTROLS@F10EIPMANAGER
  407ADC INIT@F10EIPMANAGER
  407B6C CLEARCOLUMN@F10EIPMANAGER
  407BC8 ADDCONTROL@F10EIPMANAGER9EDITCLASSlUc
  407C50 CREATECONTROL@F14EDITENTRYCLASS
  407C84 TAKEEVENT@F9EDITCLASSl
  407CE0 TAKEACCEPTED@F9EDITCLASSUc
  407D08 SETREADONLY@F9EDITCLASSUc
  407D6C SETALERTS@F9EDITCLASS
  407E84 KILL@F9EDITCLASS
  407EC8 INIT@F9EDITCLASSllRu
  407FA4 SETID@F10ERRORCLASSUsl
  408024 REPLACE@FsbsbRsc
  40814C KILL_@_WINDOWCOMPONENT_@_HISTHANDLERCLASS@F15WINDOWCOMPONENT
  408158 RESET_@_WINDOWCOMPONENT_@_HISTHANDLERCLASS@F15WINDOWCOMPONENTUc
  40816C RESETREQUIRED_@_WINDOWCOMPONENT_@_HISTHANDLERCLASS@F15WINDOWCOMPONENT
  40817C SETALERTS_@_WINDOWCOMPONENT_@_HISTHANDLERCLASS@F15WINDOWCOMPONENT
  408188 TAKEEVENT_@_WINDOWCOMPONENT_@_HISTHANDLERCLASS@F15WINDOWCOMPONENT
  4081A8 UPDATE_@_WINDOWCOMPONENT_@_HISTHANDLERCLASS@F15WINDOWCOMPONENT
  4081B4 UPDATEWINDOW_@_WINDOWCOMPONENT_@_HISTHANDLERCLASS@F15WINDOWCOMPONENT
  4081D4 VLBPROC@F16HISTHANDLERCLASSls
  4082D0 TAKEEVENT@F16HISTHANDLERCLASS
  4083B0 INIT@F16HISTHANDLERCLASSBw10ERRORCLASS16ERRORHISTORYLIST
  4083E8 _VLBPROC@F16HISTHANDLERCLASSls
  408420 TAKEACCEPTED@F11MSGBOXCLASS
  408470 SETUPADDITIONALFEQS@F11MSGBOXCLASS
  408508 KILL@F11MSGBOXCLASS
  40855C INIT@F11MSGBOXCLASS
  408848 INIT@F11MSGBOXCLASSBw10ERRORCLASSOsbllll
  408904 FETCHSTDBUTTON@F11MSGBOXCLASSs
  408958 VIEWHISTORY@F10ERRORCLASS
  408990 THROWMESSAGE@F10ERRORCLASSssb
  4089E8 THROW@F10ERRORCLASSs
  408A14 TAKEUSER@F10ERRORCLASS
  408A88 TAKEPROGRAM@F10ERRORCLASS
  408AA4 TAKEOTHER@F10ERRORCLASS
  408AC0 TAKENOTIFY@F10ERRORCLASS
  408B24 TAKEFATAL@F10ERRORCLASS
  408BCC TAKEERROR@F10ERRORCLASSs
  408C64 TAKEBENIGN@F10ERRORCLASS
  408C74 SUBSSTRING@F10ERRORCLASS
  409050 SETPROCEDURENAME@F10ERRORCLASSOsb
  4090E0 SETID@F10ERRORCLASSUs
  409138 SETKEY@F10ERRORCLASSsb
  409180 SETFILE@F10ERRORCLASSsb
  4091C8 SETFIELD@F10ERRORCLASSsb
  40920C SETERRORS@F10ERRORCLASS
  409284 SETERRORLOG@F10ERRORCLASS17ERRORLOGINTERFACE
  409318 SETCATEGORY@F10ERRORCLASSssa
  409388 RESETHISTORY@F10ERRORCLASS
  4093A4 MESSAGEBOX@F10ERRORCLASSUcsbOsbOsblll
  409438 MSG@F10ERRORCLASSsbOsbOsblll
  4097BC MESSAGE@F10ERRORCLASSsll
  409858 KILL@F10ERRORCLASS
  409908 INIT@F10ERRORCLASS
  4099E0 HISTORYMSG@F10ERRORCLASSsblll
  409AD4 GETPROCEDURENAME@F10ERRORCLASS
  409BD0 GETCATEGORY@F10ERRORCLASSs
  409C5C ADDHISTORY@F10ERRORCLASS
  409C94 ADDERRORS@F10ERRORCLASS10ERRORBLOCK
  409E34 DESTRUCT@F10ERRORCLASS
  409E48 CONSTRUCT@F10ERRORCLASS
  409ED8 CLOSE_@_ERRORLOGINTERFACE_@_STANDARDERRORLOGCLASS@F17ERRORLOGINTERFACEUc
  409EFC OPEN_@_ERRORLOGINTERFACE_@_STANDARDERRORLOGCLASS@F17ERRORLOGINTERFACEUc
  409F20 TAKE_@_ERRORLOGINTERFACE_@_STANDARDERRORLOGCLASS@F17ERRORLOGINTERFACEsb
  409FA4 CLOSE@F21STANDARDERRORLOGCLASSUc
  409FFC OPEN@F21STANDARDERRORLOGCLASSUc
  40A078 DESTRUCT@F21STANDARDERRORLOGCLASS
  40A090 CONSTRUCT@F21STANDARDERRORLOGCLASS
  40A0A8 REMOVEFILEMAPPING@F12FILESMANAGER11FILEMANAGER
  40A0D4 REMOVEFILEMAPPING@F12FILESMANAGERl
  40A1C8 NOTEUSAGE@F12FILESMANAGER11FILEMANAGERUc
  40A2D0 NOTEOPEN@F12FILESMANAGER11FILEMANAGER
  40A34C NOTECLOSE@F12FILESMANAGER11FILEMANAGER
  40A444 GETFILEMAPPING@F12FILESMANAGERl
  40A498 GETFILEID@F12FILESMANAGERBf
  40A4BC FINDRECORD@F12FILESMANAGER11FILEMANAGER
  40A5D8 ADDFILEMAPPING@F12FILESMANAGER11FILEMANAGER
  40A6B4 DESTRUCT@F12FILESMANAGER
  40A6EC CONSTRUCT@F12FILESMANAGER
  40A73C VALIDATERECORD@F11VIEWMANAGER
  40A74C USEVIEW@F11VIEWMANAGER
  40A864 SETSORT@F11VIEWMANAGERUc
  40A8E4 SETORDER@F11VIEWMANAGERsb
  40A9A8 SETFREEELEMENT@F11VIEWMANAGER
  40AA38 SETFILTER@F11VIEWMANAGERsbsb
  40AB94 SETFILTER@F11VIEWMANAGERsb
  40ABDC SAVEBUFFERS@F11VIEWMANAGER
  40AD58 RESTOREBUFFERS@F11VIEWMANAGER
  40AE04 RESET@F11VIEWMANAGER
  40AE24 RESET@F11VIEWMANAGERUc
  40AE7C PRIMERECORD@F11VIEWMANAGERUc
  40B01C PREVIOUS@F11VIEWMANAGER
  40B08C OPEN@F11VIEWMANAGER
  40B168 NEXT@F11VIEWMANAGER
  40B1D8 KILL@F11VIEWMANAGER
  40B380 GETFIELDASCENDING@F11VIEWMANAGERRu
  40B720 INIT@F11VIEWMANAGERBi15RELATIONMANAGER9SORTORDER
  40B7C4 GETFREEELEMENTPOSITION@F11VIEWMANAGER
  40B834 GETFREEELEMENTNAME@F11VIEWMANAGER
  40B894 GETFREEELEMENTASCENDING@F11VIEWMANAGER
  40B8F8 CLOSE@F11VIEWMANAGERUc
  40B930 CLOSE@F11VIEWMANAGER
  40B950 APPLYRANGE@F11VIEWMANAGER
  40BB74 APPLYORDER@F11VIEWMANAGER
  40BBE4 APPLYFILTER@F11VIEWMANAGER
  40C188 APPENDORDER@F11VIEWMANAGERsb
  40C278 ADDSORTORDER@F11VIEWMANAGERBk
  40C398 ADDRANGE@F11VIEWMANAGERRu15RELATIONMANAGER15RELATIONMANAGER
  40C420 DESTRUCT@F11VIEWMANAGER
  40C470 UPDATESECONDARY@F15RELATIONMANAGERBk18BUFFEREDPAIRSCLASSUc
  40C660 UPDATE@F15RELATIONMANAGERUc
  40C898 SETQUICKSCAN@F15RELATIONMANAGERUcUc
  40C9D8 SAVE@F15RELATIONMANAGER
  40CA34 OPEN@F15RELATIONMANAGERUc
  40CA58 OPENCLOSESERVER@F15RELATIONMANAGERUcUc
  40CB8C LOGOUTUPDATE@F15RELATIONMANAGER
  40CC14 LOGOUTPRIME@F15RELATIONMANAGER
  40CD3C LOGOUTDELETE@F15RELATIONMANAGER
  40CDD8 LISTLINKINGFIELDS@F15RELATIONMANAGER15RELATIONMANAGER15FIELDPAIRSCLASSUc
  40CFC8 KILL@F15RELATIONMANAGER
  40D068 INIT@F15RELATIONMANAGER11FILEMANAGERUc
  40D0E4 DELETESECONDARY@F15RELATIONMANAGERBk18BUFFEREDPAIRSCLASSUcUc
  40D3E8 DELETE@F15RELATIONMANAGERUc
  40D62C CLOSE@F15RELATIONMANAGERUc
  40D650 CASCADEUPDATES@F15RELATIONMANAGER
  40D754 CANCELAUTOINC@F15RELATIONMANAGER
  40D778 ADDRELATIONLINK@F15RELATIONMANAGERRsbRsb
  40D834 ADDRELATIONLINK@F15RELATIONMANAGERRlRl
  40D8E4 ADDRELATION@F15RELATIONMANAGER15RELATIONMANAGERUcUcBk
  40D97C ADDRELATION@F15RELATIONMANAGER15RELATIONMANAGER
  40D9E4 FUNCTIONCALLED_@_FILECALLBACKINTERFACE_@_FILEMANAGER@F21FILECALLBACKINTERFACEl6PARAMSRscRsc
  40DBE0 FUNCTIONDONE_@_FILECALLBACKINTERFACE_@_FILEMANAGER@F21FILECALLBACKINTERFACEl6PARAMSRscRsc
  40DE18 POSTUPDATE@F11FILEMANAGERRscRsc
  40DE48 PREUPDATE@F11FILEMANAGERllRscRsc
  40DE78 POSTINSERT@F11FILEMANAGERRscRsc
  40DEA8 PREINSERT@F11FILEMANAGERllRscRsc
  40DED8 POSTDELETE@F11FILEMANAGERRscRsc
  40DF08 PREDELETE@F11FILEMANAGERRscRsc
  40DF38 FUNCTIONDONE@F11FILEMANAGERl6PARAMSRscRsc
  40DFEC FUNCTIONCALLED@F11FILEMANAGERl6PARAMSRscRsc
  40E0B4 DELETED@F11FILEMANAGER
  40E0C4 DELETERECORD@F11FILEMANAGERUc
  40E120 VALIDATERECORD@F11FILEMANAGERPl
  40E224 VALIDATEFIELDS@F11FILEMANAGERllPl
  40E334 VALIDATEFIELDSERVER@F11FILEMANAGERlUc
  40E3F8 TRYVALIDATEFIELD@F11FILEMANAGERl
  40E424 VALIDATEFIELD@F11FILEMANAGERl
  40E450 USEFILE@F11FILEMANAGERUc
  40E510 UPDATESERVER@F11FILEMANAGERUc
  40E618 UPDATE@F11FILEMANAGER
  40E630 TRYUPDATE@F11FILEMANAGER
  40E648 TRYREGET@F11FILEMANAGERsb
  40E6F0 TRYPRIMEAUTOINC@F11FILEMANAGER
  40E708 TRYPREVIOUS@F11FILEMANAGER
  40E724 TRYOPEN@F11FILEMANAGER
  40E740 TRYNEXT@F11FILEMANAGER
  40E75C TRYINSERT@F11FILEMANAGER
  40E774 TRYFETCH@F11FILEMANAGERBk
  40E7C4 THROWMESSAGE@F11FILEMANAGERUssb
  40E820 THROW@F11FILEMANAGER
  40E858 THROW@F11FILEMANAGERUs
  40E888 SETKEY@F11FILEMANAGERBk
  40E918 SETERRORS@F11FILEMANAGER10ERRORCLASS
  40E938 SETERROR@F11FILEMANAGERUs
  40E968 SAVEFILE@F11FILEMANAGER
  40EACC SAVEBUFFER@F11FILEMANAGER
  40ECF0 RESTOREFILE@F11FILEMANAGERRUs11FILEMANAGERUc
  40EE98 RESTOREFILE@F11FILEMANAGERRUsUc
  40EF04 RESTOREBUFFER@F11FILEMANAGERRUs11FILEMANAGERUc
  40F124 RESTOREBUFFER@F11FILEMANAGERRUsUc
  40F154 PRIMERECORD@F11FILEMANAGERUc
  40F278 PRIMEFIELDS@F11FILEMANAGER
  40F284 PRIMEAUTOINCSERVER@F11FILEMANAGERUc
  40F744 PRIMEAUTOINC@F11FILEMANAGER
  40F75C PREVIOUS@F11FILEMANAGER
  40F778 POSITION@F11FILEMANAGER
  40F7FC OPENSERVER@F11FILEMANAGERUcUc
  40F8E0 OPENFILE@F11FILEMANAGERUc
  40FADC OPEN@F11FILEMANAGER
  40FAF8 NEXTSERVER@F11FILEMANAGERUcUc
  40FBCC NEXT@F11FILEMANAGER
  40FBE8 KILL@F11FILEMANAGER
  40FC1C KEYTOORDER@F11FILEMANAGERBkUc
  40FDA4 INSERTSERVER@F11FILEMANAGERUc
  40FFE0 INSERT@F11FILEMANAGER
  40FFF8 INIT@F11FILEMANAGERBf10ERRORCLASS
  41010C GETNAME@F11FILEMANAGER
  410150 GETFIELDNAME@F11FILEMANAGERBkUc
  4101FC GETFIELDASCENDING@F11FILEMANAGERBkUc
  410290 GETFIELD@F11FILEMANAGERBkUc
  410328 GETEOF@F11FILEMANAGER
  410340 GETCOMPONENTS@F11FILEMANAGERBk
  410374 FETCH@F11FILEMANAGERBk
  4103B8 EQUALBUFFER@F11FILEMANAGERRUs
  410574 CLOSE@F11FILEMANAGER
  4105E4 CLEARKEY@F11FILEMANAGERBkUcUcUc
  4106C4 CANCELAUTOINC@F11FILEMANAGER15RELATIONMANAGER
  410744 BINDFIELDS@F11FILEMANAGER
  410778 ADDKEY@F11FILEMANAGERBksbUc
  410AEC DESTRUCT@F11FILEMANAGER
  410B08 OPCODECANBEDONE@Fl
  410B38 CLEANUP@F11FILEMANAGER
  410DF4 LOCALACTION@FUc
  410E20 CASEDVALUE@FsbRuu
  410FA4 DUPSTRING@Fsb
  411018 CONCATGETCOMPONENTS@F13KEYFIELDQUEUERscUc
  4110C4 SETOPTION@F10FUZZYCLASSUcUc
  41114C KILL@F10FUZZYCLASS
  411158 INIT@F10FUZZYCLASS
  411180 CONSTRUCT@F10FUZZYCLASS
  411310 TOOLBOX@F10POPUPCLASSsb
  411398 SETTOOLBOX@F10POPUPCLASSsbUc
  411410 SETICON@F10POPUPCLASSsbsb
  41148C SETITEMENABLE@F10POPUPCLASSsbUc
  411548 SETITEM@F10POPUPCLASSllsbsb
  4117EC RESETTOOLBOX@F10POPUPCLASS
  411B70 LOCATENAME@F10POPUPCLASSsb
  411C00 KILL@F10POPUPCLASS
  411C28 INIT@F10POPUPCLASS
  411C6C GETNAME@F10POPUPCLASSl
  411EFC GETMENUTEXT@F10POPUPCLASS
  4121E8 GETLASTSELECTION@F10POPUPCLASS
  412208 GETITEMS@F10POPUPCLASSUc
  4122E4 EXECUTEPOPUP@F10POPUPCLASSsbll
  4123CC DELETEITEM@F10POPUPCLASSsb
  412414 CHECKMIMICS@F10POPUPCLASS
  412610 ASKTOOLBOX@F10POPUPCLASSsb
  4129B8 ASK@F10POPUPCLASSll
  412B0C ADDSUBMENU@F10POPUPCLASSsbsbsb
  412BC0 ADDSUBMENU@F10POPUPCLASSsbsb
  412C8C ADDMENU@F10POPUPCLASSsbUc
  412E10 ADDITEMMIMIC@F10POPUPCLASSsblOsb
  412F64 ADDITEMEVENT@F10POPUPCLASSsbll
  413070 ADDITEM@F10POPUPCLASSsbsbsbUc
  413100 ADDITEM@F10POPUPCLASSsbsb
  41316C ADDITEM@F10POPUPCLASSsb
  4131EC POPTOOLBOX@Fsbsb
  413258 REMOVEAMPERSAND@Fsb
  413318 GETUNIQUENAME@F10POPUPCLASSsb
  413480 CLEARQUERY@F10QUERYCLASS
  413544 GETQUERIES@F10QUERYCLASS11SECTORQUEUE
  413610 RESTORE@F10QUERYCLASSsb
  413E78 TAKE@F10QUERYCLASS10POPUPCLASS
  413F4C SAVE@F10QUERYCLASSsb
  4140C0 SETQUICKPOPUP@F10QUERYCLASS10POPUPCLASSUs
  4145F8 QUOTE@F10QUERYCLASSsb
  414A24 GETLIMIT@F10QUERYCLASSRscRscRUcUcRsc
  41545C GETFILTER@F10QUERYCLASS
  415944 MAKEOPERATOR@FsbsbRscRsc
  415CFC MAKEOPERATOR@Fsbsb
  415FAC SETPRIORITIES@F17WINDOWRESIZECLASS13POSITIONGROUP
  416000 SETSIZE@Fs13POSITIONGROUP
  4160B0 GETSIZEINFO@Fs13POSITIONGROUP
  4161D4 RESTORECONTROLS@F17WINDOWRESIZECLASS
  416250 TAKERESIZE@F17WINDOWRESIZECLASS
  41626C SETPOSITION@F17WINDOWRESIZECLASSl13POSITIONGROUP13POSITIONGROUP13POSITIONGROUP13POSITIONGROUP
  416918 SETPARENTDEFAULTS@F17WINDOWRESIZECLASS
  416C44 SETPARENTCONTROL@F17WINDOWRESIZECLASSll
  416D4C RESTOREWINDOW@F17WINDOWRESIZECLASS
  416E10 RESIZECHILDREN@F17WINDOWRESIZECLASSl13POSITIONGROUP13POSITIONGROUP
  416FF4 RESIZE@F17WINDOWRESIZECLASSl
  417334 RESIZE@F17WINDOWRESIZECLASS
  417354 RESET@F17WINDOWRESIZECLASS
  4176C0 KILL@F17WINDOWRESIZECLASS
  417718 INIT@F17WINDOWRESIZECLASSUcUcUc
  4178F4 GETCURRENTPOS@F17WINDOWRESIZECLASSl13POSITIONGROUP
  417958 GETORIGPOS@F17WINDOWRESIZECLASSl13POSITIONGROUP
  4179C4 GETRESIZESTRATEGY@F17WINDOWRESIZECLASSsOUc
  417AFC GETPOSITIONSTRATEGY@F17WINDOWRESIZECLASSsOUc
  417C18 GETPARENTCONTROL@F17WINDOWRESIZECLASSl
  417C74 TAKEEVENT@F12TOOLBARCLASSPl13WINDOWMANAGER
  417CDC SETTARGET@F12TOOLBARCLASSl
  417DE0 KILL@F12TOOLBARCLASS
  417E04 INIT@F12TOOLBARCLASS
  417E34 DISPLAYBUTTONS@F12TOOLBARCLASS
  417E84 UPDATEQUEUE@F8INICLASSsbsbBqRuPuPuPu
  4180B0 UPDATE@F8INICLASSsbsbsb
  418170 UPDATE@F8INICLASSsbBw
  418344 UPDATE@F8INICLASS
  418350 TRYFETCH@F8INICLASSsbsb
  4183C8 REMOVE@F8INICLASSsbsb
  418558 KILL@F8INICLASS
  418698 INIT@F8INICLASSsbll
  4187D4 GETSECTORS@F8INICLASSOsbOsbOsb11SECTORQUEUE
  4189E4 GETSECTOR@F8INICLASSsbsbsb
  418AD0 GETFAMILY@F8INICLASSsbRscRscRsc
  418C74 FETCHQUEUE@F8INICLASSsbsbBqRuPuPuPu
  418EE4 FETCHFIELD@F8INICLASSsbsbUc
  41905C FETCH@F8INICLASSsbsbRu
  419124 FETCH@F8INICLASSsbBw
  41937C FETCH@F8INICLASSsbsb
  419504 FETCH@F8INICLASS
  419510 ADDSECTOR@F8INICLASSsb
  4195F8 UPDATEWINDOWINFO@F8INICLASSsb10WINDOWINFO
  41986C FETCHWINDOWINFO@F8INICLASSsb10WINDOWINFO
  419AF0 UPDATE@F8INICLASSsbsbsbsb
  419CF0 FETCH@F8INICLASSsbsbsbsb
  419F34 DESTRUCT@F8INICLASS
  419F5C CONSTRUCT@F8INICLASS
  419F78 KILL@F18BUFFEREDPAIRSCLASS
  41A030 INIT@F18BUFFEREDPAIRSCLASS
  41A064 EQUALRIGHTBUFFER@F18BUFFEREDPAIRSCLASS
  41A0CC EQUALLEFTBUFFER@F18BUFFEREDPAIRSCLASS
  41A134 ASSIGNRIGHTTOBUFFER@F18BUFFEREDPAIRSCLASS
  41A19C ASSIGNLEFTTOBUFFER@F18BUFFEREDPAIRSCLASS
  41A200 ASSIGNBUFFERTORIGHT@F18BUFFEREDPAIRSCLASS
  41A268 ASSIGNBUFFERTOLEFT@F18BUFFEREDPAIRSCLASS
  41A2CC ADDPAIR@F18BUFFEREDPAIRSCLASSRuRu
  41A390 INIT@F15FIELDPAIRSCLASS
  41A3B8 KILL@F15FIELDPAIRSCLASS
  41A448 EQUALLEFTRIGHT@F15FIELDPAIRSCLASS
  41A4B0 EQUAL@F15FIELDPAIRSCLASS
  41A4C4 CLEARRIGHT@F15FIELDPAIRSCLASS
  41A518 CLEARLEFT@F15FIELDPAIRSCLASS
  41A56C ASSIGNRIGHTTOLEFT@F15FIELDPAIRSCLASS
  41A5D0 ASSIGNLEFTTORIGHT@F15FIELDPAIRSCLASS
  41A634 ADDPAIR@F15FIELDPAIRSCLASSRuRu
  41A6B0 REMOVEDOLLAR@Fsb
  41A79C ADDDOLLAR@Fsb
  41A848 SAVEONINSERTACTION@F13WINDOWMANAGER
  41A92C SAVEONCHANGEACTION@F13WINDOWMANAGER
  41AA80 DELETEACTION@F13WINDOWMANAGER
  41AC7C CHANGEACTION@F13WINDOWMANAGER
  41B088 INSERTACTION@F13WINDOWMANAGER
  41B2E0 TAKEDISABLEBUTTON@F13WINDOWMANAGERlUc
  41B324 UPDATE@F13WINDOWMANAGER
  41B37C TAKEWINDOWEVENT@F13WINDOWMANAGER
  41B490 TAKESELECTED@F13WINDOWMANAGER
  41B4A0 TAKEREJECTED@F13WINDOWMANAGER
  41B4F0 TAKENEWSELECTION@F13WINDOWMANAGER
  41B574 TAKEFIELDEVENT@F13WINDOWMANAGER
  41B584 TAKEEVENT@F13WINDOWMANAGER
  41B738 TAKECLOSEEVENT@F13WINDOWMANAGER
  41B930 TAKECOMPLETED@F13WINDOWMANAGER
  41BA54 TAKEACCEPTED@F13WINDOWMANAGER
  41BB8C SETRESPONSE@F13WINDOWMANAGERUc
  41BBEC SETALERTS@F13WINDOWMANAGER
  41BCC4 SAVEHISTORY@F13WINDOWMANAGER
  41BD94 RUN@F13WINDOWMANAGERUsUc
  41BDB4 RUN@F13WINDOWMANAGER
  41BE04 RESTOREFIELD@F13WINDOWMANAGERl
  41BFE8 RESETBUFFERS@F13WINDOWMANAGERUc
  41C050 RESET@F13WINDOWMANAGERUc
  41C108 PRIMEUPDATE@F13WINDOWMANAGER
  41C2A8 PRIMEFIELDS@F13WINDOWMANAGER
  41C2B4 POSTCOMPLETED@F13WINDOWMANAGER
  41C368 OPEN@F13WINDOWMANAGER
  41C3B4 KILL@F13WINDOWMANAGER
  41C570 INIT@F13WINDOWMANAGER
  41C608 REMOVEITEM@F13WINDOWMANAGER15WINDOWCOMPONENT
  41C668 ASK@F13WINDOWMANAGER
  41C6D8 ADDUPDATEFILE@F13WINDOWMANAGER11FILEMANAGER
  41C730 ADDITEM@F13WINDOWMANAGER17WINDOWRESIZECLASS
  41C750 ADDITEM@F13WINDOWMANAGER15WINDOWCOMPONENT
  41C7C0 ADDITEM@F13WINDOWMANAGER12TOOLBARCLASS
  41C7E8 ADDITEM@F13WINDOWMANAGERlUc
  41C844 ADDITEM@F13WINDOWMANAGER11BROWSECLASS
  41C87C ADDHISTORYFILE@F13WINDOWMANAGERRgRg
  41C918 ADDHISTORYFIELD@F13WINDOWMANAGERll
  41C964 DISABLECANCELCONTROLS@F13WINDOWMANAGER
  41C9D0 ENABLECANCELCONTROLS@F13WINDOWMANAGER
  41CA3C KILL@F17CRITICALPROCEDURE
  41CA70 INIT@F17CRITICALPROCEDURE11ISYNCOBJECT
  41CAA8 DESTRUCT@F17CRITICALPROCEDURE
  41CABC CONSTRUCT@F17CRITICALPROCEDURE
  41CEF8 __thr_inst0
  41CF08 __thr_init_entry
  41CF28 __thr_init_exit
  41D264 MAIN@F
  41DA40 TUTOR002$BROWSECUSTOMER@F
  41DD40 TUTOR003$REPORTCUSTOMERBYCUS:KEYCUSTNUMBER@F
  41DD90 TUTOR004$REPORTCUSTOMERBYCUS:KEYCOMPANY@F
  41DDE0 TUTOR005$REPORTCUSTOMERBYCUS:KEYZIPCODE@F
  41DE30 TUTOR006$BROWSEORDERS@F
  41DE80 TUTOR007$REPORTORDERSBYORD:KEYORDERNUMBER@F
  41DED0 TUTOR008$REPORTORDERSBYORD:KEYCUSTNUMBER@F
  41DF20 TUTOR009$BROWSESTATES@F
  41DF70 TUTOR010$REPORTSTATESBYSTA:KEYSTATE@F
  41EBBC TUTOR011$UPDATECUSTOMER@F
  41EEAC TUTOR013$UPDATEORDERS@F
  41F34C TUTOR015$SELECTSTATES@F
  41F5BC KILL@F18HIDE:RELATE:STATES
  41F648 INIT@F18HIDE:RELATE:STATES
  41F690 KILL@F18HIDE:ACCESS:STATES
  41F6BC INIT@F18HIDE:ACCESS:STATES
  41F790 KILL@F18HIDE:RELATE:ORDERS
  41F81C INIT@F18HIDE:RELATE:ORDERS
  41F864 KILL@F18HIDE:ACCESS:ORDERS
  41F890 INIT@F18HIDE:ACCESS:ORDERS
  41F974 KILL@F20HIDE:RELATE:CUSTOMER
  41FA9C INIT@F20HIDE:RELATE:CUSTOMER
  41FAE4 VALIDATEFIELDSERVER@F20HIDE:ACCESS:CUSTOMERlUc
  41FBF4 KILL@F20HIDE:ACCESS:CUSTOMER
  41FC20 INIT@F20HIDE:ACCESS:CUSTOMER
  41FD30 TUTORBC0$TUTORBC0:FILESINIT@F
  41FD7C TUTORBC0$TUTORBC0:DCTKILL@F
  41FE14 TUTORBC0$TUTORBC0:DCTINIT@F
  41FF68 DCTKILL@F
  41FF74 DCTINIT@F
  41FF84 _main
  42004C DESTRUCT@F10DICTIONARY
  420060 CONSTRUCT@F10DICTIONARY
  4211A0 $OVERRIDECHARACTERS
  4211C0 $SCROLL:NAME
  4212EC $SCROLL:ALPHA
  4213B4 TYPE$BROWSECLASS
  421750 TYPE$BROWSEEIPMANAGER
  421A04 VMT$BROWSEEIPMANAGER
  421AA0 VMT$BROWSECLASS
  421C48 TYPE$STANDARDBEHAVIOR
  421C88 VMT$STANDARDBEHAVIOR
  421CD4 TYPE$STEPLOCATORCLASS
  421D24 VMT$STEPLOCATORCLASS
  421D5C TYPE$STEPSTRINGCLASS
  421DAC VMT$STEPSTRINGCLASS
  421DCC TYPE$STEPLONGCLASS
  421DF4 VMT$STEPLONGCLASS
  421EA0 TYPE$COLORMAP
  421ECC TCB$COLORMAP
  421EDC TYPE$EDITENTRYCLASS
  421F24 VMT$EDITENTRYCLASS
  42228C STDERRORFILE$TYPE$RECORD
  4222A4 TYPE$PNQ
  4222C4 TYPE$DEFAULTERRORS
  422524 $DEFAULTERRORS
  423698 TYPE$HISTHANDLERCLASS
  4236E0 VMT$HISTHANDLERCLASS
  423710 TYPE$MSGBOXCLASS
  42396C VMT$MSGBOXCLASS
  4239EC TYPE$ERRORCLASS
  423B80 VMT$ERRORCLASS
  423BC4 TYPE$STANDARDERRORLOGCLASS
  423BF0 VMT$STANDARDERRORLOGCLASS
  424674 TYPE$FILESMANAGER
  4246A8 VMT$FILESMANAGER
  4246B4 TYPE$FILEMAPPING_T
  4246E0 TYPE$STATUSQ_T
  424748 TYPE$SAVEQUEUE
  424784 TYPE$FIELDSLIST
  4247B4 TYPE$FILEKEYQUEUE
  424800 TYPE$KEYFIELDQUEUE
  42482C TYPE$RELATIONQUEUE
  424890 TYPE$FILEMANAGER
  424A30 VMT$FILEMANAGER
  424B80 TYPE$FUZZYCLASS
  424C28 VMT$FUZZYCLASS
  424D24 TYPE$POPUPITEMQUEUE
  424D94 TYPE$POPUPCLASS
  424E38 VMT$POPUPCLASS
  4250C8 TYPE$FIELDQUEUE
  42535C TYPE$WINDOWRESIZECLASS
  425520 TYPE$TOOLBARTARGETQUEUE
  42553C TYPE$TOOLBARCLASS
  425554 VMT$TOOLBARCLASS
  425784 TYPE$INICLASS
  4257CC VMT$INICLASS
  425854 TYPE$BUFFEREDPAIRSCLASS
  425878 VMT$BUFFEREDPAIRSCLASS
  4258B0 TYPE$FIELDPAIRSCLASS
  4258C8 VMT$FIELDPAIRSCLASS
  425944 TYPE$FILELIST
  425968 TYPE$HISTORYLIST
  4259A0 TYPE$BUTTONLIST
  4259C4 TYPE$COMPONENTLIST
  4259E0 TYPE$CRITICALPROCEDURE
  4259F8 VMT$CRITICALPROCEDURE
  427954 TYPE$HIDE:RELATE:STATES
  4279B0 VMT$HIDE:RELATE:STATES
  4279E4 TYPE$HIDE:ACCESS:STATES
  427B84 VMT$HIDE:ACCESS:STATES
  427C44 TYPE$HIDE:RELATE:ORDERS
  427CA0 VMT$HIDE:RELATE:ORDERS
  427CD4 TYPE$HIDE:ACCESS:ORDERS
  427E74 VMT$HIDE:ACCESS:ORDERS
  427F34 TYPE$HIDE:RELATE:CUSTOMER
  427F90 VMT$HIDE:RELATE:CUSTOMER
  427FC4 TYPE$HIDE:ACCESS:CUSTOMER
  428164 VMT$HIDE:ACCESS:CUSTOMER
  4282E4 TYPE$DICTIONARY
  4282F4 VMT$DICTIONARY
  428300 STATES$TYPE$STA:RECORD
  428330 ORDERS$TYPE$ORD:RECORD
  4283A4 CUSTOMER$TYPE$CUS:RECORD
  4287A0 VMTP$HIDE:RELATE:STATES
  4287A8 VMTP$HIDE:ACCESS:STATES
  4287B0 VMTP$HIDE:RELATE:ORDERS
  4287B8 VMTP$HIDE:ACCESS:ORDERS
  4287C0 VMTP$HIDE:RELATE:CUSTOMER
  4287C8 VMTP$HIDE:ACCESS:CUSTOMER
  4287D0 VMTP$DICTIONARY
  428828 VMTP$FILESMANAGER
  428830 VMTP$FILEMANAGER
  428838 VMTP$INICLASS
  428840 VMTP$BUFFEREDPAIRSCLASS
  428848 VMTP$FIELDPAIRSCLASS
  428850 VMTP$POPUPCLASS
  428858 VMTP$TOOLBARCLASS
  428860 VMTP$EDITENTRYCLASS
  428868 VMTP$BROWSEEIPMANAGER
  428870 VMTP$BROWSECLASS
  428878 VMTP$STANDARDBEHAVIOR
  428880 VMTP$STEPLOCATORCLASS
  428888 VMTP$STEPSTRINGCLASS
  428890 VMTP$STEPLONGCLASS
  428898 VMTP$HISTHANDLERCLASS
  4288A0 VMTP$MSGBOXCLASS
  4288A8 VMTP$ERRORCLASS
  4288B0 VMTP$STANDARDERRORLOGCLASS
  4288B8 VMTP$FUZZYCLASS
  4288C0 VMTP$CRITICALPROCEDURE
  4288D0 $COLORMAP
  428908 $MULTIWINDOW
  42890C $TXTWINDOW
  428910 $WINDOW
  428914 P177$MEMOS$DBTEXTLOGFILE
  428A1C $FUZZYMATCHER
  42A040 $INIMGR
  42A158 MEMOS$CUSTOMER
  42A15C $LADJFDSETTING
  42B008 STATES$STA:KEYSTATE
  42B02C KEYS$STATES
  42B030 $STATES
  42B074 ORDERS$ORD:KEYORDERNUMBER
  42B098 ORDERS$ORD:KEYCUSTNUMBER
  42B0BC KEYS$ORDERS
  42B0C4 $ORDERS
  42B108 CUSTOMER$CUS:KEYCUSTNUMBER
  42B12C CUSTOMER$CUS:KEYCOMPANY
  42B150 CUSTOMER$CUS:KEYZIPCODE
  42B174 KEYS$CUSTOMER
  42B180 $CUSTOMER
  42B224 P177$DBTEXTLOGFILE
  42B268 $EPOC
  42B26C P77$EXTRACTFILE
  42B2B0 $STDERRORFILE
  42B300 TUTORBC0$_HIDE:RELATE:STATES
  42B304 TUTORBC0$_HIDE:ACCESS:STATES
  42B308 TUTORBC0$_HIDE:RELATE:ORDERS
  42B30C TUTORBC0$_HIDE:ACCESS:ORDERS
  42B310 TUTORBC0$_HIDE:RELATE:CUSTOMER
  42B314 TUTORBC0$_HIDE:ACCESS:CUSTOMER
  42B318 $GLOBALERRORS
  42BA3C $GLOBALREQUEST
  42BA40 $GLOBALRESPONSE
  42BA44 $VCRREQUEST
  42BA48 $DICTIONARY
  42BA4C STATES$STA:RECORD
  42BA6C ORDERS$ORD:RECORD
  42BACC CUSTOMER$CUS:RECORD
  42BB3C $RELATE:STATES
  42BB40 $ACCESS:STATES
  42BB44 $RELATE:ORDERS
  42BB48 $ACCESS:ORDERS
  42BB4C $RELATE:CUSTOMER
  42BB50 $ACCESS:CUSTOMER
  42BBDC $FILESMANAGER
  42BBF0 $SZDBTEXTLOG
  42BCF8 P177$DBTEXTLOGFILE$RECORD
  42C0E4 P77$EXTRACTFILE$EXTRACTFILE@:RECORD
  42C4E4 STDERRORFILE$RECORD
  42D000 __import_section_start
  42E90C __import_section_end

Imports
c60ascx:ASCII 42D06C
c60runx:Cla$ACCEPTED 42D3E4,401000
c60runx:Cla$ADDqueue 42D3E8
c60runx:Cla$ADDqueuekey 42D3EC
c60runx:Cla$ADDqueueptr 42D3F0
c60runx:Cla$AddressUfo 42D3F4
c60runx:Cla$AssertFailed 42D3F8
c60runx:Cla$AssertFailedM 42D3FC
c60runx:Cla$AssignLong2RefUfo 42D400
c60runx:Cla$AssignReal2RefUfo 42D404
c60runx:Cla$AssignRefUfo 42D408
c60runx:Cla$BEEP 42D40C,401008
c60runx:Cla$BindG 42D410
c60runx:Cla$CHOICE 42D414,401010
c60runx:Cla$CLEAR 42D418
c60runx:Cla$CLEARqueue 42D41C
c60runx:Cla$clearstr 42D420
c60runx:Cla$ClearType 42D424
c60runx:Cla$ClearUfo 42D428
c60runx:Cla$CLOCK 42D42C,401018
c60runx:Cla$CloneUfo 42D430
c60runx:Cla$CLOSEwindow 42D434,401020
c60runx:Cla$code 42D438
c60runx:Cla$COMMIT 42D43C,401028
c60runx:Cla$comparestr 42D440
c60runx:Cla$CREATE 42D444
c60runx:Cla$DecAdd 42D448
c60runx:Cla$DecDistinct 42D44C
c60runx:Cla$DecDistinctR 42D450
c60runx:Cla$DecDivide 42D454
c60runx:Cla$DecMul 42D458
c60runx:Cla$DecSubR 42D45C
c60runx:Cla$DELETEqueue 42D460,401030
c60runx:Cla$DELETEREG 42D464,401038
c60runx:Cla$DESTROY 42D468,401040
c60runx:Cla$DISABLE 42D46C,401048
c60runx:Cla$DISPLAY 42D470,401050
c60runx:Cla$DISPOSEqueue 42D474
c60runx:Cla$DISPOSEref 42D478
c60runx:Cla$DISPOSEvref 42D47C
c60runx:Cla$Dlongpower 42D480
c60runx:Cla$DPopDec 42D484
c60runx:Cla$DPopLong 42D488
c60runx:Cla$DPopReal 42D48C
c60runx:Cla$DPushDec 42D490
c60runx:Cla$DPushLong 42D494
c60runx:Cla$DRound 42D498
c60runx:Cla$DStack2Stack 42D49C
c60runx:Cla$ENABLE 42D4A0,401058
c60runx:Cla$EndEventLoop 42D4A4
c60runx:Cla$EndEventLoops 42D4A8
c60runx:Cla$ERRORCODE 42D4AC,401060
c60runx:Cla$Evaluate 42D4B0,401068
c60runx:Cla$EVENT 42D4B4,401070
c60runx:Cla$FIELD 42D4B8,401078
c60runx:Cla$FILEERRORCODE 42D4BC,401080
c60runx:Cla$FILEERRORMSG 42D4C0,401088
c60runx:Cla$FileExists 42D4C4,401090
c60runx:Cla$FILE_ADDf 42D4C8
c60runx:Cla$FILE_BUFFER 42D4CC,401098
c60runx:Cla$FILE_BUILDf 42D4D0,4010A0
c60runx:CLA$FILE_CALLBACK 42D4D4,4010A8
c60runx:Cla$FILE_CLEAR 42D4D8
c60runx:Cla$FILE_CLOSE 42D4DC,4010B0
c60runx:Cla$FILE_CREATE 42D4E0
c60runx:Cla$FILE_DELETE 42D4E4,4010B8
c60runx:CLA$FILE_DESTROY 42D4E8
c60runx:Cla$FILE_DUPLICATEk 42D4EC,4010C0
c60runx:Cla$FILE_FLUSH 42D4F0,4010C8
c60runx:CLA$FILE_FREESTATE 42D4F4,4010D0
c60runx:Cla$FILE_GETfk 42D4F8
c60runx:Cla$FILE_GETfl 42D4FC
c60runx:Cla$FILE_GETNULLS 42D500,4010D8
c60runx:CLA$FILE_GETSTATE 42D504,4010E0
c60runx:Cla$FILE_GET_PROPERTY 42D508
c60runx:Cla$FILE_NAME 42D50C,4010E8
c60runx:Cla$FILE_NEXT 42D510,4010F0
c60runx:Cla$FILE_NOMEMO 42D514,4010F8
c60runx:Cla$FILE_OPEN 42D518,401100
c60runx:Cla$FILE_POSITIONf 42D51C,401108
c60runx:Cla$FILE_POSITIONk 42D520,401110
c60runx:Cla$FILE_PREV 42D524,401118
c60runx:Cla$FILE_PUTf 42D528
c60runx:Cla$FILE_REGETf 42D52C,401120
c60runx:Cla$FILE_REGETk 42D530,401128
c60runx:Cla$FILE_RESETf 42D534,401130
c60runx:Cla$FILE_RESETk 42D538,401138
c60runx:CLA$FILE_RESTORESTATE 42D53C,401140
c60runx:Cla$FILE_SEND 42D540,401148
c60runx:Cla$FILE_SETk 42D544,401150
c60runx:Cla$FILE_SETkk 42D548,401158
c60runx:Cla$FILE_SETNULLS 42D54C,401160
c60runx:Cla$FILE_SET_PROPERTY 42D550
c60runx:Cla$FILE_WATCH 42D554,401168
c60runx:Cla$FOCUS 42D558,401170
c60runx:Cla$FREEqueue 42D55C
c60runx:Cla$FREEqueuea 42D560,401178
c60runx:Cla$freestr 42D564
c60runx:Cla$FreeUfo 42D568
c60runx:Cla$freewindow 42D56C
c60runx:Cla$GETINI 42D570,401180
c60runx:Cla$GETPOSITION 42D574,401188
c60runx:Cla$GetPropS 42D578
c60runx:Cla$GETqueuekey 42D57C
c60runx:Cla$GETqueueptr 42D580
c60runx:Cla$GETREG 42D584,401190
c60runx:Cla$Group2Ufo 42D588
c60runx:Cla$HALT 42D58C,401198
c60runx:Cla$HIDE 42D590,4011A0
c60runx:Cla$init 42D594
c60runx:Cla$INSTANCE 42D598,4011A8
c60runx:Cla$IsAlpha 42D59C,4011B0
c60runx:Cla$IsUfoString 42D5A0,4011B8
c60runx:Cla$IsUpper 42D5A4,4011C0
c60runx:Cla$KEYCHAR 42D5A8,4011C8
c60runx:Cla$KEYCODE 42D5AC,4011D0
c60runx:Cla$KEY_GET_PROPERTY 42D5B0
c60runx:Cla$LASTFIELD 42D5B4,4011D8
c60runx:Cla$LOGOUT 42D5B8
c60runx:Cla$longtostr 42D5BC
c60runx:Cla$Mem2Ufo 42D5C0
c60runx:Cla$MessageBox 42D5C4,4011E0
c60runx:Cla$NewCriticalSection 42D5C8,4011E8
c60runx:Cla$NewMemB 42D5CC
c60runx:Cla$NewMemT 42D5D0
c60runx:Cla$NewMemZ 42D5D4
c60runx:Cla$NEWqueue 42D5D8
c60runx:Cla$OPENowned 42D5DC,4011F0
c60runx:Cla$OPENwindow 42D5E0,4011F8
c60runx:Cla$paopen 42D5E4
c60runx:Cla$pmopen 42D5E8
c60runx:Cla$POINTERqueue 42D5EC,401200
c60runx:Cla$PopAString 42D5F0
c60runx:Cla$PopBind 42D5F4,401208
c60runx:Cla$PopCString 42D5F8
c60runx:Cla$PopReal 42D5FC
c60runx:Cla$PopString 42D600
c60runx:Cla$PopTemp 42D604
c60runx:Cla$POPUP 42D608,401210
c60runx:Cla$POST 42D60C,401218
c60runx:Cla$PushAString 42D610
c60runx:Cla$PushBind 42D614,401220
c60runx:Cla$PushCString 42D618
c60runx:Cla$PushLong 42D61C
c60runx:Cla$PushPictLong 42D620
c60runx:Cla$PushString 42D624
c60runx:Cla$PushUfo 42D628
c60runx:Cla$PUTINI 42D62C,401228
c60runx:Cla$PUTqueue 42D630
c60runx:Cla$PUTqueuekey 42D634
c60runx:Cla$PUTREG 42D638,401230
c60runx:Cla$pwopen 42D63C
c60runx:Cla$RECORDSqueue 42D640,401238
c60runx:Cla$RefAssignAny 42D644
c60runx:Cla$REGISTEREVENT 42D648,401240
c60runx:Cla$REGULAR 42D64C,401248
c60runx:Cla$ROLLBACK 42D650,401250
c60runx:Cla$rterr 42D654,401258
c60runx:Cla$SELECT 42D658,401260
c60runx:Cla$SETCURSOR 42D65C,401268
c60runx:Cla$SETKEYCODE 42D660,401270
c60runx:Cla$SETPOSITION 42D664,401278
c60runx:Cla$SetPropF 42D668
c60runx:Cla$SetPropS 42D66C
c60runx:Cla$SetPropV 42D670
c60runx:Cla$SETTARGET 42D674,401280
c60runx:Cla$SORTqueuekey 42D678
c60runx:Cla$Stack2DStack 42D67C
c60runx:Cla$Stack2Ufo 42D680
c60runx:Cla$StackCLIP 42D684,401288
c60runx:Cla$StackCompareN 42D688
c60runx:Cla$StackCompareNEQ 42D68C
c60runx:Cla$StackCompareR 42D690
c60runx:Cla$StackConcat 42D694
c60runx:Cla$StackConcatR 42D698
c60runx:Cla$StackDEFORMAT2 42D69C
c60runx:Cla$StackErrstr 42D6A0,401290
c60runx:Cla$StackHeap 42D6A4
c60runx:Cla$StackINLIST 42D6A8
c60runx:Cla$StackINSTRING 42D6AC,401298
c60runx:Cla$StackLEFT 42D6B0,4012A0
c60runx:Cla$StackLen 42D6B4,4012A8
c60runx:Cla$StackNUMERIC 42D6B8,4012B0
c60runx:Cla$STACKpop 42D6BC
c60runx:Cla$StackRotate 42D6C0
c60runx:Cla$StackSUB 42D6C4,4012B8
c60runx:Cla$StackUPPER 42D6C8,4012C0
c60runx:Cla$START 42D6CC,4012C8
c60runx:Cla$START2 42D6D0,4012D0
c60runx:Cla$StartEventLoop 42D6D4
c60runx:Cla$StashBP 42D6D8
c60runx:Cla$storecstr 42D6DC
c60runx:Cla$storestr 42D6E0
c60runx:Cla$String2Ref 42D6E4
c60runx:Cla$THREAD 42D6E8,4012D8
c60runx:Cla$THREAD_FILE 42D6EC
c60runx:Cla$TODAY 42D6F0,4012E0
c60runx:Cla$Ufo2Real 42D6F4
c60runx:Cla$UfoCompareN 42D6F8
c60runx:Cla$Ufodistinct 42D6FC
c60runx:Cla$UNHIDE 42D700,4012E8
c60runx:Cla$UNREGISTEREVENT 42D704,4012F0
c60runx:Cla$UPDATE 42D708,4012F8
c60runx:Cla$VIEW_RESETvf 42D70C,401300
c60runx:Cla$VIEW_SETvl 42D710,401308
c60runx:Cla$WHAT 42D714,401310
c60runx:Cla$WHO 42D718,401318
c60runx:Cla$WHOqueue 42D71C,401320
c60runx:THR$GetInstance 42D720,401328
c60runx:VIEWDRIVER 42D724
c60runx:Wsl$CloseDown 42D728,401330
c60runx:_exit 42D72C,401338
c60runx:_free 42D730
c60runx:_longjmp 42D734
c60runx:_malloc 42D738
c60runx:_memset 42D73C
c60runx:_setjmp 42D740
c60runx:__checkversion 42D744,401340
c60runx:__sysinit 42D748,401348
c60runx:__sysstart 42D74C,401350
c60tpsx:TOPSPEED 42D75C
USER32.dll:SystemParametersInfoA 42D76C



Entry Point:   41CAD4