  401338     4774 Code                ABBROWSE_TEXT
  405AAC      CCC Code                ABEIP_TEXT
  406778     1990 Code                ABERROR_TEXT
  408108     4E90 Code                ABFILE_TEXT
  40CF98      159 Code                ABFUZZY_TEXT
  40D0F4     2012 Code                ABPOPUP_TEXT
  40F108     1C8B Code                ABQUERY_TEXT
  410D94     44C3 Code                ABREPORT_TEXT
  415258       46 Code                ABRESIZE_TEXT
  4152A0      8BD Code                ABTOOLBA_TEXT
  415B60     2105 Code                ABUTIL_TEXT
  417C68     142D Code                ABWINDOW_TEXT
  419098     5E19 Code                CARDR001_TEXT
  41EEB4     17CC Code                CARDR002_TEXT
  420680      455 Code                CARDRBC0_TEXT
  420AD8       13 Code                CARDRBC_TEXT
  420AEC      100 Code                CARDREG_TEXT
  420BEC       3D Code                IEXE32_TEXT
  420C2C      1FE Code                INIT_TEXT
  421000       3E Un-initialized Data ABEIP_BSS
  421040      404 Un-initialized Data ABERROR_BSS
  421444       24 Un-initialized Data ABFILE_BSS
  421468        4 Un-initialized Data ABFUZZY_BSS
  42146C       11 Un-initialized Data CARDR001_BSS
  421480        9 Un-initialized Data CARDR002_BSS
  42148C       2D Un-initialized Data CARDRBC0_BSS
  4214BC     1EAC Un-initialized Data CARDREG_BSS
  423368        0 Un-initialized Data _INST_BS
  423368        C Un-initialized Data _INST_BSS
  423374        4 Un-initialized Data _INST_BSS_END
  424000      111 Initialized Data    ABBROWSE_CONST
  424114      BB8 Initialized Data    ABBROWSE_DATA
  424CCC       2A Initialized Data    ABEIP_CONST
  424CF8       98 Initialized Data    ABEIP_DATA
  424D90      1AF Initialized Data    ABERROR_CONST
  424F40     1600 Initialized Data    ABERROR_DATA
  426540       AD Initialized Data    ABFILE_CONST
  4265F0      4AF Initialized Data    ABFILE_DATA
  426AA0       B4 Initialized Data    ABFUZZY_DATA
  426B54       98 Initialized Data    ABPOPUP_CONST
  426BEC      108 Initialized Data    ABPOPUP_DATA
  426CF4      1D0 Initialized Data    ABQUERY_CONST
  426EC4       97 Initialized Data    ABQUERY_DATA
  426F5C      196 Initialized Data    ABREPORT_CONST
  4270F4      6E8 Initialized Data    ABREPORT_DATA
  4277DC      390 Initialized Data    ABTOOLBA_DATA
  427B6C      112 Initialized Data    ABUTIL_CONST
  427C80      1B9 Initialized Data    ABUTIL_DATA
  427E3C        8 Initialized Data    ABWINDOW_CONST
  427E44       5C Initialized Data    ABWINDOW_DATA
  427EA0      B41 Initialized Data    CARDR001_CONST
  4289E4     2A7C Initialized Data    CARDR001_DATA
  42B460      445 Initialized Data    CARDR002_CONST
  42B8A8     117C Initialized Data    CARDR002_DATA
  42CA24       B8 Initialized Data    CARDRBC0_CONST
  42CADC      748 Initialized Data    CARDRBC0_DATA
  42D224       A4 Initialized Data    CARDREG_CONST
  42D2C8      3C9 Initialized Data    CARDREG_DATA
  42D694       30 Initialized Data    IEXE32_DATA
  42D6C4        0 Initialized Data    _INST_DAT
  42D6C4        0 Initialized Data    _INST_DATA_END
  42D6C4        0 Initialized Data    __CPPINI_CONS
  42D6C4       3C Initialized Data    __CPPINI_CONST
  42D700        4 Initialized Data    __CPPINI_END
  42D704        0 Initialized Data    __INIVMT_CONS
  42D704      1A0 Initialized Data    __INIVMT_CONST
  42D8A4        0 Initialized Data    __INIVMT_CONST_END

  401338 KILL_@_WINDOWCOMPONENT_@_BROWSECLASS@F15WINDOWCOMPONENT
  40134C RESET_@_WINDOWCOMPONENT_@_BROWSECLASS@F15WINDOWCOMPONENTUc
  401364 RESETREQUIRED_@_WINDOWCOMPONENT_@_BROWSECLASS@F15WINDOWCOMPONENT
  401378 SETALERTS_@_WINDOWCOMPONENT_@_BROWSECLASS@F15WINDOWCOMPONENT
  401390 TAKEEVENT_@_WINDOWCOMPONENT_@_BROWSECLASS@F15WINDOWCOMPONENT
  4013A8 UPDATE_@_WINDOWCOMPONENT_@_BROWSECLASS@F15WINDOWCOMPONENT
  4013C0 UPDATEWINDOW_@_WINDOWCOMPONENT_@_BROWSECLASS@F15WINDOWCOMPONENT
  4013D8 UPDATEWINDOW@F11BROWSECLASS
  401574 UPDATEVIEWRECORD@F11BROWSECLASS
  4015E4 UPDATETOOLBARBUTTONS@F11BROWSECLASS
  401664 UPDATETHUMBFIXED@F11BROWSECLASS
  401740 UPDATETHUMB@F11BROWSECLASS
  401890 UPDATERESETS@F11BROWSECLASS
  4018A4 UPDATEBUFFER@F11BROWSECLASS
  4018DC TAKEVCRSCROLL@F11BROWSECLASSl
  4019C4 TAKESCROLL@F11BROWSECLASSl
  401A48 TAKENEWSELECTION@F11BROWSECLASS
  401BC4 TAKELOCATE@F11BROWSECLASS
  401DBC TAKEKEY@F11BROWSECLASS
  401F70 TAKEEVENT@F11BROWSECLASS
  40245C TAKECHOICECHANGED@F11BROWSECLASS
  4024B4 TAKEACCEPTEDLOCATOR@F11BROWSECLASS
  402588 SETSORT@F11BROWSECLASSUcUc
  4026B0 SETQUEUERECORD@F11BROWSECLASS
  4026D0 SETALERTS@F11BROWSECLASS
  402B78 SCROLLPAGE@F11BROWSECLASSl
  402C0C SCROLLONE@F11BROWSECLASSl
  402C68 SCROLLEND@F11BROWSECLASSl
  402CDC RESETTHUMBLIMITS@F11BROWSECLASS
  402DCC RESETSORT@F11BROWSECLASSUc
  402DF0 RESETRESETS@F11BROWSECLASS
  402EE8 RESETQUEUE@F11BROWSECLASSUc
  4033BC RESETFROMVIEW@F11BROWSECLASS
  4033F8 RESETFROMFILE@F11BROWSECLASS
  403424 RESETFROMBUFFER@F11BROWSECLASS
  403494 RESETFROMASK@F11BROWSECLASSRUcRUc
  4035B8 RECORDS@F11BROWSECLASS
  403620 PREVIOUS@F11BROWSECLASS
  40366C POSTNEWSELECTION@F11BROWSECLASS
  4036C4 NOTIFYUPDATEERROR@F11BROWSECLASS
  4036E4 NEXT@F11BROWSECLASS
  403730 KILL@F11BROWSECLASS
  403958 INITSORT@F11BROWSECLASSUc
  4039B4 INIT@F11BROWSECLASS12ILISTCONTROLBi11BROWSEQUEUE15RELATIONMANAGER13WINDOWMANAGER
  403AA0 INIT@F11BROWSECLASSlRsbBiBq15RELATIONMANAGER13WINDOWMANAGER
  403AFC FETCH@F11BROWSECLASSUc
  403C74 CHECKEIP@F11BROWSECLASS
  403D2C ASKRECORD@F11BROWSECLASSUc
  403D40 ASK@F11BROWSECLASSUc
  403E0C APPLYRANGE@F11BROWSECLASS
  403E98 ADDTOOLBARTARGET@F11BROWSECLASS12TOOLBARCLASS
  403EEC ADDSORTORDER@F11BROWSECLASS9STEPCLASSBk
  403F80 ADDRESETFIELD@F11BROWSECLASSRu
  403FBC ADDLOCATOR@F11BROWSECLASS12LOCATORCLASS
  403FD8 ADDFIELD@F11BROWSECLASSRsbRsb
  40402C ADDFIELD@F11BROWSECLASSRlRl
  404080 ADDFIELD@F11BROWSECLASSRuRu
  4040C0 RECORDS_@_BROWSEQUEUE_@_STANDARDBEHAVIOR@F11BROWSEQUEUE
  4040D0 INSERT_@_BROWSEQUEUE_@_STANDARDBEHAVIOR@F11BROWSEQUEUE
  4040E0 INSERT_@_BROWSEQUEUE_@_STANDARDBEHAVIOR@F11BROWSEQUEUEl
  4040F0 FETCH_@_BROWSEQUEUE_@_STANDARDBEHAVIOR@F11BROWSEQUEUEl
  404100 UPDATE_@_BROWSEQUEUE_@_STANDARDBEHAVIOR@F11BROWSEQUEUE
  404110 DELETE_@_BROWSEQUEUE_@_STANDARDBEHAVIOR@F11BROWSEQUEUE
  404120 FREE_@_BROWSEQUEUE_@_STANDARDBEHAVIOR@F11BROWSEQUEUE
  404130 WHO_@_BROWSEQUEUE_@_STANDARDBEHAVIOR@F11BROWSEQUEUEl
  404144 GETVIEWPOSITION_@_BROWSEQUEUE_@_STANDARDBEHAVIOR@F11BROWSEQUEUE
  404160 SETVIEWPOSITION_@_BROWSEQUEUE_@_STANDARDBEHAVIOR@F11BROWSEQUEUEsb
  40419C CHOICE_@_ILISTCONTROL_@_STANDARDBEHAVIOR@F12ILISTCONTROL
  4041AC GETCONTROL_@_ILISTCONTROL_@_STANDARDBEHAVIOR@F12ILISTCONTROL
  4041B4 GETITEMS_@_ILISTCONTROL_@_STANDARDBEHAVIOR@F12ILISTCONTROL
  4041EC GETVISIBLE_@_ILISTCONTROL_@_STANDARDBEHAVIOR@F12ILISTCONTROL
  404224 SETCHOICE_@_ILISTCONTROL_@_STANDARDBEHAVIOR@F12ILISTCONTROLl
  40427C SETCONTROL_@_ILISTCONTROL_@_STANDARDBEHAVIOR@F12ILISTCONTROLl
  404284 INIT@F16STANDARDBEHAVIORBqRsbl
  40429C TAKENEWSELECTION@F16BROWSEEIPMANAGER
  40433C TAKECOMPLETED@F16BROWSEEIPMANAGERUc
  4044F8 KILL@F16BROWSEEIPMANAGER
  404528 INIT@F16BROWSEEIPMANAGER
  404898 CLEARCOLUMN@F16BROWSEEIPMANAGER
  4048E0 UPDATEWINDOW@F18FILTERLOCATORCLASS
  404B10 TAKEACCEPTED@F18FILTERLOCATORCLASS
  404B5C RESET@F18FILTERLOCATORCLASS
  404B60 TAKEKEY@F23INCREMENTALLOCATORCLASS
  404C34 SETALERTS@F23INCREMENTALLOCATORCLASSl
  404C90 UPDATE@F17ENTRYLOCATORCLASS
  404CD8 SETSHADOW@F17ENTRYLOCATORCLASSsb
  404D14 SET@F17ENTRYLOCATORCLASS
  404D80 GETSHADOW@F17ENTRYLOCATORCLASS
  404D90 INIT@F17ENTRYLOCATORCLASSlRuUc11BROWSECLASS
  404DFC TAKEKEY@F16STEPLOCATORCLASS
  404F24 SET@F16STEPLOCATORCLASS
  404F28 UPDATEWINDOW@F12LOCATORCLASS
  404F30 TAKEACCEPTED@F12LOCATORCLASS
  404F34 SETSHADOW@F12LOCATORCLASSsb
  404F50 SETENABLED@F12LOCATORCLASSUc
  404F94 SETALERTS@F12LOCATORCLASSl
  404F98 SET@F12LOCATORCLASS
  404FC8 RESET@F12LOCATORCLASS
  404FCC INIT@F12LOCATORCLASSlRuUc11BROWSECLASS
  404FF4 GETSHADOW@F12LOCATORCLASS
  405010 DESTRUCT@F12LOCATORCLASS
  405024 UNHASH@F15STEPSTRINGCLASSl
  4050B4 SETLIMITNEEDED@F15STEPSTRINGCLASS
  4050C8 SETLIMIT@F15STEPSTRINGCLASSuu
  4053A4 KILL@F15STEPSTRINGCLASS
  4053D0 INIT@F15STEPSTRINGCLASSUcUc
  405654 HASH@F15STEPSTRINGCLASSsb
  40572C GETVALUE@F15STEPSTRINGCLASSUc
  405784 GETPERCENTILE@F15STEPSTRINGCLASSu
  40589C SETLIMIT@F13STEPLONGCLASSuu
  405988 GETVALUE@F13STEPLONGCLASSUc
  4059E8 GETPERCENTILE@F13STEPLONGCLASSu
  405AA0 SETLIMITNEEDED@F9STEPCLASS
  405AA4 KILL@F9STEPCLASS
  405AA8 INIT@F9STEPCLASSUc
  405AAC TAKENEWSELECTION@F10EIPMANAGER
  405B20 TAKEFOCUSLOSS@F10EIPMANAGER
  405B74 TAKEFIELDEVENT@F10EIPMANAGER
  405C94 TAKEEVENT@F10EIPMANAGER
  405D28 TAKECOMPLETED@F10EIPMANAGERUc
  405D44 TAKEACTION@F10EIPMANAGERl
  405FF4 RUN@F10EIPMANAGERUc
  406004 RESETCOLUMN@F10EIPMANAGER
  4060A4 GETEDIT@F10EIPMANAGER
  4060C0 NEXT@F10EIPMANAGER
  4061C0 KILL@F10EIPMANAGER
  4062C4 INITCONTROLS@F10EIPMANAGER
  406430 INIT@F10EIPMANAGER
  406498 CLEARCOLUMN@F10EIPMANAGER
  4064E0 ADDCONTROL@F10EIPMANAGER9EDITCLASSlUc
  406524 CREATECONTROL@F14EDITENTRYCLASS
  406548 TAKEEVENT@F9EDITCLASSl
  406590 SETREADONLY@F9EDITCLASSUc
  4065C4 SETALERTS@F9EDITCLASS
  4066C4 KILL@F9EDITCLASS
  4066EC INIT@F9EDITCLASSllRu
  406778 SETID@F10ERRORCLASSUsl
  4067C0 REPLACE@FsbsbRsc
  4068B0 KILL_@_WINDOWCOMPONENT_@_HISTHANDLERCLASS@F15WINDOWCOMPONENT
  4068B8 RESET_@_WINDOWCOMPONENT_@_HISTHANDLERCLASS@F15WINDOWCOMPONENTUc
  4068C0 RESETREQUIRED_@_WINDOWCOMPONENT_@_HISTHANDLERCLASS@F15WINDOWCOMPONENT
  4068C8 SETALERTS_@_WINDOWCOMPONENT_@_HISTHANDLERCLASS@F15WINDOWCOMPONENT
  4068D0 TAKEEVENT_@_WINDOWCOMPONENT_@_HISTHANDLERCLASS@F15WINDOWCOMPONENT
  4068E4 UPDATE_@_WINDOWCOMPONENT_@_HISTHANDLERCLASS@F15WINDOWCOMPONENT
  4068EC UPDATEWINDOW_@_WINDOWCOMPONENT_@_HISTHANDLERCLASS@F15WINDOWCOMPONENT
  406904 VLBPROC@F16HISTHANDLERCLASSls
  4069B0 TAKEEVENT@F16HISTHANDLERCLASS
  406AA0 INIT@F16HISTHANDLERCLASSBw10ERRORCLASS16ERRORHISTORYLIST
  406AAC _VLBPROC@F16HISTHANDLERCLASSls
  406ABC TAKEACCEPTED@F11MSGBOXCLASS
  406B0C SETUPADDITIONALFEQS@F11MSGBOXCLASS
  406B94 KILL@F11MSGBOXCLASS
  406BE0 INIT@F11MSGBOXCLASS
  406EAC INIT@F11MSGBOXCLASSBw10ERRORCLASSOsbllll
  406F44 FETCHSTDBUTTON@F11MSGBOXCLASSs
  406F90 VIEWHISTORY@F10ERRORCLASS
  406FBC THROWMESSAGE@F10ERRORCLASSssb
  407010 THROW@F10ERRORCLASSs
  407024 TAKEUSER@F10ERRORCLASS
  407084 TAKEPROGRAM@F10ERRORCLASS
  40708C TAKEOTHER@F10ERRORCLASS
  407094 TAKENOTIFY@F10ERRORCLASS
  4070E4 TAKEFATAL@F10ERRORCLASS
  407184 TAKEERROR@F10ERRORCLASSs
  4071E8 TAKEBENIGN@F10ERRORCLASS
  4071EC SUBSSTRING@F10ERRORCLASS
  407568 SETPROCEDURENAME@F10ERRORCLASSOsb
  4075EC SETID@F10ERRORCLASSUs
  407608 SETFILE@F10ERRORCLASSsb
  407650 SETFIELD@F10ERRORCLASSsb
  407694 SETERRORS@F10ERRORCLASS
  4076FC SETCATEGORY@F10ERRORCLASSssa
  407724 RESETHISTORY@F10ERRORCLASS
  407730 MESSAGEBOX@F10ERRORCLASSUcsbOsbOsblll
  4077C8 MSG@F10ERRORCLASSsbOsbOsblll
  407AA0 MESSAGE@F10ERRORCLASSsll
  407B08 KILL@F10ERRORCLASS
  407B68 INIT@F10ERRORCLASS17ERRORLOGINTERFACE
  407BCC INIT@F10ERRORCLASS
  407C54 HISTORYMSG@F10ERRORCLASSsblll
  407D48 GETPROCEDURENAME@F10ERRORCLASS
  407DF8 GETCATEGORY@F10ERRORCLASSs
  407E6C ADDHISTORY@F10ERRORCLASS
  407E7C ADDERRORS@F10ERRORCLASS10ERRORBLOCK
  407FC4 CLOSE_@_ERRORLOGINTERFACE_@_STANDARDERRORLOGCLASS@F17ERRORLOGINTERFACEUc
  407FD4 OPEN_@_ERRORLOGINTERFACE_@_STANDARDERRORLOGCLASS@F17ERRORLOGINTERFACEUc
  407FE4 TAKE_@_ERRORLOGINTERFACE_@_STANDARDERRORLOGCLASS@F17ERRORLOGINTERFACEsb
  408054 CLOSE@F21STANDARDERRORLOGCLASSUc
  408090 OPEN@F21STANDARDERRORLOGCLASSUc
  4080F4 DESTRUCT@F21STANDARDERRORLOGCLASS
  408100 CONSTRUCT@F21STANDARDERRORLOGCLASS
  408108 REMOVEFILEMAPPING@F12FILESMANAGER11FILEMANAGER
  408128 REMOVEFILEMAPPING@F12FILESMANAGERl
  408188 NOTEUSAGE@F12FILESMANAGER11FILEMANAGERUc
  40822C NOTEOPEN@F12FILESMANAGER11FILEMANAGER
  40826C NOTECLOSE@F12FILESMANAGER11FILEMANAGER
  4082F0 GETFILEMAPPING@F12FILESMANAGERl
  40830C GETFILEID@F12FILESMANAGERBf
  408338 FINDRECORD@F12FILESMANAGER11FILEMANAGER
  408420 DESTRUCT@F12FILESMANAGER
  408424 CONSTRUCT@F12FILESMANAGER
  408428 ADDFILEMAPPING@F12FILESMANAGER11FILEMANAGER
  408484 VALIDATERECORD@F11VIEWMANAGER
  408488 USEVIEW@F11VIEWMANAGER
  408548 SETSORT@F11VIEWMANAGERUc
  408574 SETORDER@F11VIEWMANAGERsb
  408604 SETFREEELEMENT@F11VIEWMANAGER
  408688 SETFILTER@F11VIEWMANAGERsbsb
  4087C8 SETFILTER@F11VIEWMANAGERsb
  408810 RESET@F11VIEWMANAGER
  40881C RESET@F11VIEWMANAGERUc
  408864 PRIMERECORD@F11VIEWMANAGERUc
  4089F4 PREVIOUS@F11VIEWMANAGER
  408A58 OPEN@F11VIEWMANAGER
  408AC8 NEXT@F11VIEWMANAGER
  408B2C LIMITMAJORCOMPONENTS@F11VIEWMANAGERRu
  408BF0 KILL@F11VIEWMANAGER
  408D28 INIT@F11VIEWMANAGERBi15RELATIONMANAGER9SORTORDER
  408D74 GETFREEELEMENTPOSITION@F11VIEWMANAGER
  408DD8 GETFREEELEMENTNAME@F11VIEWMANAGER
  408E34 CLOSE@F11VIEWMANAGER
  408E4C APPLYRANGE@F11VIEWMANAGER
  409018 APPLYORDER@F11VIEWMANAGER
  409070 APPLYFILTER@F11VIEWMANAGER
  4095EC APPENDORDER@F11VIEWMANAGERsb
  4096CC ADDSORTORDER@F11VIEWMANAGERBk
  4097A0 ADDRANGE@F11VIEWMANAGERRu15RELATIONMANAGER15RELATIONMANAGER
  4097C8 ADDRANGE@F11VIEWMANAGERRuRu
  409858 UPDATESECONDARY@F15RELATIONMANAGERBk18BUFFEREDPAIRSCLASSUc
  409A18 UPDATE@F15RELATIONMANAGERUc
  409C30 SETQUICKSCAN@F15RELATIONMANAGERUcUc
  409D28 SAVE@F15RELATIONMANAGER
  409D7C OPEN@F15RELATIONMANAGERUc
  409D88 OPENCLOSESERVER@F15RELATIONMANAGERUcUc
  409E5C LOGOUTUPDATE@F15RELATIONMANAGER
  409EDC LOGOUTPRIME@F15RELATIONMANAGER
  409F48 LOGOUTDELETE@F15RELATIONMANAGER
  409FDC LISTLINKINGFIELDS@F15RELATIONMANAGER15RELATIONMANAGER15FIELDPAIRSCLASSUc
  40A14C KILL@F15RELATIONMANAGER
  40A1D0 INIT@F15RELATIONMANAGER11FILEMANAGERUc
  40A220 DELETESECONDARY@F15RELATIONMANAGERBk18BUFFEREDPAIRSCLASSUc
  40A508 DELETE@F15RELATIONMANAGERUc
  40A750 CLOSE@F15RELATIONMANAGERUc
  40A75C CASCADEUPDATES@F15RELATIONMANAGER
  40A830 CANCELAUTOINC@F15RELATIONMANAGER
  40A844 ADDRELATIONLINK@F15RELATIONMANAGERRlRl
  40A8A4 ADDRELATION@F15RELATIONMANAGER15RELATIONMANAGERUcUcBk
  40A904 ADDRELATION@F15RELATIONMANAGER15RELATIONMANAGER
  40A934 FUNCTIONCALLED_@_FILECALLBACKINTERFACE_@_FILEMANAGER@F21FILECALLBACKINTERFACEl6PARAMSRscRsc
  40A9BC FUNCTIONDONE_@_FILECALLBACKINTERFACE_@_FILEMANAGER@F21FILECALLBACKINTERFACEl6PARAMSRscRsc
  40A9C8 DELETED@F11FILEMANAGER
  40A9CC DELETERECORD@F11FILEMANAGERUc
  40A9D8 VALIDATERECORD@F11FILEMANAGERPl
  40AA7C VALIDATEFIELDS@F11FILEMANAGERllPl
  40AB30 VALIDATEFIELDSERVER@F11FILEMANAGERlUc
  40AB98 TRYVALIDATEFIELD@F11FILEMANAGERl
  40ABA4 VALIDATEFIELD@F11FILEMANAGERl
  40ABB0 USEFILE@F11FILEMANAGERUc
  40AC50 UPDATESERVER@F11FILEMANAGERUc
  40AD4C UPDATE@F11FILEMANAGER
  40AD58 TRYUPDATE@F11FILEMANAGER
  40AD64 TRYREGET@F11FILEMANAGERsb
  40AE04 TRYPRIMEAUTOINC@F11FILEMANAGER
  40AE10 TRYPREVIOUS@F11FILEMANAGER
  40AE20 TRYOPEN@F11FILEMANAGER
  40AE30 TRYNEXT@F11FILEMANAGER
  40AE40 TRYINSERT@F11FILEMANAGER
  40AE4C TRYFETCH@F11FILEMANAGERBk
  40AE84 THROWMESSAGE@F11FILEMANAGERUssb
  40AEC8 THROW@F11FILEMANAGER
  40AEE4 THROW@F11FILEMANAGERUs
  40AEFC SETTHREAD@F11FILEMANAGER
  40AFBC SETKEY@F11FILEMANAGERBk
  40B008 SETERROR@F11FILEMANAGERUs
  40B030 SAVEFILE@F11FILEMANAGER
  40B13C SAVEBUFFER@F11FILEMANAGER
  40B2B4 RESTOREFILE@F11FILEMANAGERRUs11FILEMANAGERUc
  40B3DC RESTOREFILE@F11FILEMANAGERRUsUc
  40B424 RESTOREBUFFER@F11FILEMANAGERRUs11FILEMANAGERUc
  40B58C RESTOREBUFFER@F11FILEMANAGERRUsUc
  40B59C PRIMERECORD@F11FILEMANAGERUc
  40B6A8 PRIMEFIELDS@F11FILEMANAGER
  40B6AC PRIMEAUTOINCSERVER@F11FILEMANAGERUc
  40BAB4 PRIMEAUTOINC@F11FILEMANAGER
  40BAC0 PREVIOUS@F11FILEMANAGER
  40BAD0 POSITION@F11FILEMANAGER
  40BB40 OPENSERVER@F11FILEMANAGERUcUc
  40BC24 OPENFILE@F11FILEMANAGERUc
  40BE38 OPEN@F11FILEMANAGER
  40BE48 NEXTSERVER@F11FILEMANAGERUcUc
  40BF10 NEXT@F11FILEMANAGER
  40BF20 KILL@F11FILEMANAGER
  40BF44 KEYTOORDER@F11FILEMANAGERBkUc
  40C0AC INSERTSERVER@F11FILEMANAGERUc
  40C234 INSERT@F11FILEMANAGER
  40C240 INIT@F11FILEMANAGERBf10ERRORCLASS
  40C30C GETNAME@F11FILEMANAGER
  40C33C GETFIELDNAME@F11FILEMANAGERBkUc
  40C38C GETFIELD@F11FILEMANAGERBkUc
  40C3C8 GETEOF@F11FILEMANAGER
  40C3E0 GETCOMPONENTS@F11FILEMANAGERBk
  40C3FC FETCH@F11FILEMANAGERBk
  40C438 EQUALBUFFER@F11FILEMANAGERRUs
  40C568 CLOSE@F11FILEMANAGER
  40C5D8 CLEARKEY@F11FILEMANAGERBkUcUcUc
  40C694 CANCELAUTOINC@F11FILEMANAGER15RELATIONMANAGER
  40C710 BINDFIELDS@F11FILEMANAGER
  40C734 ADDKEY@F11FILEMANAGERBksbUc
  40CA6C DESTRUCT@F11FILEMANAGER
  40CA74 CLEANUP@F11FILEMANAGER
  40CCC8 LOCALACTION@FUc
  40CCE4 CASEDVALUE@FsbRuu
  40CE88 DUPSTRING@Fsb
  40CF08 CONCATGETCOMPONENTS@F13KEYFIELDQUEUERscUc
  40CF98 SETOPTION@F10FUZZYCLASSUcUc
  40CFFC KILL@F10FUZZYCLASS
  40D000 INIT@F10FUZZYCLASS
  40D014 CONSTRUCT@F10FUZZYCLASS
  40D0F4 TOOLBOX@F10POPUPCLASSsb
  40D178 SETTRANSLATOR@F10POPUPCLASS15TRANSLATORCLASS
  40D188 SETTOOLBOX@F10POPUPCLASSsbUc
  40D1E8 SETICON@F10POPUPCLASSsbsb
  40D260 SETITEMENABLE@F10POPUPCLASSsbUc
  40D300 SETITEMCHECK@F10POPUPCLASSsbUc
  40D3A0 SETITEM@F10POPUPCLASSUsUssbsb
  40D5B0 RESETTOOLBOX@F10POPUPCLASS
  40D934 LOCATENAME@F10POPUPCLASSsb
  40D9C8 KILL@F10POPUPCLASS
  40D9E4 INIT@F10POPUPCLASS
  40DA0C GETNAME@F10POPUPCLASSUs
  40DC84 GETMENUTEXT@F10POPUPCLASS
  40DF68 GETLASTSELECTION@F10POPUPCLASS
  40DF78 GETITEMS@F10POPUPCLASS
  40DF84 EXECUTEPOPUP@F10POPUPCLASSsbll
  40E0A8 DELETEITEM@F10POPUPCLASSsb
  40E0F0 CHECKMIMICS@F10POPUPCLASS
  40E2B4 ASKTOOLBOX@F10POPUPCLASSsb
  40E614 ASK@F10POPUPCLASSll
  40E6E0 ADDSUBMENU@F10POPUPCLASSsbsbsb
  40E7A0 ADDSUBMENU@F10POPUPCLASSsbsb
  40E870 ADDMENU@F10POPUPCLASSsbUc
  40E9F0 ADDITEMMIMIC@F10POPUPCLASSsbsOsb
  40EACC ADDITEMEVENT@F10POPUPCLASSsbUss
  40EBB0 ADDITEM@F10POPUPCLASSsbsbsbUc
  40EC48 ADDITEM@F10POPUPCLASSsbsb
  40ECB8 ADDITEM@F10POPUPCLASSsb
  40ED38 POPTOOLBOX@Fsbsb
  40EDB8 REMOVEAMPERSAND@Fsb
  40EEB4 GETUNIQUENAME@F10POPUPCLASSsb
  40F108 CLEARQUERY@F10QUERYCLASS
  40F1D4 GETQUERIES@F10QUERYCLASS11SECTORQUEUE
  40F274 RESTORE@F10QUERYCLASSsb
  40F66C TAKE@F10QUERYCLASS10POPUPCLASS
  40F70C SAVE@F10QUERYCLASSsb
  40F804 SETQUICKPOPUP@F10QUERYCLASS10POPUPCLASSUs
  40FD48 QUOTE@F10QUERYCLASSsb
  410028 GETLIMIT@F10QUERYCLASSRscRscRUcUcRsc
  410564 GETFILTER@F10QUERYCLASS
  41092C MAKEOPERATOR@FsbsbRscRsc
  410CE8 MAKEOPERATOR@Fsbsb
  410D94 SETPOSITION@F16PAGEMANAGERCLASSlssUsUs
  410F38 SETCENTRE@F16PAGEMANAGERCLASSlUcUc
  410F70 KILL@F16PAGEMANAGERCLASS
  410FC4 INIT@F16PAGEMANAGERCLASS17PRINTPREVIEWCLASSlUsRsb
  411108 HIGHLIGHT@F16PAGEMANAGERCLASSl
  411190 GETPROP@F16PAGEMANAGERCLASSlUs
  4111EC EXISTS@F16PAGEMANAGERCLASSl
  411208 DRAW@F16PAGEMANAGERCLASSls
  411984 DELETE@F16PAGEMANAGERCLASSl
  4119C4 DELETE@F16PAGEMANAGERCLASS
  4119E4 COORDCONTAINED@F16PAGEMANAGERCLASSss
  411C20 TAKEWINDOWEVENT@F13REPORTMANAGER
  411E04 TAKERECORD@F13REPORTMANAGER
  411EE0 TAKENORECORDS@F13REPORTMANAGER
  411EFC TAKECLOSEEVENT@F13REPORTMANAGER
  411FF0 TAKEACCEPTED@F13REPORTMANAGER
  412020 OPENREPORT@F13REPORTMANAGER
  4120C0 OPEN@F13REPORTMANAGER
  4120DC KILL@F13REPORTMANAGER
  412154 INIT@F13REPORTMANAGER12PROCESSCLASSBr17PRINTPREVIEWCLASS
  4121BC NEXT@F13REPORTMANAGER
  412238 ASKPREVIEW@F13REPORTMANAGER
  412308 ASK@F13REPORTMANAGER
  41235C TAKEFIELDEVENT@F17PRINTPREVIEWCLASS
  4123D4 TAKEWINDOWEVENT@F17PRINTPREVIEWCLASS
  412904 TAKEEVENT@F17PRINTPREVIEWCLASS
  4130A8 TAKEACCEPTED@F17PRINTPREVIEWCLASS
  4135AC SYNCIMAGEQUEUE@F17PRINTPREVIEWCLASS
  4135F8 SETINIMANAGER@F17PRINTPREVIEWCLASS8INICLASS
  413604 SETDEFAULTPAGES@F17PRINTPREVIEWCLASS
  41364C RESETUSERZOOM@F17PRINTPREVIEWCLASS
  4136F8 OPEN@F17PRINTPREVIEWCLASS
  413C08 NEWZOOM@F17PRINTPREVIEWCLASS
  413C24 KILL@F17PRINTPREVIEWCLASS
  413C70 INPAGELIST@F17PRINTPREVIEWCLASSl
  413EE4 INIT@F17PRINTPREVIEWCLASS12PREVIEWQUEUE
  4144A8 DRAWPAGE@F17PRINTPREVIEWCLASS
  414560 DISPLAY@F17PRINTPREVIEWCLASSslUsUs
  414760 DELETEIMAGEQUEUE@F17PRINTPREVIEWCLASSl
  4147B8 CONFIGMENUCHECKS@F17PRINTPREVIEWCLASS
  41486C ASKTHUMBNAILS@F17PRINTPREVIEWCLASS
  414958 ASKPRINTPAGES@F17PRINTPREVIEWCLASS
  414B04 ASKPAGE@F17PRINTPREVIEWCLASS
  414C44 UPDATEDISPLAY@F12PROCESSCLASS
  414CC0 TAKERECORD@F12PROCESSCLASS
  414CC4 TAKELOCATE@F12PROCESSCLASS
  414CF4 TAKEACCEPTED@F12PROCESSCLASS
  414CF8 SETPROGRESSLIMITS@F12PROCESSCLASSsbsb
  414DD4 SETPROGRESSLIMITS@F12PROCESSCLASS
  414E8C RESET@F12PROCESSCLASS
  414F0C NEXT@F12PROCESSCLASSUc
  4150D8 KILL@F12PROCESSCLASS
  41512C INIT@F12PROCESSCLASSBi15RELATIONMANAGERlPUc9STEPCLASSRu
  415174 INIT@F12PROCESSCLASSBi15RELATIONMANAGERlPUcl
  4151A4 PERCENTILE2IDX@F17PRINTPREVIEWCLASSs
  415220 IDX2PERCENTILE@F17PRINTPREVIEWCLASSUc
  415258 TAKERESIZE@F17WINDOWRESIZECLASS
  415260 KILL@F17WINDOWRESIZECLASS
  4152A0 TAKEEVENT@F12TOOLBARCLASSPl13WINDOWMANAGER
  4152CC SETTARGET@F12TOOLBARCLASSl
  415384 KILL@F12TOOLBARCLASS
  41539C INIT@F12TOOLBARCLASS
  4153BC DISPLAYBUTTONS@F12TOOLBARCLASS
  4153E4 ADDTARGET@F12TOOLBARCLASS13TOOLBARTARGETl
  415418 TRYTAKETOOLBAR@F18TOOLBARUPDATECLASS
  415424 TAKEEVENT@F18TOOLBARUPDATECLASSPl13WINDOWMANAGER
  415460 TAKETOOLBAR@F18TOOLBARUPDATECLASS
  415538 DISPLAYBUTTONS@F18TOOLBARUPDATECLASS
  4155F0 TRYTAKETOOLBAR@F19TOOLBARLISTBOXCLASS
  415644 TAKEEVENT@F19TOOLBARLISTBOXCLASSPl13WINDOWMANAGER
  41578C TAKETOOLBAR@F19TOOLBARLISTBOXCLASS
  4157B0 DISPLAYBUTTONS@F19TOOLBARLISTBOXCLASS
  4157DC TAKEEVENT@F13TOOLBARTARGETPl13WINDOWMANAGER
  41585C DISPLAYBUTTONS@F13TOOLBARTARGET
  415A40 SETTIPS@Fsb
  415B60 UPDATE@F8INICLASSsbsbBqRuPuPu
  415D18 UPDATE@F8INICLASSsbsbsb
  415D9C UPDATE@F8INICLASSsbBw
  415F9C UPDATE@F8INICLASS
  415FA0 TRYFETCH@F8INICLASSsbsb
  416018 KILL@F8INICLASS
  416108 INIT@F8INICLASSsb
  416210 GETSECTORS@F8INICLASSOsbOsbOsb11SECTORQUEUE
  4163D0 GETSECTOR@F8INICLASSsbsbsb
  416484 GETFAMILY@F8INICLASSsbRscRscRsc
  4165C0 FETCHQUEUE@F8INICLASSsbsbBqRuPuPu
  4167A0 FETCHFIELD@F8INICLASSsbsbUc
  4168DC FETCH@F8INICLASSsbBw
  416BB8 FETCH@F8INICLASSsbsb
  416D04 FETCH@F8INICLASS
  416D08 ADDSECTOR@F8INICLASSsb
  416DB0 UPDATE@F8INICLASSsbsbsbsb
  416E50 FETCH@F8INICLASSsbsbsbsb
  416EF0 KILL@F18BUFFEREDPAIRSCLASS
  416F7C INIT@F18BUFFEREDPAIRSCLASS
  416F9C EQUALRIGHTBUFFER@F18BUFFEREDPAIRSCLASS
  416FFC EQUALLEFTBUFFER@F18BUFFEREDPAIRSCLASS
  417058 ASSIGNRIGHTTOBUFFER@F18BUFFEREDPAIRSCLASS
  4170B4 ASSIGNLEFTTOBUFFER@F18BUFFEREDPAIRSCLASS
  41710C ASSIGNBUFFERTORIGHT@F18BUFFEREDPAIRSCLASS
  417168 ASSIGNBUFFERTOLEFT@F18BUFFEREDPAIRSCLASS
  4171C0 ADDPAIR@F18BUFFEREDPAIRSCLASSRuRu
  417268 INIT@F15FIELDPAIRSCLASS
  417284 KILL@F15FIELDPAIRSCLASS
  4172F4 EQUALLEFTRIGHT@F15FIELDPAIRSCLASS
  417350 EQUAL@F15FIELDPAIRSCLASS
  417358 CLEARRIGHT@F15FIELDPAIRSCLASS
  4173A8 CLEARLEFT@F15FIELDPAIRSCLASS
  4173F4 ASSIGNRIGHTTOLEFT@F15FIELDPAIRSCLASS
  41744C ASSIGNLEFTTORIGHT@F15FIELDPAIRSCLASS
  4174A4 ADDITEM@F15FIELDPAIRSCLASSRu
  4174F0 ADDPAIR@F15FIELDPAIRSCLASSRuRu
  41753C NEXT@F13CONSTANTCLASS
  4176EC SET@F13CONSTANTCLASSRsb
  417750 RESET@F13CONSTANTCLASS
  417798 KILL@F13CONSTANTCLASS
  417800 INIT@F13CONSTANTCLASSUc
  417844 GETCSTRING@F13CONSTANTCLASS
  4178C4 GETPSTRING@F13CONSTANTCLASS
  417954 GETLONG@F13CONSTANTCLASS
  417980 GETUSHORT@F13CONSTANTCLASS
  4179B0 GETSHORT@F13CONSTANTCLASS
  4179C8 GETBYTE@F13CONSTANTCLASS
  4179E8 ADDITEM@F13CONSTANTCLASSUcRu
  417A30 REMOVEDOLLAR@Fsb
  417B50 ADDDOLLAR@Fsb
  417C68 UPDATE@F13WINDOWMANAGER
  417CB4 TAKEWINDOWEVENT@F13WINDOWMANAGER
  417DA0 TAKESELECTED@F13WINDOWMANAGER
  417DA4 TAKEREJECTED@F13WINDOWMANAGER
  417DE8 TAKENEWSELECTION@F13WINDOWMANAGER
  417E68 TAKEFIELDEVENT@F13WINDOWMANAGER
  417E6C TAKEEVENT@F13WINDOWMANAGER
  418018 TAKECLOSEEVENT@F13WINDOWMANAGER
  418660 TAKECOMPLETED@F13WINDOWMANAGER
  4186BC TAKEACCEPTED@F13WINDOWMANAGER
  418780 SETRESPONSE@F13WINDOWMANAGERUc
  4187CC SETALERTS@F13WINDOWMANAGER
  41888C SAVEHISTORY@F13WINDOWMANAGER
  418938 RUN@F13WINDOWMANAGERUsUc
  41893C RUN@F13WINDOWMANAGER
  418988 RESTOREFIELD@F13WINDOWMANAGERl
  418A5C RESETBUFFERS@F13WINDOWMANAGERUc
  418AAC RESET@F13WINDOWMANAGERUc
  418B44 PRIMEUPDATE@F13WINDOWMANAGER
  418C88 PRIMEFIELDS@F13WINDOWMANAGER
  418C8C POSTCOMPLETED@F13WINDOWMANAGER
  418CD4 OPEN@F13WINDOWMANAGER
  418D18 KILL@F13WINDOWMANAGER
  418E58 INIT@F13WINDOWMANAGER
  418ECC REMOVEITEM@F13WINDOWMANAGER15WINDOWCOMPONENT
  418F18 ASK@F13WINDOWMANAGER
  418F7C ADDUPDATEFILE@F13WINDOWMANAGER11FILEMANAGER
  418FC0 ADDITEM@F13WINDOWMANAGER15WINDOWCOMPONENT
  418FE0 ADDITEM@F13WINDOWMANAGER18TOOLBARUPDATECLASS
  419038 ADDITEM@F13WINDOWMANAGER12TOOLBARCLASS
  41904C ADDITEM@F13WINDOWMANAGERlUc
  419070 ADDITEM@F13WINDOWMANAGER11BROWSECLASS
  4194A8 CARDR001$PICKAREPORT@F
  4199DC CARDR001$PRINTACCOUNTPURCHASES@F
  41A9EC CARDR001$BROWSETRANSACTIONHISTORY@F
  41BDA0 CARDR001$BROWSECURRENTTRANSACTIONS@F
  41C59C CARDR001$UPDATETRANSACTIONS@F
  41CCE8 CARDR001$PRINTCREDITCARDREGISTRY@F
  41DBFC CARDR001$BROWSEACCOUNTS@F
  41E364 CARDR001$UPDATEACCOUNTS@F
  41E5B4 CARDR001$AUTHORINFORMATION@F
  41EDDC MAIN@F
  41F144 CARDR002$SPLASHSCREEN@F
  41F364 CARDR002$UPDATEDATES@F
  41F894 CARDR002$PRINTPAYMENTHISTORY@F
  41FE9C CARDR002$PRINTOPENTRANSACTIONS@F
  4204D4 CARDR002$PRINTACCOUNTTRANSACTIONHISTORY@F
  420680 KILL@F24HIDE:RELATE:TRANSACTIONS
  4206C4 INIT@F24HIDE:RELATE:TRANSACTIONS
  4206F4 PRIMEFIELDS@F24HIDE:ACCESS:TRANSACTIONS
  420738 KILL@F24HIDE:ACCESS:TRANSACTIONS
  420748 INIT@F24HIDE:ACCESS:TRANSACTIONS
  420840 KILL@F20HIDE:RELATE:ACCOUNTS
  42089C INIT@F20HIDE:RELATE:ACCOUNTS
  4208CC VALIDATEFIELDSERVER@F20HIDE:ACCESS:ACCOUNTSlUc
  420980 PRIMEFIELDS@F20HIDE:ACCESS:ACCOUNTS
  4209BC KILL@F20HIDE:ACCESS:ACCOUNTS
  4209CC INIT@F20HIDE:ACCESS:ACCOUNTS
  420A88 CARDRBC0$CARDRBC0:FILESINIT@F
  420AA0 CARDRBC0$CARDRBC0:DCTKILL@F
  420AC0 CARDRBC0$CARDRBC0:DCTINIT@F
  420AD8 DCTKILL@F
  420AE0 DCTINIT@F
  420AEC _main
  421000 $MULTIWINDOW
  421004 $TXTWINDOW
  421008 $COLORMAP
  421040 $WINDOW
  421044 STDERRORFILE$RECORD
  421444 $FILESMANAGER
  42144C $STATUSQ
  421460 $FILEMAPPING
  421468 $FUZZYOBJECT
  42148C $HIDE:RELATE:ACCOUNTS
  4214A4 $HIDE:RELATE:TRANSACTIONS
  4214BC $GLO:CARDTYPEDESCRIPTION
  4214CC $GLO:TRANSACTIONTYPEDESCRIPTION
  4214D8 ACCOUNTS$ACC:RECORD
  421598 MEMOS$ACCOUNTS
  4215CC $FUZZYMATCHER
  422BF0 $GLOBALERRORS
  423218 $INIMGR
  423324 $LCURRENTFDSETTING
  423328 $LADJFDSETTING
  42332C $RELATE:TRANSACTIONS
  423330 $ACCESS:TRANSACTIONS
  423334 $RELATE:ACCOUNTS
  423338 $ACCESS:ACCOUNTS
  42333C $GLO:BUTTON4
  423340 $GLO:BUTTON3
  423344 $GLO:BUTTON2
  423348 $GLO:BUTTON1
  42334C $APPWINDOWREF
  423350 $GLO:HOLDTRANSACTIONAMOUNT
  423354 $GLO:MAKEPAYMENT
  423358 $GLO:HIGHDATE
  42335C $GLO:LOWDATE
  423360 $GLO:CURRENTSYSID
  423364 $GLO:TODAYSDATE
  423368 $GLOBALREQUEST
  42336C $GLOBALRESPONSE
  423370 $VCRREQUEST
  424114 $OVERRIDECHARACTERS
  424134 $SCROLL:NAME
  424260 $SCROLL:ALPHA
  424328 TYPE$BROWSECLASS
  424654 TYPE$BROWSEEIPMANAGER
  424878 VMT$BROWSEEIPMANAGER
  4248F8 VMT$BROWSECLASS
  424A8C TYPE$STANDARDBEHAVIOR
  424ACC VMT$STANDARDBEHAVIOR
  424B18 TYPE$FILTERLOCATORCLASS
  424B70 VMT$FILTERLOCATORCLASS
  424BA4 TYPE$STEPLOCATORCLASS
  424BE4 VMT$STEPLOCATORCLASS
  424C14 TYPE$STEPSTRINGCLASS
  424C64 VMT$STEPSTRINGCLASS
  424C84 TYPE$STEPLONGCLASS
  424CAC VMT$STEPLONGCLASS
  424CF8 TYPE$COLORMAP
  424D24 TCB$COLORMAP
  424D34 TYPE$EDITENTRYCLASS
  424D6C VMT$EDITENTRYCLASS
  424F40 STDERRORFILE$TYPE$RECORD
  424F58 $STDERRORFILE
  424F94 TYPE$PNQ
  424FB4 TYPE$DEFAULTERRORS
  4251B0 $DEFAULTERRORS
  42605C TYPE$HISTHANDLERCLASS
  4260A4 VMT$HISTHANDLERCLASS
  4260D4 TYPE$MSGBOXCLASS
  4262CC VMT$MSGBOXCLASS
  426334 TYPE$ERRORCLASS
  4264BC VMT$ERRORCLASS
  4264FC TYPE$STANDARDERRORLOGCLASS
  426528 VMT$STANDARDERRORLOGCLASS
  4265F0 TYPE$FILESMANAGER
  426608 VMT$FILESMANAGER
  426614 TYPE$STATUSQ
  426660 TCB$STATUSQ
  426670 TYPE$FILEMAPPING
  42669C TCB$FILEMAPPING
  4266C0 $EPOC
  4266C4 TYPE$SAVEQUEUE
  426700 TYPE$FIELDSLIST
  426730 TYPE$FILEKEYQUEUE
  42677C TYPE$KEYFIELDQUEUE
  4267A8 TYPE$FILETHREADQUEUE
  4267F0 TYPE$RELATIONQUEUE
  426854 TYPE$FILEMANAGER
  426994 VMT$FILEMANAGER
  426AA0 TYPE$FUZZYCLASS
  426B48 VMT$FUZZYCLASS
  426BEC TYPE$POPUPITEMQUEUE
  426C5C TYPE$POPUPCLASS
  426CE8 VMT$POPUPCLASS
  426EC4 TYPE$FIELDQUEUE
  4270F4 TYPE$PAGEMANAGERCLASS
  4271B0 VMT$PAGEMANAGERCLASS
  4271BC TYPE$ZOOMITEMQUEUE
  4271F4 $ZOOMPRESETS
  4272A0 TYPE$PREVIEWQUEUE
  4272D0 TYPE$PRINTPREVIEWCLASS
  427758 VMT$PRINTPREVIEWCLASS
  4277DC TYPE$TOOLBARTARGETQUEUE
  4277F8 $UPDATECHANGETIPS
  427904 $UPDATEINSERTTIPS
  427944 $LISTBOXTIPS
  427A00 TYPE$TOOLBARCLASS
  427A18 VMT$TOOLBARCLASS
  427A30 TYPE$TOOLBARUPDATECLASS
  427AB8 VMT$TOOLBARUPDATECLASS
  427AD4 TYPE$TOOLBARLISTBOXCLASS
  427B50 VMT$TOOLBARLISTBOXCLASS
  427C80 TYPE$CONSTDESCRIPTORLIST
  427CA8 TYPE$CONSTANTCLASS
  427D1C VMT$CONSTANTCLASS
  427D28 TYPE$INICLASS
  427D50 VMT$INICLASS
  427D98 TYPE$BUFFEREDPAIRSCLASS
  427DBC VMT$BUFFEREDPAIRSCLASS
  427DF4 TYPE$FIELDPAIRSCLASS
  427E0C VMT$FIELDPAIRSCLASS
  427E44 TYPE$FILELIST
  427E68 TYPE$BUTTONLIST
  427E8C TYPE$COMPONENTLIST
  42CADC $HIDE:ACCESS:ACCOUNTS
  42CC28 TYPE$HIDE:ACCESS:ACCOUNTS
  42CD68 VMT$HIDE:ACCESS:ACCOUNTS
  42CE00 TYPE$HIDE:RELATE:ACCOUNTS
  42CE4C VMT$HIDE:RELATE:ACCOUNTS
  42CE80 $HIDE:ACCESS:TRANSACTIONS
  42CFCC TYPE$HIDE:ACCESS:TRANSACTIONS
  42D10C VMT$HIDE:ACCESS:TRANSACTIONS
  42D1A4 TYPE$HIDE:RELATE:TRANSACTIONS
  42D1F0 VMT$HIDE:RELATE:TRANSACTIONS
  42D2C8 ACCOUNTS$TYPE$ACC:RECORD
  42D418 ACCOUNTS$ACC:SYSIDKEY
  42D440 ACCOUNTS$ACC:CREDITCARDVENDORKEY
  42D468 ACCOUNTS$ACC:ACCOUNTNUMBERKEY
  42D48C KEYS$ACCOUNTS
  42D498 $ACCOUNTS
  42D4D4 TRANSACTIONS$TYPE$TRA:RECORD
  42D578 TRANSACTIONS$TRA:SYSIDKEY
  42D5A4 TRANSACTIONS$TRA:SYSIDTYPEKEY
  42D5D0 TRANSACTIONS$TRA:SYSIDDATEKEY
  42D5F8 TRANSACTIONS$TRA:DATEKEY
  42D620 TRANSACTIONS$TRA:TYPEKEY
  42D644 KEYS$TRANSACTIONS
  42D658 $TRANSACTIONS
  42D704 VMTP$HIDE:ACCESS:ACCOUNTS
  42D70C VMTP$HIDE:RELATE:ACCOUNTS
  42D714 VMTP$HIDE:ACCESS:TRANSACTIONS
  42D71C VMTP$HIDE:RELATE:TRANSACTIONS
  42D7DC VMTP$FILESMANAGER
  42D7E4 VMTP$FILEMANAGER
  42D7EC VMTP$CONSTANTCLASS
  42D7F4 VMTP$INICLASS
  42D7FC VMTP$BUFFEREDPAIRSCLASS
  42D804 VMTP$FIELDPAIRSCLASS
  42D80C VMTP$POPUPCLASS
  42D814 VMTP$TOOLBARCLASS
  42D81C VMTP$TOOLBARUPDATECLASS
  42D824 VMTP$TOOLBARLISTBOXCLASS
  42D82C VMTP$EDITENTRYCLASS
  42D834 VMTP$BROWSEEIPMANAGER
  42D83C VMTP$BROWSECLASS
  42D844 VMTP$STANDARDBEHAVIOR
  42D84C VMTP$FILTERLOCATORCLASS
  42D854 VMTP$STEPLOCATORCLASS
  42D85C VMTP$STEPSTRINGCLASS
  42D864 VMTP$STEPLONGCLASS
  42D86C VMTP$HISTHANDLERCLASS
  42D874 VMTP$MSGBOXCLASS
  42D87C VMTP$ERRORCLASS
  42D884 VMTP$STANDARDERRORLOGCLASS
  42D88C VMTP$FUZZYCLASS
  42D894 VMTP$PAGEMANAGERCLASS
  42D89C VMTP$PRINTPREVIEWCLASS
  42E000 __import_section_start
  42F880 __import_section_end

Imports
c55ascx:ASCII 42E06C
c55runx:Cla$ACCEPTED 42E3D4,401000
c55runx:Cla$ADDqueue 42E3D8
c55runx:Cla$ADDqueuekey 42E3DC
c55runx:Cla$ADDqueueptr 42E3E0
c55runx:Cla$AddressUfo 42E3E4
c55runx:Cla$AssignLong2RefUfo 42E3E8
c55runx:Cla$AssignReal2RefUfo 42E3EC
c55runx:Cla$AssignRefUfo 42E3F0
c55runx:Cla$BEEP 42E3F4,401008
c55runx:Cla$BindG 42E3F8
c55runx:Cla$BindV 42E3FC
c55runx:Cla$CHOICE 42E400,401010
c55runx:Cla$CLEAR 42E404
c55runx:Cla$clearstr 42E408
c55runx:Cla$ClearType 42E40C
c55runx:Cla$ClearUfo 42E410
c55runx:Cla$CLOCK 42E414,401018
c55runx:Cla$CloneUfo 42E418
c55runx:Cla$CLOSEwindow 42E41C,401020
c55runx:Cla$code 42E420
c55runx:Cla$COMMIT 42E424,401028
c55runx:Cla$comparestr 42E428
c55runx:Cla$CREATE 42E42C
c55runx:Cla$DAbs 42E430
c55runx:Cla$DecAdd 42E434
c55runx:Cla$DecDistinct 42E438
c55runx:Cla$DecDistinctR 42E43C
c55runx:Cla$DecDivide 42E440
c55runx:Cla$DecDivideR 42E444
c55runx:Cla$DecMul 42E448
c55runx:Cla$DecSub 42E44C
c55runx:Cla$DecSubR 42E450
c55runx:Cla$DELETEqueue 42E454,401030
c55runx:Cla$DESTROY 42E458,401038
c55runx:Cla$DISABLE 42E45C,401040
c55runx:Cla$DISPLAY 42E460,401048
c55runx:Cla$DISPOSEqueue 42E464
c55runx:Cla$DISPOSEref 42E468
c55runx:Cla$Dlongpower 42E46C
c55runx:Cla$DPopDec 42E470
c55runx:Cla$DPopLong 42E474
c55runx:Cla$DPopReal 42E478
c55runx:Cla$DPushConstant 42E47C
c55runx:Cla$DPushDec 42E480
c55runx:Cla$DPushLong 42E484
c55runx:Cla$DStack2Stack 42E488
c55runx:Cla$ENABLE 42E48C,401050
c55runx:Cla$EndEventLoop 42E490
c55runx:Cla$EndEventLoops 42E494
c55runx:Cla$ENDPAGE 42E498,401058
c55runx:Cla$ERRCODE 42E49C
c55runx:Cla$EVENT 42E4A0,401060
c55runx:Cla$FIELD 42E4A4,401068
c55runx:Cla$FILEERRORCODE 42E4A8,401070
c55runx:Cla$FILEERRORMSG 42E4AC,401078
c55runx:Cla$FileExists 42E4B0,401080
c55runx:Cla$FILE_ADDf 42E4B4
c55runx:Cla$FILE_BUFFER 42E4B8,401088
c55runx:Cla$FILE_BUILDf 42E4BC,401090
c55runx:Cla$FILE_BYTES 42E4C0,401098
c55runx:CLA$FILE_CALLBACK 42E4C4,4010A0
c55runx:Cla$FILE_CLEAR 42E4C8
c55runx:Cla$FILE_CLOSE 42E4CC,4010A8
c55runx:Cla$FILE_CREATE 42E4D0
c55runx:Cla$FILE_DELETE 42E4D4,4010B0
c55runx:CLA$FILE_DESTROY 42E4D8,4010B8
c55runx:Cla$FILE_DUPLICATEk 42E4DC,4010C0
c55runx:Cla$FILE_FLUSH 42E4E0,4010C8
c55runx:CLA$FILE_FREESTATE 42E4E4,4010D0
c55runx:Cla$FILE_GETfk 42E4E8
c55runx:Cla$FILE_GETfl 42E4EC
c55runx:Cla$FILE_GETNULLS 42E4F0,4010D8
c55runx:CLA$FILE_GETSTATE 42E4F4,4010E0
c55runx:Cla$FILE_GET_PROPERTY 42E4F8
c55runx:Cla$FILE_NAME 42E4FC,4010E8
c55runx:Cla$FILE_NEXT 42E500,4010F0
c55runx:Cla$FILE_NOMEMO 42E504,4010F8
c55runx:Cla$FILE_OPEN 42E508,401100
c55runx:Cla$FILE_POSITIONf 42E50C,401108
c55runx:Cla$FILE_POSITIONk 42E510,401110
c55runx:Cla$FILE_PREV 42E514,401118
c55runx:Cla$FILE_PUTf 42E518
c55runx:Cla$FILE_RECORDSf 42E51C,401120
c55runx:Cla$FILE_REGETf 42E520,401128
c55runx:Cla$FILE_REGETk 42E524,401130
c55runx:Cla$FILE_RESETf 42E528,401138
c55runx:Cla$FILE_RESETk 42E52C,401140
c55runx:CLA$FILE_RESTORESTATE 42E530,401148
c55runx:Cla$FILE_SEND 42E534,401150
c55runx:Cla$FILE_SETk 42E538,401158
c55runx:Cla$FILE_SETkk 42E53C,401160
c55runx:Cla$FILE_SETNULLS 42E540,401168
c55runx:Cla$FILE_SET_PROPERTY 42E544
c55runx:Cla$FILE_WATCH 42E548,401170
c55runx:Cla$FOCUS 42E54C,401178
c55runx:Cla$FREEqueue 42E550
c55runx:Cla$FREEqueuea 42E554,401180
c55runx:Cla$freestr 42E558
c55runx:Cla$FreeUfo 42E55C
c55runx:Cla$freewindow 42E560
c55runx:Cla$GETINI 42E564,401188
c55runx:Cla$GETPOSITION 42E568,401190
c55runx:Cla$GetPropS 42E56C
c55runx:Cla$GETqueuekey 42E570
c55runx:Cla$GETqueueptr 42E574
c55runx:Cla$Group2Ufo 42E578
c55runx:Cla$HALT 42E57C,401198
c55runx:Cla$HELP 42E580,4011A0
c55runx:Cla$HIDE 42E584,4011A8
c55runx:Cla$init 42E588
c55runx:Cla$IsAlpha 42E58C,4011B0
c55runx:Cla$IsUfoString 42E590,4011B8
c55runx:Cla$IsUpper 42E594,4011C0
c55runx:Cla$KEYCHAR 42E598,4011C8
c55runx:Cla$KEYCODE 42E59C,4011D0
c55runx:Cla$KEY_GET_PROPERTY 42E5A0
c55runx:Cla$loaddec 42E5A4
c55runx:Cla$LOGOUT 42E5A8
c55runx:Cla$Mem2Ufo 42E5AC
c55runx:Cla$MessageBox 42E5B0,4011D8
c55runx:Cla$MOUSEX 42E5B4,4011E0
c55runx:Cla$MOUSEY 42E5B8,4011E8
c55runx:Cla$NewMemB 42E5BC
c55runx:Cla$NewMemT 42E5C0
c55runx:Cla$NewMemZ 42E5C4
c55runx:Cla$NEWqueue 42E5C8
c55runx:Cla$OPENowned 42E5CC,4011F0
c55runx:Cla$OPENwindow 42E5D0,4011F8
c55runx:Cla$paopen 42E5D4
c55runx:Cla$pmopen 42E5D8
c55runx:Cla$POINTERqueue 42E5DC,401200
c55runx:Cla$PopAString 42E5E0
c55runx:Cla$PopBind 42E5E4,401208
c55runx:Cla$PopCString 42E5E8
c55runx:Cla$PopReal 42E5EC
c55runx:Cla$PopString 42E5F0
c55runx:Cla$PopTemp 42E5F4
c55runx:Cla$POPUP 42E5F8,401210
c55runx:Cla$POST 42E5FC,401218
c55runx:Cla$PRESSKEY 42E600,401220
c55runx:Cla$PRINTreport 42E604
c55runx:Cla$propen 42E608
c55runx:Cla$PushAString 42E60C
c55runx:Cla$PushBind2 42E610,401228
c55runx:Cla$PushCString 42E614
c55runx:Cla$PushLong 42E618
c55runx:Cla$PushPictLong 42E61C
c55runx:Cla$PushString 42E620
c55runx:Cla$PushUfo 42E624
c55runx:Cla$PUTINI 42E628,401230
c55runx:Cla$PUTqueue 42E62C
c55runx:Cla$pwopen 42E630
c55runx:Cla$RECORDSqueue 42E634,401238
c55runx:Cla$RefAssignAny 42E638
c55runx:Cla$RemoveFile 42E63C,401240
c55runx:Cla$ROLLBACK 42E640,401248
c55runx:Cla$RUN 42E644,401250
c55runx:Cla$SELECT 42E648,401258
c55runx:Cla$SETCURSOR 42E64C,401260
c55runx:Cla$SETKEYCODE 42E650,401268
c55runx:Cla$SETPOSITION 42E654,401270
c55runx:Cla$SetPropF 42E658
c55runx:Cla$SetPropS 42E65C
c55runx:Cla$SetPropV 42E660
c55runx:Cla$SETTARGET 42E664,401278
c55runx:Cla$SORTqueuekey 42E668
c55runx:Cla$Stack2DStack 42E66C
c55runx:Cla$Stack2Ufo 42E670
c55runx:Cla$StackCLIP 42E674,401280
c55runx:Cla$StackCompareN 42E678
c55runx:Cla$StackCompareNEQ 42E67C
c55runx:Cla$StackCompareR 42E680
c55runx:Cla$StackConcat 42E684
c55runx:Cla$StackConcatR 42E688
c55runx:Cla$StackCONTENTS 42E68C,401288
c55runx:Cla$StackDEFORMAT2 42E690
c55runx:Cla$StackErrstr 42E694,401290
c55runx:Cla$StackHeap 42E698
c55runx:Cla$StackINLIST 42E69C
c55runx:Cla$StackINSTRING 42E6A0,401298
c55runx:Cla$StackLen 42E6A4,4012A0
c55runx:Cla$StackNUMERIC 42E6A8,4012A8
c55runx:Cla$STACKpop 42E6AC
c55runx:Cla$StackRotate 42E6B0
c55runx:Cla$StackSUB 42E6B4,4012B0
c55runx:Cla$StackUPPER 42E6B8,4012B8
c55runx:Cla$START 42E6BC,4012C0
c55runx:Cla$START2 42E6C0,4012C8
c55runx:Cla$StartEventLoop 42E6C4
c55runx:Cla$StashBP 42E6C8
c55runx:Cla$storecstr 42E6CC
c55runx:Cla$storedec 42E6D0
c55runx:Cla$storestr 42E6D4
c55runx:Cla$THREAD 42E6D8,4012D0
c55runx:Cla$TODAY 42E6DC,4012D8
c55runx:Cla$Ufo2Real 42E6E0
c55runx:Cla$UfoCompareN 42E6E4
c55runx:Cla$Ufodistinct 42E6E8
c55runx:Cla$UNHIDE 42E6EC,4012E0
c55runx:Cla$UNREGISTEREVENT 42E6F0,4012E8
c55runx:Cla$UPDATE 42E6F4,4012F0
c55runx:Cla$VIEW_RESETvf 42E6F8,4012F8
c55runx:Cla$VIEW_SETvl 42E6FC,401300
c55runx:Cla$WHAT 42E700,401308
c55runx:Cla$WHOqueue 42E704,401310
c55runx:VIEWDRIVER 42E708
c55runx:Wsl$CloseDown 42E70C,401318
c55runx:_exit 42E710,401320
c55runx:_free 42E714
c55runx:_longjmp 42E718
c55runx:_malloc 42E71C
c55runx:_memset 42E720
c55runx:_setjmp 42E724
c55runx:__checkversion 42E728,401328
c55runx:__sysinit 42E72C,401330
c55tpsx:TOPSPEED 42E73C
USER32.dll:SystemParametersInfoA 42E74C



Entry Point:   420BEC